Component: ARM Compiler 5.06 update 7 (build 960) Tool: armlink [4d3601]

==============================================================================

Section Cross References

    startup_stm32f4xx.o(RESET) refers to startup_stm32f4xx.o(STACK) for __initial_sp
    startup_stm32f4xx.o(RESET) refers to startup_stm32f4xx.o(.text) for Reset_Handler
    startup_stm32f4xx.o(RESET) refers to can.o(i.CAN1_TX_IRQHandler) for CAN1_TX_IRQHandler
    startup_stm32f4xx.o(RESET) refers to can.o(i.CAN1_RX0_IRQHandler) for CAN1_RX0_IRQHandler
    startup_stm32f4xx.o(RESET) refers to tim.o(i.TIM3_IRQHandler) for TIM3_IRQHandler
    startup_stm32f4xx.o(RESET) refers to referee.o(i.USART1_IRQHandler) for USART1_IRQHandler
    startup_stm32f4xx.o(RESET) refers to rc.o(i.USART2_IRQHandler) for USART2_IRQHandler
    startup_stm32f4xx.o(RESET) refers to tim.o(i.TIM5_IRQHandler) for TIM5_IRQHandler
    startup_stm32f4xx.o(RESET) refers to visual communication.o(i.UART4_IRQHandler) for UART4_IRQHandler
    startup_stm32f4xx.o(RESET) refers to usart.o(i.UART5_IRQHandler) for UART5_IRQHandler
    startup_stm32f4xx.o(RESET) refers to can.o(i.CAN2_TX_IRQHandler) for CAN2_TX_IRQHandler
    startup_stm32f4xx.o(RESET) refers to can.o(i.CAN2_RX0_IRQHandler) for CAN2_RX0_IRQHandler
    startup_stm32f4xx.o(RESET) refers to usart.o(i.USART6_IRQHandler) for USART6_IRQHandler
    startup_stm32f4xx.o(.text) refers to system_stm32f4xx.o(i.SystemInit) for SystemInit
    startup_stm32f4xx.o(.text) refers to entry.o(.ARM.Collect$$$$00000000) for __main
    main.o(i.main) refers to misc.o(i.NVIC_PriorityGroupConfig) for NVIC_PriorityGroupConfig
    main.o(i.main) refers to imu_data_decode.o(i.imu_data_decode_init) for imu_data_decode_init
    main.o(i.main) refers to usart.o(i.USART5_Config) for USART5_Config
    main.o(i.main) refers to crc.o(i.CRC_init) for CRC_init
    main.o(i.main) refers to referee.o(i.USART1_Init) for USART1_Init
    main.o(i.main) refers to pid_config.o(i.pid_parameter_setting) for pid_parameter_setting
    main.o(i.main) refers to rc.o(i.RC_Init) for RC_Init
    main.o(i.main) refers to tim.o(i.TIM5_Config) for TIM5_Config
    main.o(i.main) refers to can.o(i.CAN1_Config) for CAN1_Config
    main.o(i.main) refers to can.o(i.CAN2_Config) for CAN2_Config
    main.o(i.main) refers to tim.o(i.TIM3_Config) for TIM3_Config
    main.o(i.main) refers to usart.o(i.USART6_Config) for USART6_Config
    main.o(i.main) refers to usart.o(i.USART4_Config) for USART4_Config
    main.o(i.main) refers to visual communication.o(i.UART4_DMA_Init) for UART4_DMA_Init
    stm32f4xx_adc.o(i.ADC_DeInit) refers to stm32f4xx_rcc.o(i.RCC_APB2PeriphResetCmd) for RCC_APB2PeriphResetCmd
    stm32f4xx_can.o(i.CAN_DeInit) refers to stm32f4xx_rcc.o(i.RCC_APB1PeriphResetCmd) for RCC_APB1PeriphResetCmd
    stm32f4xx_can.o(i.CAN_GetITStatus) refers to stm32f4xx_can.o(i.CheckITStatus) for CheckITStatus
    stm32f4xx_cryp.o(i.CRYP_DeInit) refers to stm32f4xx_rcc.o(i.RCC_AHB2PeriphResetCmd) for RCC_AHB2PeriphResetCmd
    stm32f4xx_cryp_aes.o(i.CRYP_AES_CBC) refers to stm32f4xx_cryp.o(i.CRYP_KeyStructInit) for CRYP_KeyStructInit
    stm32f4xx_cryp_aes.o(i.CRYP_AES_CBC) refers to stm32f4xx_cryp.o(i.CRYP_FIFOFlush) for CRYP_FIFOFlush
    stm32f4xx_cryp_aes.o(i.CRYP_AES_CBC) refers to stm32f4xx_cryp.o(i.CRYP_Init) for CRYP_Init
    stm32f4xx_cryp_aes.o(i.CRYP_AES_CBC) refers to stm32f4xx_cryp.o(i.CRYP_KeyInit) for CRYP_KeyInit
    stm32f4xx_cryp_aes.o(i.CRYP_AES_CBC) refers to stm32f4xx_cryp.o(i.CRYP_Cmd) for CRYP_Cmd
    stm32f4xx_cryp_aes.o(i.CRYP_AES_CBC) refers to stm32f4xx_cryp.o(i.CRYP_GetFlagStatus) for CRYP_GetFlagStatus
    stm32f4xx_cryp_aes.o(i.CRYP_AES_CBC) refers to stm32f4xx_cryp.o(i.CRYP_IVInit) for CRYP_IVInit
    stm32f4xx_cryp_aes.o(i.CRYP_AES_CBC) refers to stm32f4xx_cryp.o(i.CRYP_DataIn) for CRYP_DataIn
    stm32f4xx_cryp_aes.o(i.CRYP_AES_CBC) refers to stm32f4xx_cryp.o(i.CRYP_DataOut) for CRYP_DataOut
    stm32f4xx_cryp_aes.o(i.CRYP_AES_CTR) refers to stm32f4xx_cryp.o(i.CRYP_KeyStructInit) for CRYP_KeyStructInit
    stm32f4xx_cryp_aes.o(i.CRYP_AES_CTR) refers to stm32f4xx_cryp.o(i.CRYP_KeyInit) for CRYP_KeyInit
    stm32f4xx_cryp_aes.o(i.CRYP_AES_CTR) refers to stm32f4xx_cryp.o(i.CRYP_Init) for CRYP_Init
    stm32f4xx_cryp_aes.o(i.CRYP_AES_CTR) refers to stm32f4xx_cryp.o(i.CRYP_IVInit) for CRYP_IVInit
    stm32f4xx_cryp_aes.o(i.CRYP_AES_CTR) refers to stm32f4xx_cryp.o(i.CRYP_FIFOFlush) for CRYP_FIFOFlush
    stm32f4xx_cryp_aes.o(i.CRYP_AES_CTR) refers to stm32f4xx_cryp.o(i.CRYP_Cmd) for CRYP_Cmd
    stm32f4xx_cryp_aes.o(i.CRYP_AES_CTR) refers to stm32f4xx_cryp.o(i.CRYP_DataIn) for CRYP_DataIn
    stm32f4xx_cryp_aes.o(i.CRYP_AES_CTR) refers to stm32f4xx_cryp.o(i.CRYP_GetFlagStatus) for CRYP_GetFlagStatus
    stm32f4xx_cryp_aes.o(i.CRYP_AES_CTR) refers to stm32f4xx_cryp.o(i.CRYP_DataOut) for CRYP_DataOut
    stm32f4xx_cryp_aes.o(i.CRYP_AES_ECB) refers to stm32f4xx_cryp.o(i.CRYP_KeyStructInit) for CRYP_KeyStructInit
[...]
    Removing stm32f4xx_wwdg.o(.revsh_text), (4 bytes).
    Removing stm32f4xx_wwdg.o(.rrx_text), (6 bytes).
    Removing stm32f4xx_wwdg.o(i.WWDG_ClearFlag), (12 bytes).
    Removing stm32f4xx_wwdg.o(i.WWDG_DeInit), (22 bytes).
    Removing stm32f4xx_wwdg.o(i.WWDG_Enable), (16 bytes).
    Removing stm32f4xx_wwdg.o(i.WWDG_EnableIT), (12 bytes).
    Removing stm32f4xx_wwdg.o(i.WWDG_GetFlagStatus), (20 bytes).
    Removing stm32f4xx_wwdg.o(i.WWDG_SetCounter), (16 bytes).
    Removing stm32f4xx_wwdg.o(i.WWDG_SetPrescaler), (24 bytes).
    Removing stm32f4xx_wwdg.o(i.WWDG_SetWindowValue), (40 bytes).
    Removing system_stm32f4xx.o(.rev16_text), (4 bytes).
    Removing system_stm32f4xx.o(.revsh_text), (4 bytes).
    Removing system_stm32f4xx.o(.rrx_text), (6 bytes).
    Removing system_stm32f4xx.o(i.SystemCoreClockUpdate), (192 bytes).
    Removing system_stm32f4xx.o(.data), (20 bytes).
    Removing can.o(.rev16_text), (4 bytes).
    Removing can.o(.revsh_text), (4 bytes).
    Removing can.o(.rrx_text), (6 bytes).
    Removing usart.o(.rev16_text), (4 bytes).
    Removing usart.o(.revsh_text), (4 bytes).
    Removing usart.o(.rrx_text), (6 bytes).
    Removing usart.o(i.fgetc), (32 bytes).
    Removing usart.o(i.fputc), (36 bytes).
    Removing tim.o(.rev16_text), (4 bytes).
    Removing tim.o(.revsh_text), (4 bytes).
    Removing tim.o(.rrx_text), (6 bytes).
    Removing rc.o(.rev16_text), (4 bytes).
    Removing rc.o(.revsh_text), (4 bytes).
    Removing rc.o(.rrx_text), (6 bytes).
    Removing crc.o(.rev16_text), (4 bytes).
    Removing crc.o(.revsh_text), (4 bytes).
    Removing crc.o(.rrx_text), (6 bytes).
    Removing crc.o(i.Append_CRC16_Check_Sum), (48 bytes).
    Removing crc.o(i.Append_CRC8_Check_Sum), (36 bytes).
    Removing pid.o(.rev16_text), (4 bytes).
    Removing pid.o(.revsh_text), (4 bytes).
    Removing pid.o(.rrx_text), (6 bytes).
    Removing pid.o(i.PID_CascadeCalc), (64 bytes).
    Removing pid_config.o(.rev16_text), (4 bytes).
    Removing pid_config.o(.revsh_text), (4 bytes).
    Removing pid_config.o(.rrx_text), (6 bytes).
    Removing can_receive.o(.rev16_text), (4 bytes).
    Removing can_receive.o(.revsh_text), (4 bytes).
    Removing can_receive.o(.rrx_text), (6 bytes).
    Removing can_receive.o(i.CAN2_Set_Current), (100 bytes).
    Removing can_receive.o(i.Friction_Set_Current), (88 bytes).
    Removing can_receive.o(i.Holder_Set_Current_pitch), (84 bytes).
    Removing can_receive.o(i.Holder_Set_Current_yaw), (80 bytes).
    Removing chassis_control.o(.rev16_text), (4 bytes).
    Removing chassis_control.o(.revsh_text), (4 bytes).
    Removing chassis_control.o(.rrx_text), (6 bytes).
    Removing chassis_control.o(i.Find_Y_AnglePNY), (332 bytes).
    Removing chassis_control.o(i.chassis_control), (468 bytes).
    Removing chassis_control.o(i.chassis_follow), (120 bytes).
    Removing chassis_control.o(i.chassis_gyro), (252 bytes).
    Removing chassis_control.o(i.wheel_control), (532 bytes).
    Removing chassis_control.o(.data), (64 bytes).
    Removing holder_control.o(.rev16_text), (4 bytes).
    Removing holder_control.o(.revsh_text), (4 bytes).
    Removing holder_control.o(.rrx_text), (6 bytes).
    Removing holder_control.o(i.holder_control), (492 bytes).
    Removing holder_control.o(i.visual_HolderControl), (84 bytes).
    Removing holder_control.o(.data), (12 bytes).
    Removing rifle.o(.rev16_text), (4 bytes).
    Removing rifle.o(.revsh_text), (4 bytes).
    Removing rifle.o(.rrx_text), (6 bytes).
    Removing rifle.o(i.rifle_control), (408 bytes).
    Removing rifle.o(.data), (6 bytes).
    Removing packet.o(i.Packet_AddData), (32 bytes).
    Removing packet.o(i.Packet_Begin), (28 bytes).
    Removing packet.o(i.Packet_CreatePing), (26 bytes).
    Removing packet.o(i.Packet_CreatePingAck), (94 bytes).
    Removing packet.o(i.Packet_Final), (78 bytes).
    Removing referee.o(.rev16_text), (4 bytes).
    Removing referee.o(.revsh_text), (4 bytes).
    Removing referee.o(.rrx_text), (6 bytes).
    Removing referee.o(i.BlockMuch_fifth_figure), (140 bytes).
    Removing referee.o(i.Bullet_Warning), (140 bytes).
    Removing referee.o(i.Char_Graphic), (196 bytes).
    Removing referee.o(i.Client_aim_line), (184 bytes).
    Removing referee.o(i.Client_aim_update), (156 bytes).
    Removing referee.o(i.Client_bullet_int_update), (156 bytes).
    Removing referee.o(i.Client_gimbal_angle_update), (160 bytes).
    Removing referee.o(i.Client_graphic_Info_update), (140 bytes).
    Removing referee.o(i.Client_graphic_Init), (160 bytes).
    Removing referee.o(i.Client_graphic_delete_update), (144 bytes).
    Removing referee.o(i.Client_supercapacitor_update), (160 bytes).
    Removing referee.o(i.Draw_Figure_aimline), (292 bytes).
    Removing referee.o(i.Draw_Figure_bool), (84 bytes).
    Removing referee.o(i.Draw_char), (524 bytes).
    Removing referee.o(i.EMPTY), (72 bytes).
    Removing referee.o(i.Figure_Graphic), (202 bytes).
    Removing referee.o(i.Float_Graphic), (162 bytes).
    Removing referee.o(i.Int_Graphic), (162 bytes).
    Removing referee.o(i.Judge_IF_REF_ONL), (20 bytes).
    Removing referee.o(i.Judge_IF_Refer_Normal), (4 bytes).
    Removing referee.o(i.REF_Report_CHAS_MaxPower), (12 bytes).
    Removing referee.o(i.REF_Report_CHAS_Power), (16 bytes).
    Removing referee.o(i.REF_Report_CHAS_PowerBuffer), (12 bytes).
    Removing referee.o(i.REF_Report_IF_shooter_output), (16 bytes).
    Removing referee.o(i.REF_Report_RFID_State), (20 bytes).
    Removing referee.o(i.REF_Report_RealShootSpeed), (16 bytes).
    Removing referee.o(i.REF_Report_Shoot_CoolingLimit), (12 bytes).
    Removing referee.o(i.REF_Report_Shoot_CoolingRate), (12 bytes).
    Removing referee.o(i.REF_Report_Shoot_SpeedLimit), (12 bytes).
    Removing referee.o(i.REF_Report_Shooter_Heat), (12 bytes).
    Removing referee.o(i.REF_Report_robot_ID), (12 bytes).
    Removing referee.o(i.USART1_SendChar), (32 bytes).
    Removing referee.o(i._high_aim_), (152 bytes).
    Removing referee.o(i._lowlong_aim_), (152 bytes).
    Removing referee.o(i._lowshort_aim_2), (152 bytes).
    Removing referee.o(i._lowshort_aim_3), (152 bytes).
    Removing referee.o(i._lowshortstem_aim_4), (152 bytes).
    Removing referee.o(i.aim_1), (480 bytes).
    Removing referee.o(i.aim_lowlong), (376 bytes).
    Removing referee.o(i.aim_lowshort_2), (476 bytes).
    Removing referee.o(i.aim_lowshort_3), (508 bytes).
    Removing referee.o(i.aim_lowshort_stem), (516 bytes).
    Removing referee.o(i.auto_aim_third_figure), (140 bytes).
    Removing referee.o(i.bullet_int), (124 bytes).
    Removing referee.o(i.clip_figure), (140 bytes).
    Removing referee.o(i.gimbal_angle_float), (132 bytes).
    Removing referee.o(i.shootheatlimit_fourth_figure), (140 bytes).
    Removing referee.o(i.sight_bead_figrue), (144 bytes).
    Removing referee.o(i.spin_second_figure), (136 bytes).
    Removing referee.o(i.supercapacitor_figure), (156 bytes).
    Removing robot_interaction.o(.rev16_text), (4 bytes).
    Removing robot_interaction.o(.revsh_text), (4 bytes).
    Removing robot_interaction.o(.rrx_text), (6 bytes).
    Removing robot_interaction.o(i.robot_interaction_data_acqulisition), (60 bytes).
    Removing robot_interaction.o(.bss), (10 bytes).
    Removing visual communication.o(.rev16_text), (4 bytes).
    Removing visual communication.o(.revsh_text), (4 bytes).
    Removing visual communication.o(.rrx_text), (6 bytes).
    Removing dadd.o(.text), (334 bytes).
    Removing dmul.o(.text), (228 bytes).
    Removing dneg.o(.text), (6 bytes).
    Removing f2d.o(.text), (38 bytes).
    Removing cdcmple.o(.text), (48 bytes).
    Removing d2f.o(.text), (56 bytes).
    Removing fepilogue.o(.text), (110 bytes).
    Removing depilogue.o(.text), (186 bytes).
    Removing ddiv.o(.text), (222 bytes).
    Removing dflti.o(.text), (34 bytes).
    Removing dfltui.o(.text), (26 bytes).
    Removing dfixi.o(.text), (62 bytes).

785 unused section(s) (total 41310 bytes) removed from the image.

==============================================================================

Image Symbol Table

    Local Symbols

    Symbol Name                              Value     Ov Type        Size  Object(Section)

    ../clib/../cmprslib/zerorunl2.c          0x00000000   Number         0  __dczerorl2.o ABSOLUTE
    ../clib/microlib/errno.c                 0x00000000   Number         0  errno.o ABSOLUTE
    ../clib/microlib/init/entry.s            0x00000000   Number         0  entry7a.o ABSOLUTE
    ../clib/microlib/init/entry.s            0x00000000   Number         0  entry12b.o ABSOLUTE
    ../clib/microlib/init/entry.s            0x00000000   Number         0  entry12a.o ABSOLUTE
    ../clib/microlib/init/entry.s            0x00000000   Number         0  entry.o ABSOLUTE
    ../clib/microlib/init/entry.s            0x00000000   Number         0  entry11b.o ABSOLUTE
    ../clib/microlib/init/entry.s            0x00000000   Number         0  entry11a.o ABSOLUTE
    ../clib/microlib/init/entry.s            0x00000000   Number         0  entry2.o ABSOLUTE
    ../clib/microlib/init/entry.s            0x00000000   Number         0  entry10b.o ABSOLUTE
    ../clib/microlib/init/entry.s            0x00000000   Number         0  entry10a.o ABSOLUTE
    ../clib/microlib/init/entry.s            0x00000000   Number         0  entry9b.o ABSOLUTE
    ../clib/microlib/init/entry.s            0x00000000   Number         0  entry9a.o ABSOLUTE
    ../clib/microlib/init/entry.s            0x00000000   Number         0  entry8b.o ABSOLUTE
    ../clib/microlib/init/entry.s            0x00000000   Number         0  entry8a.o ABSOLUTE
    ../clib/microlib/init/entry.s            0x00000000   Number         0  entry7b.o ABSOLUTE
    ../clib/microlib/init/entry.s            0x00000000   Number         0  entry5.o ABSOLUTE
    ../clib/microlib/longlong.c              0x00000000   Number         0  llshl.o ABSOLUTE
    ../clib/microlib/longlong.c              0x00000000   Number         0  llushr.o ABSOLUTE
    ../clib/microlib/longlong.c              0x00000000   Number         0  llsshr.o ABSOLUTE
    ../clib/microlib/string/memcpy.c         0x00000000   Number         0  memcpyb.o ABSOLUTE
    ../clib/microlib/string/memcpy.c         0x00000000   Number         0  memcpya.o ABSOLUTE
    ../clib/microlib/string/memset.c         0x00000000   Number         0  memseta.o ABSOLUTE
    ../clib/microlib/string/strlen.c         0x00000000   Number         0  strlen.o ABSOLUTE
    ../clib/microlib/stubs.s                 0x00000000   Number         0  iusefp.o ABSOLUTE
    ../fplib/microlib/d2f.c                  0x00000000   Number         0  d2f.o ABSOLUTE
    ../fplib/microlib/f2d.c                  0x00000000   Number         0  f2d.o ABSOLUTE
    ../fplib/microlib/fpadd.c                0x00000000   Number         0  dadd.o ABSOLUTE
    ../fplib/microlib/fpdiv.c                0x00000000   Number         0  ddiv.o ABSOLUTE
    ../fplib/microlib/fpepilogue.c           0x00000000   Number         0  fepilogue.o ABSOLUTE
    ../fplib/microlib/fpepilogue.c           0x00000000   Number         0  depilogue.o ABSOLUTE
    ../fplib/microlib/fpfix.c                0x00000000   Number         0  dfixi.o ABSOLUTE
    ../fplib/microlib/fpflt.c                0x00000000   Number         0  dflti.o ABSOLUTE
    ../fplib/microlib/fpflt.c                0x00000000   Number         0  dfltui.o ABSOLUTE
    ../fplib/microlib/fpmul.c                0x00000000   Number         0  dmul.o ABSOLUTE
    ../fplib/microlib/fpneg.c                0x00000000   Number         0  dneg.o ABSOLUTE
    ../mathlib/cos.c                         0x00000000   Number         0  cos_x.o ABSOLUTE
    ../mathlib/cos.c                         0x00000000   Number         0  cos.o ABSOLUTE
    ../mathlib/cos_i.c                       0x00000000   Number         0  cos_i.o ABSOLUTE
    ../mathlib/dunder.c                      0x00000000   Number         0  dunder.o ABSOLUTE
    ../mathlib/fabs.c                        0x00000000   Number         0  fabs.o ABSOLUTE
    ../mathlib/fpclassify.c                  0x00000000   Number         0  fpclassify.o ABSOLUTE
    ../mathlib/poly.c                        0x00000000   Number         0  poly.o ABSOLUTE
    ../mathlib/rred.c                        0x00000000   Number         0  rred.o ABSOLUTE
    ../mathlib/sin.c                         0x00000000   Number         0  sin_x.o ABSOLUTE
    ../mathlib/sin.c                         0x00000000   Number         0  sin.o ABSOLUTE
    ../mathlib/sin_i.c                       0x00000000   Number         0  sin_i.o ABSOLUTE
    ../mathlib/sin_i.c                       0x00000000   Number         0  sin_i_x.o ABSOLUTE
    cdcmple.s                                0x00000000   Number         0  cdcmple.o ABSOLUTE
    dc.s                                     0x00000000   Number         0  dc.o ABSOLUTE
    drivers\\app\\can_receive\\can_receive.c 0x00000000   Number         0  can_receive.o ABSOLUTE
    drivers\\app\\chassis_control\\chassis_control.c 0x00000000   Number         0  chassis_control.o ABSOLUTE
    drivers\\app\\holder_control\\holder_control.c 0x00000000   Number         0  holder_control.o ABSOLUTE
    drivers\\app\\pid\\pid.c                 0x00000000   Number         0  pid.o ABSOLUTE
    drivers\\app\\pid\\pid_config.c          0x00000000   Number         0  pid_config.o ABSOLUTE
    drivers\\app\\rifle\\rifle.c             0x00000000   Number         0  rifle.o ABSOLUTE
    drivers\\hardware\\can\\can.c            0x00000000   Number         0  can.o ABSOLUTE
    drivers\\hardware\\crc\\crc.c            0x00000000   Number         0  crc.o ABSOLUTE
    drivers\\hardware\\rc\\rc.c              0x00000000   Number         0  rc.o ABSOLUTE
    drivers\\hardware\\tim\\tim.c            0x00000000   Number         0  tim.o ABSOLUTE
    drivers\\hardware\\usart\\usart.c        0x00000000   Number         0  usart.o ABSOLUTE
    drivers\\main.c                          0x00000000   Number         0  main.o ABSOLUTE
    drivers\\referee\\referee.c              0x00000000   Number         0  referee.o ABSOLUTE
    drivers\\referee\\robot_interaction.c    0x00000000   Number         0  robot_interaction.o ABSOLUTE
    drivers\\visual\\visual communication\\visual communication.c 0x00000000   Number         0  visual communication.o ABSOLUTE
    drivers\app\can_receive\can_receive.c    0x00000000   Number         0  can_receive.o ABSOLUTE
    drivers\app\chassis_control\chassis_control.c 0x00000000   Number         0  chassis_control.o ABSOLUTE
    drivers\app\holder_control\holder_control.c 0x00000000   Number         0  holder_control.o ABSOLUTE
    drivers\app\pid\pid.c                    0x00000000   Number         0  pid.o ABSOLUTE
    drivers\app\pid\pid_config.c             0x00000000   Number         0  pid_config.o ABSOLUTE
    drivers\app\rifle\rifle.c                0x00000000   Number         0  rifle.o ABSOLUTE
    drivers\gyro\imu_data_decode.c           0x00000000   Number         0  imu_data_decode.o ABSOLUTE
    drivers\gyro\packet.c                    0x00000000   Number         0  packet.o ABSOLUTE
    drivers\hardware\can\can.c               0x00000000   Number         0  can.o ABSOLUTE
    drivers\hardware\crc\crc.c               0x00000000   Number         0  crc.o ABSOLUTE
    drivers\hardware\rc\rc.c                 0x00000000   Number         0  rc.o ABSOLUTE
    drivers\hardware\tim\tim.c               0x00000000   Number         0  tim.o ABSOLUTE
    drivers\hardware\usart\usart.c           0x00000000   Number         0  usart.o ABSOLUTE
    drivers\main.c                           0x00000000   Number         0  main.o ABSOLUTE
    drivers\referee\referee.c                0x00000000   Number         0  referee.o ABSOLUTE
    drivers\referee\robot_interaction.c      0x00000000   Number         0  robot_interaction.o ABSOLUTE
    drivers\visual\visual communication\visual communication.c 0x00000000   Number         0  visual communication.o ABSOLUTE
    handlers.s                               0x00000000   Number         0  handlers.o ABSOLUTE
    init.s                                   0x00000000   Number         0  init.o ABSOLUTE
    libraries\\src\\misc.c                   0x00000000   Number         0  misc.o ABSOLUTE
    libraries\\src\\stm32f4xx_adc.c          0x00000000   Number         0  stm32f4xx_adc.o ABSOLUTE
    libraries\\src\\stm32f4xx_can.c          0x00000000   Number         0  stm32f4xx_can.o ABSOLUTE
    libraries\\src\\stm32f4xx_crc.c          0x00000000   Number         0  stm32f4xx_crc.o ABSOLUTE
    libraries\\src\\stm32f4xx_cryp.c         0x00000000   Number         0  stm32f4xx_cryp.o ABSOLUTE
    libraries\\src\\stm32f4xx_cryp_aes.c     0x00000000   Number         0  stm32f4xx_cryp_aes.o ABSOLUTE
    libraries\\src\\stm32f4xx_cryp_des.c     0x00000000   Number         0  stm32f4xx_cryp_des.o ABSOLUTE
    libraries\\src\\stm32f4xx_cryp_tdes.c    0x00000000   Number         0  stm32f4xx_cryp_tdes.o ABSOLUTE
    libraries\\src\\stm32f4xx_dac.c          0x00000000   Number         0  stm32f4xx_dac.o ABSOLUTE
    libraries\\src\\stm32f4xx_dbgmcu.c       0x00000000   Number         0  stm32f4xx_dbgmcu.o ABSOLUTE
    libraries\\src\\stm32f4xx_dcmi.c         0x00000000   Number         0  stm32f4xx_dcmi.o ABSOLUTE
    libraries\\src\\stm32f4xx_dma.c          0x00000000   Number         0  stm32f4xx_dma.o ABSOLUTE
    libraries\\src\\stm32f4xx_exti.c         0x00000000   Number         0  stm32f4xx_exti.o ABSOLUTE
    libraries\\src\\stm32f4xx_flash.c        0x00000000   Number         0  stm32f4xx_flash.o ABSOLUTE
    libraries\\src\\stm32f4xx_fsmc.c         0x00000000   Number         0  stm32f4xx_fsmc.o ABSOLUTE
    libraries\\src\\stm32f4xx_gpio.c         0x00000000   Number         0  stm32f4xx_gpio.o ABSOLUTE
    libraries\\src\\stm32f4xx_hash.c         0x00000000   Number         0  stm32f4xx_hash.o ABSOLUTE
    libraries\\src\\stm32f4xx_hash_md5.c     0x00000000   Number         0  stm32f4xx_hash_md5.o ABSOLUTE
    libraries\\src\\stm32f4xx_hash_sha1.c    0x00000000   Number         0  stm32f4xx_hash_sha1.o ABSOLUTE
    libraries\\src\\stm32f4xx_i2c.c          0x00000000   Number         0  stm32f4xx_i2c.o ABSOLUTE
    libraries\\src\\stm32f4xx_iwdg.c         0x00000000   Number         0  stm32f4xx_iwdg.o ABSOLUTE
    libraries\\src\\stm32f4xx_pwr.c          0x00000000   Number         0  stm32f4xx_pwr.o ABSOLUTE
    libraries\\src\\stm32f4xx_rcc.c          0x00000000   Number         0  stm32f4xx_rcc.o ABSOLUTE
    libraries\\src\\stm32f4xx_rng.c          0x00000000   Number         0  stm32f4xx_rng.o ABSOLUTE
    libraries\\src\\stm32f4xx_rtc.c          0x00000000   Number         0  stm32f4xx_rtc.o ABSOLUTE
    libraries\\src\\stm32f4xx_sdio.c         0x00000000   Number         0  stm32f4xx_sdio.o ABSOLUTE
    libraries\\src\\stm32f4xx_spi.c          0x00000000   Number         0  stm32f4xx_spi.o ABSOLUTE
    libraries\\src\\stm32f4xx_syscfg.c       0x00000000   Number         0  stm32f4xx_syscfg.o ABSOLUTE
    libraries\\src\\stm32f4xx_tim.c          0x00000000   Number         0  stm32f4xx_tim.o ABSOLUTE
    libraries\\src\\stm32f4xx_usart.c        0x00000000   Number         0  stm32f4xx_usart.o ABSOLUTE
    libraries\\src\\stm32f4xx_wwdg.c         0x00000000   Number         0  stm32f4xx_wwdg.o ABSOLUTE
    libraries\\src\\system_stm32f4xx.c       0x00000000   Number         0  system_stm32f4xx.o ABSOLUTE
    libraries\src\misc.c                     0x00000000   Number         0  misc.o ABSOLUTE
    libraries\src\stm32f4xx_adc.c            0x00000000   Number         0  stm32f4xx_adc.o ABSOLUTE
    libraries\src\stm32f4xx_can.c            0x00000000   Number         0  stm32f4xx_can.o ABSOLUTE
    libraries\src\stm32f4xx_crc.c            0x00000000   Number         0  stm32f4xx_crc.o ABSOLUTE
    libraries\src\stm32f4xx_cryp.c           0x00000000   Number         0  stm32f4xx_cryp.o ABSOLUTE
    libraries\src\stm32f4xx_cryp_aes.c       0x00000000   Number         0  stm32f4xx_cryp_aes.o ABSOLUTE
    libraries\src\stm32f4xx_cryp_des.c       0x00000000   Number         0  stm32f4xx_cryp_des.o ABSOLUTE
    libraries\src\stm32f4xx_cryp_tdes.c      0x00000000   Number         0  stm32f4xx_cryp_tdes.o ABSOLUTE
    libraries\src\stm32f4xx_dac.c            0x00000000   Number         0  stm32f4xx_dac.o ABSOLUTE
    libraries\src\stm32f4xx_dbgmcu.c         0x00000000   Number         0  stm32f4xx_dbgmcu.o ABSOLUTE
    libraries\src\stm32f4xx_dcmi.c           0x00000000   Number         0  stm32f4xx_dcmi.o ABSOLUTE
    libraries\src\stm32f4xx_dma.c            0x00000000   Number         0  stm32f4xx_dma.o ABSOLUTE
    libraries\src\stm32f4xx_exti.c           0x00000000   Number         0  stm32f4xx_exti.o ABSOLUTE
    libraries\src\stm32f4xx_flash.c          0x00000000   Number         0  stm32f4xx_flash.o ABSOLUTE
    libraries\src\stm32f4xx_fsmc.c           0x00000000   Number         0  stm32f4xx_fsmc.o ABSOLUTE
    libraries\src\stm32f4xx_gpio.c           0x00000000   Number         0  stm32f4xx_gpio.o ABSOLUTE
    libraries\src\stm32f4xx_hash.c           0x00000000   Number         0  stm32f4xx_hash.o ABSOLUTE
    libraries\src\stm32f4xx_hash_md5.c       0x00000000   Number         0  stm32f4xx_hash_md5.o ABSOLUTE
    libraries\src\stm32f4xx_hash_sha1.c      0x00000000   Number         0  stm32f4xx_hash_sha1.o ABSOLUTE
    libraries\src\stm32f4xx_i2c.c            0x00000000   Number         0  stm32f4xx_i2c.o ABSOLUTE
    libraries\src\stm32f4xx_iwdg.c           0x00000000   Number         0  stm32f4xx_iwdg.o ABSOLUTE
    libraries\src\stm32f4xx_pwr.c            0x00000000   Number         0  stm32f4xx_pwr.o ABSOLUTE
    libraries\src\stm32f4xx_rcc.c            0x00000000   Number         0  stm32f4xx_rcc.o ABSOLUTE
    libraries\src\stm32f4xx_rng.c            0x00000000   Number         0  stm32f4xx_rng.o ABSOLUTE
    libraries\src\stm32f4xx_rtc.c            0x00000000   Number         0  stm32f4xx_rtc.o ABSOLUTE
    libraries\src\stm32f4xx_sdio.c           0x00000000   Number         0  stm32f4xx_sdio.o ABSOLUTE
    libraries\src\stm32f4xx_spi.c            0x00000000   Number         0  stm32f4xx_spi.o ABSOLUTE
    libraries\src\stm32f4xx_syscfg.c         0x00000000   Number         0  stm32f4xx_syscfg.o ABSOLUTE
    libraries\src\stm32f4xx_tim.c            0x00000000   Number         0  stm32f4xx_tim.o ABSOLUTE
    libraries\src\stm32f4xx_usart.c          0x00000000   Number         0  stm32f4xx_usart.o ABSOLUTE
    libraries\src\stm32f4xx_wwdg.c           0x00000000   Number         0  stm32f4xx_wwdg.o ABSOLUTE
    libraries\src\system_stm32f4xx.c         0x00000000   Number         0  system_stm32f4xx.o ABSOLUTE
    startup\startup_stm32f4xx.s              0x00000000   Number         0  startup_stm32f4xx.o ABSOLUTE
    RESET                                    0x08000000   Section      392  startup_stm32f4xx.o(RESET)
    .ARM.Collect$$$$00000000                 0x08000188   Section        0  entry.o(.ARM.Collect$$$$00000000)
    .ARM.Collect$$$$00000001                 0x08000188   Section        4  entry2.o(.ARM.Collect$$$$00000001)
    .ARM.Collect$$$$00000004                 0x0800018c   Section        4  entry5.o(.ARM.Collect$$$$00000004)
    .ARM.Collect$$$$00000008                 0x08000190   Section        0  entry7b.o(.ARM.Collect$$$$00000008)
    .ARM.Collect$$$$0000000A                 0x08000190   Section        0  entry8b.o(.ARM.Collect$$$$0000000A)
    .ARM.Collect$$$$0000000B                 0x08000190   Section        8  entry9a.o(.ARM.Collect$$$$0000000B)
    .ARM.Collect$$$$0000000E                 0x08000198   Section        4  entry12b.o(.ARM.Collect$$$$0000000E)
    .ARM.Collect$$$$0000000F                 0x0800019c   Section        0  entry10a.o(.ARM.Collect$$$$0000000F)
    .ARM.Collect$$$$00000011                 0x0800019c   Section        0  entry11a.o(.ARM.Collect$$$$00000011)
    .ARM.Collect$$$$00002712                 0x0800019c   Section        4  entry2.o(.ARM.Collect$$$$00002712)
    __lit__00000000                          0x0800019c   Data           4  entry2.o(.ARM.Collect$$$$00002712)
    .text                                    0x080001a0   Section       36  startup_stm32f4xx.o(.text)
    $v0                                      0x080001a0   Number         0  startup_stm32f4xx.o(.text)
    .text                                    0x080001c4   Section        0  memcpya.o(.text)
    .text                                    0x080001e8   Section        0  memseta.o(.text)
    .text                                    0x0800020c   Section       36  init.o(.text)
    .text                                    0x08000230   Section        0  __dczerorl2.o(.text)
    i.CAN1_Config                            0x08000288   Section        0  can.o(i.CAN1_Config)
    i.CAN1_RX0_IRQHandler                    0x080003c0   Section        0  can.o(i.CAN1_RX0_IRQHandler)
    i.CAN1_TX_IRQHandler                     0x080003f0   Section        0  can.o(i.CAN1_TX_IRQHandler)
    i.CAN2_Config                            0x0800040c   Section        0  can.o(i.CAN2_Config)
    i.CAN2_RX0_IRQHandler                    0x08000548   Section        0  can.o(i.CAN2_RX0_IRQHandler)
    i.CAN2_TX_IRQHandler                     0x0800057c   Section        0  can.o(i.CAN2_TX_IRQHandler)
    i.CAN_ClearITPendingBit                  0x08000598   Section        0  stm32f4xx_can.o(i.CAN_ClearITPendingBit)
    i.CAN_DeInit                             0x08000640   Section        0  stm32f4xx_can.o(i.CAN_DeInit)
    i.CAN_FilterInit                         0x08000678   Section        0  stm32f4xx_can.o(i.CAN_FilterInit)
    i.CAN_GetITStatus                        0x08000780   Section        0  stm32f4xx_can.o(i.CAN_GetITStatus)
    i.CAN_ITConfig                           0x080008a0   Section        0  stm32f4xx_can.o(i.CAN_ITConfig)
    i.CAN_Init                               0x080008b2   Section        0  stm32f4xx_can.o(i.CAN_Init)
    i.CAN_Receive                            0x080009c6   Section        0  stm32f4xx_can.o(i.CAN_Receive)
    i.CAN_StructInit                         0x08000ab6   Section        0  stm32f4xx_can.o(i.CAN_StructInit)
    i.CAN_Transmit                           0x08000ad6   Section        0  stm32f4xx_can.o(i.CAN_Transmit)
    i.CRC_init                               0x08000bfc   Section        0  crc.o(i.CRC_init)
    i.CheckITStatus                          0x08000c08   Section        0  stm32f4xx_can.o(i.CheckITStatus)
    CheckITStatus                            0x08000c09   Thumb Code    18  stm32f4xx_can.o(i.CheckITStatus)
    i.DMA_ClearFlag                          0x08000c1c   Section        0  stm32f4xx_dma.o(i.DMA_ClearFlag)
    i.DMA_Cmd                                0x08000c50   Section        0  stm32f4xx_dma.o(i.DMA_Cmd)
    i.DMA_DeInit                             0x08000c68   Section        0  stm32f4xx_dma.o(i.DMA_DeInit)
    i.DMA_DoubleBufferModeCmd                0x08000dc0   Section        0  stm32f4xx_dma.o(i.DMA_DoubleBufferModeCmd)
    i.DMA_DoubleBufferModeConfig             0x08000dd6   Section        0  stm32f4xx_dma.o(i.DMA_DoubleBufferModeConfig)
    i.DMA_GetCurrDataCounter                 0x08000dee   Section        0  stm32f4xx_dma.o(i.DMA_GetCurrDataCounter)
    i.DMA_GetCurrentMemoryTarget             0x08000df6   Section        0  stm32f4xx_dma.o(i.DMA_GetCurrentMemoryTarget)
    i.DMA_Init                               0x08000e0c   Section        0  stm32f4xx_dma.o(i.DMA_Init)
    i.DMA_SetCurrDataCounter                 0x08000e64   Section        0  stm32f4xx_dma.o(i.DMA_SetCurrDataCounter)
    i.Determine_ID                           0x08000e68   Section        0  referee.o(i.Determine_ID)
    i.Dial_ReadData                          0x0800103c   Section        0  can_receive.o(i.Dial_ReadData)
    i.DoublePid_Config                       0x080010e0   Section        0  pid.o(i.DoublePid_Config)
    i.Friction_ReadData                      0x0800121c   Section        0  can_receive.o(i.Friction_ReadData)
    i.GET_MODOR_DATA                         0x08001350   Section        0  can_receive.o(i.GET_MODOR_DATA)
    i.GPIO_Init                              0x080013cc   Section        0  stm32f4xx_gpio.o(i.GPIO_Init)
    i.GPIO_PinAFConfig                       0x0800145c   Section        0  stm32f4xx_gpio.o(i.GPIO_PinAFConfig)
    i.Get_CRC16_Check_Sum                    0x080014a4   Section        0  crc.o(i.Get_CRC16_Check_Sum)
    i.Get_CRC8_Check_Sum                     0x080014d8   Section        0  crc.o(i.Get_CRC8_Check_Sum)
    i.Holder_ReaData_pitch                   0x080014fc   Section        0  can_receive.o(i.Holder_ReaData_pitch)
    i.Holder_ReaData_yaw                     0x08001558   Section        0  can_receive.o(i.Holder_ReaData_yaw)
    i.Judege_read_data                       0x080015dc   Section        0  referee.o(i.Judege_read_data)
    i.Motor_ReadData                         0x08001820   Section        0  can_receive.o(i.Motor_ReadData)
    i.Motor_Set_Current                      0x08001ad4   Section        0  can_receive.o(i.Motor_Set_Current)
    i.NVIC_Init                              0x08001b34   Section        0  misc.o(i.NVIC_Init)
    i.NVIC_PriorityGroupConfig               0x08001bac   Section        0  misc.o(i.NVIC_PriorityGroupConfig)
    i.OnDataReceived                         0x08001bc0   Section        0  imu_data_decode.o(i.OnDataReceived)
    OnDataReceived                           0x08001bc1   Thumb Code   350  imu_data_decode.o(i.OnDataReceived)
    i.Packet_Decode                          0x08001d3c   Section        0  packet.o(i.Packet_Decode)
    i.Packet_DecodeInit                      0x08001ee0   Section        0  packet.o(i.Packet_DecodeInit)
    i.Pid_config                             0x08001f00   Section        0  pid.o(i.Pid_config)
    i.Pid_config_dial                        0x08001f74   Section        0  pid.o(i.Pid_config_dial)
    i.Pid_config_follow                      0x08001fe8   Section        0  pid.o(i.Pid_config_follow)
    i.Pid_config_friction                    0x08002060   Section        0  pid.o(i.Pid_config_friction)
    i.RCC_AHB1PeriphClockCmd                 0x080020d4   Section        0  stm32f4xx_rcc.o(i.RCC_AHB1PeriphClockCmd)
    i.RCC_APB1PeriphClockCmd                 0x080020f4   Section        0  stm32f4xx_rcc.o(i.RCC_APB1PeriphClockCmd)
    i.RCC_APB1PeriphResetCmd                 0x08002114   Section        0  stm32f4xx_rcc.o(i.RCC_APB1PeriphResetCmd)
    i.RCC_APB2PeriphClockCmd                 0x08002134   Section        0  stm32f4xx_rcc.o(i.RCC_APB2PeriphClockCmd)
    i.RCC_APB2PeriphResetCmd                 0x08002154   Section        0  stm32f4xx_rcc.o(i.RCC_APB2PeriphResetCmd)
    i.RCC_GetClocksFreq                      0x08002174   Section        0  stm32f4xx_rcc.o(i.RCC_GetClocksFreq)
    i.RC_Init                                0x0800225c   Section        0  rc.o(i.RC_Init)
    i.RemoteDataProcess                      0x08002398   Section        0  rc.o(i.RemoteDataProcess)
    i.SetSysClock                            0x08002488   Section        0  system_stm32f4xx.o(i.SetSysClock)
    SetSysClock                              0x08002489   Thumb Code   220  system_stm32f4xx.o(i.SetSysClock)
    i.SystemInit                             0x08002574   Section        0  system_stm32f4xx.o(i.SystemInit)
    i.TIM3_Config                            0x080025dc   Section        0  tim.o(i.TIM3_Config)
    i.TIM3_IRQHandler                        0x08002644   Section        0  tim.o(i.TIM3_IRQHandler)
    i.TIM5_Config                            0x080026c0   Section        0  tim.o(i.TIM5_Config)
    i.TIM5_IRQHandler                        0x08002730   Section        0  tim.o(i.TIM5_IRQHandler)
    i.TIM_ClearFlag                          0x080027c0   Section        0  stm32f4xx_tim.o(i.TIM_ClearFlag)
    i.TIM_ClearITPendingBit                  0x080027c6   Section        0  stm32f4xx_tim.o(i.TIM_ClearITPendingBit)
    i.TIM_Cmd                                0x080027cc   Section        0  stm32f4xx_tim.o(i.TIM_Cmd)
    i.TIM_GetITStatus                        0x080027e4   Section        0  stm32f4xx_tim.o(i.TIM_GetITStatus)
    i.TIM_ITConfig                           0x08002806   Section        0  stm32f4xx_tim.o(i.TIM_ITConfig)
    i.TIM_TimeBaseInit                       0x08002818   Section        0  stm32f4xx_tim.o(i.TIM_TimeBaseInit)
    i.UART4_DMA_Init                         0x0800289c   Section        0  visual communication.o(i.UART4_DMA_Init)
    i.UART4_IRQHandler                       0x08002928   Section        0  visual communication.o(i.UART4_IRQHandler)
    i.UART5_IRQHandler                       0x08002988   Section        0  usart.o(i.UART5_IRQHandler)
    i.USART1_DMA_Init                        0x080029b8   Section        0  referee.o(i.USART1_DMA_Init)
    i.USART1_IRQHandler                      0x08002a28   Section        0  referee.o(i.USART1_IRQHandler)
    i.USART1_Init                            0x08002a98   Section        0  referee.o(i.USART1_Init)
    i.USART2_IRQHandler                      0x08002b7c   Section        0  rc.o(i.USART2_IRQHandler)
    i.USART4_Config                          0x08002c0c   Section        0  usart.o(i.USART4_Config)
    i.USART5_Config                          0x08002cd0   Section        0  usart.o(i.USART5_Config)
    i.USART6_Config                          0x08002d9c   Section        0  usart.o(i.USART6_Config)
    i.USART6_IRQHandler                      0x08002e64   Section        0  usart.o(i.USART6_IRQHandler)
    i.USART_Cmd                              0x08002e80   Section        0  stm32f4xx_usart.o(i.USART_Cmd)
    i.USART_DMACmd                           0x08002e98   Section        0  stm32f4xx_usart.o(i.USART_DMACmd)
    i.USART_DeInit                           0x08002eac   Section        0  stm32f4xx_usart.o(i.USART_DeInit)
    i.USART_GetFlagStatus                    0x08002f60   Section        0  stm32f4xx_usart.o(i.USART_GetFlagStatus)
    i.USART_GetITStatus                      0x08002f7a   Section        0  stm32f4xx_usart.o(i.USART_GetITStatus)
    i.USART_ITConfig                         0x08002fce   Section        0  stm32f4xx_usart.o(i.USART_ITConfig)
    i.USART_Init                             0x08003018   Section        0  stm32f4xx_usart.o(i.USART_Init)
    i.USART_ReceiveData                      0x080030ec   Section        0  stm32f4xx_usart.o(i.USART_ReceiveData)
    i.USART_SendData                         0x080030f6   Section        0  stm32f4xx_usart.o(i.USART_SendData)
    i.Verify_CRC16_Check_Sum                 0x08003100   Section        0  crc.o(i.Verify_CRC16_Check_Sum)
    i.Verify_CRC8_Check_Sum                  0x08003140   Section        0  crc.o(i.Verify_CRC8_Check_Sum)
    i.__scatterload_copy                     0x0800316e   Section       14  handlers.o(i.__scatterload_copy)
    i.__scatterload_null                     0x0800317c   Section        2  handlers.o(i.__scatterload_null)
    i.__scatterload_zeroinit                 0x0800317e   Section       14  handlers.o(i.__scatterload_zeroinit)
    i.crc16_update                           0x0800318c   Section        0  packet.o(i.crc16_update)
    crc16_update                             0x0800318d   Thumb Code    60  packet.o(i.crc16_update)
    i.get_eular                              0x080031c8   Section        0  imu_data_decode.o(i.get_eular)
    i.get_id                                 0x080031dc   Section        0  imu_data_decode.o(i.get_id)
    i.get_moto_offset                        0x080031ec   Section        0  can_receive.o(i.get_moto_offset)
    i.get_quat                               0x08003204   Section        0  imu_data_decode.o(i.get_quat)
    i.get_raw_acc                            0x08003218   Section        0  imu_data_decode.o(i.get_raw_acc)
    i.get_raw_gyo                            0x0800322c   Section        0  imu_data_decode.o(i.get_raw_gyo)
    i.get_raw_mag                            0x08003240   Section        0  imu_data_decode.o(i.get_raw_mag)
    i.get_total_angle                        0x08003254   Section        0  can_receive.o(i.get_total_angle)
    i.imu_data_decode_init                   0x080032ac   Section        0  imu_data_decode.o(i.imu_data_decode_init)
    i.main                                   0x080032c4   Section        0  main.o(i.main)
    i.offline_contrl_judge                   0x08003304   Section        0  rc.o(i.offline_contrl_judge)
    i.pid_calculate                          0x08003334   Section        0  pid.o(i.pid_calculate)
    i.pid_parameter_setting                  0x080034b4   Section        0  pid_config.o(i.pid_parameter_setting)
    i.sent_string                            0x080035a8   Section        0  usart.o(i.sent_string)
    i.visual_receive                         0x08003610   Section        0  visual communication.o(i.visual_receive)
    i.visual_sent                            0x080036d4   Section        0  visual communication.o(i.visual_sent)
    i.zero_drift_judge                       0x08003718   Section        0  rc.o(i.zero_drift_judge)
    .constdata                               0x080037a0   Section      770  crc.o(.constdata)
    .data                                    0x20000000   Section       16  stm32f4xx_rcc.o(.data)
    APBAHBPrescTable                         0x20000000   Data          16  stm32f4xx_rcc.o(.data)
    .data                                    0x20000010   Section        1  usart.o(.data)
    .data                                    0x20000014   Section       28  tim.o(.data)
    .data                                    0x20000030   Section       12  rc.o(.data)
    .data                                    0x2000003c   Section        2  crc.o(.data)
    .data                                    0x2000003e   Section       19  imu_data_decode.o(.data)
    acc                                      0x2000003e   Data           6  imu_data_decode.o(.data)
    gyo                                      0x20000044   Data           6  imu_data_decode.o(.data)
    mag                                      0x2000004a   Data           6  imu_data_decode.o(.data)
    id                                       0x20000050   Data           1  imu_data_decode.o(.data)
    .data                                    0x20000054   Section       17  packet.o(.data)
    EventHandler                             0x20000054   Data           4  packet.o(.data)
    RxPkt                                    0x20000058   Data           4  packet.o(.data)
    CRCReceived                              0x2000005c   Data           2  packet.o(.data)
    CRCCalculated                            0x2000005e   Data           2  packet.o(.data)
    status                                   0x20000060   Data           1  packet.o(.data)
    crc_header                               0x20000061   Data           4  packet.o(.data)
    .data                                    0x20000068   Section      344  referee.o(.data)
    .data                                    0x200001c0   Section       10  visual communication.o(.data)
    .bss                                     0x200001cc   Section       44  tim.o(.bss)
    .bss                                     0x200001f8   Section       56  rc.o(.bss)
    .bss                                     0x20000230   Section      872  pid.o(.bss)
    .bss                                     0x20000598   Section      388  can_receive.o(.bss)
    .bss                                     0x2000071c   Section      168  imu_data_decode.o(.bss)
    RxPkt                                    0x2000071c   Data         140  imu_data_decode.o(.bss)
    eular                                    0x200007a8   Data          12  imu_data_decode.o(.bss)
    quat                                     0x200007b4   Data          16  imu_data_decode.o(.bss)
    .bss                                     0x200007c4   Section     2020  referee.o(.bss)
    .bss                                     0x20000fa8   Section       12  visual communication.o(.bss)
    STACK                                    0x20000fb8   Section     3840  startup_stm32f4xx.o(STACK)

    Global Symbols

    Symbol Name                              Value     Ov Type        Size  Object(Section)

    BuildAttributes$$THM_ISAv4$E$P$D$K$B$S$7EM$VFPi3$EXTD16$VFPS$VFMA$PE$A:L22UL41UL21$X:L11$S22US41US21$IEEE1$IW$USESV6$~STKCKD$USESV7$~SHL$OTIME$ROPI$IEEEX$EBA8$MICROLIB$REQ8$PRES8$EABIv2 0x00000000   Number         0  anon$$obj.o ABSOLUTE
    __ARM_use_no_argv                        0x00000000   Number         0  main.o ABSOLUTE
    __arm_fini_                               - Undefined Weak Reference
    __cpp_initialize__aeabi_                  - Undefined Weak Reference
    __cxa_finalize                            - Undefined Weak Reference
    _clock_init                               - Undefined Weak Reference
    _microlib_exit                            - Undefined Weak Reference
    __Vectors_Size                           0x00000188   Number         0  startup_stm32f4xx.o ABSOLUTE
    __Vectors                                0x08000000   Data           4  startup_stm32f4xx.o(RESET)
    __Vectors_End                            0x08000188   Data           0  startup_stm32f4xx.o(RESET)
    __main                                   0x08000189   Thumb Code     0  entry.o(.ARM.Collect$$$$00000000)
    _main_stk                                0x08000189   Thumb Code     0  entry2.o(.ARM.Collect$$$$00000001)
    _main_scatterload                        0x0800018d   Thumb Code     0  entry5.o(.ARM.Collect$$$$00000004)
    __main_after_scatterload                 0x08000191   Thumb Code     0  entry5.o(.ARM.Collect$$$$00000004)
    _main_clock                              0x08000191   Thumb Code     0  entry7b.o(.ARM.Collect$$$$00000008)
    _main_cpp_init                           0x08000191   Thumb Code     0  entry8b.o(.ARM.Collect$$$$0000000A)
    _main_init                               0x08000191   Thumb Code     0  entry9a.o(.ARM.Collect$$$$0000000B)
    __rt_lib_shutdown_fini                   0x08000199   Thumb Code     0  entry12b.o(.ARM.Collect$$$$0000000E)
    __rt_final_cpp                           0x0800019d   Thumb Code     0  entry10a.o(.ARM.Collect$$$$0000000F)
    __rt_final_exit                          0x0800019d   Thumb Code     0  entry11a.o(.ARM.Collect$$$$00000011)
    Reset_Handler                            0x080001a1   Thumb Code     8  startup_stm32f4xx.o(.text)
    NMI_Handler                              0x080001a9   Thumb Code     2  startup_stm32f4xx.o(.text)
    HardFault_Handler                        0x080001ab   Thumb Code     2  startup_stm32f4xx.o(.text)
    MemManage_Handler                        0x080001ad   Thumb Code     2  startup_stm32f4xx.o(.text)
    BusFault_Handler                         0x080001af   Thumb Code     2  startup_stm32f4xx.o(.text)
    UsageFault_Handler                       0x080001b1   Thumb Code     2  startup_stm32f4xx.o(.text)
    SVC_Handler                              0x080001b3   Thumb Code     2  startup_stm32f4xx.o(.text)
    DebugMon_Handler                         0x080001b5   Thumb Code     2  startup_stm32f4xx.o(.text)
    PendSV_Handler                           0x080001b7   Thumb Code     2  startup_stm32f4xx.o(.text)
    SysTick_Handler                          0x080001b9   Thumb Code     2  startup_stm32f4xx.o(.text)
    ADC_IRQHandler                           0x080001bb   Thumb Code     0  startup_stm32f4xx.o(.text)
    CAN1_RX1_IRQHandler                      0x080001bb   Thumb Code     0  startup_stm32f4xx.o(.text)
    CAN1_SCE_IRQHandler                      0x080001bb   Thumb Code     0  startup_stm32f4xx.o(.text)
    CAN2_RX1_IRQHandler                      0x080001bb   Thumb Code     0  startup_stm32f4xx.o(.text)
    CAN2_SCE_IRQHandler                      0x080001bb   Thumb Code     0  startup_stm32f4xx.o(.text)
    CRYP_IRQHandler                          0x080001bb   Thumb Code     0  startup_stm32f4xx.o(.text)
    DCMI_IRQHandler                          0x080001bb   Thumb Code     0  startup_stm32f4xx.o(.text)
    DMA1_Stream0_IRQHandler                  0x080001bb   Thumb Code     0  startup_stm32f4xx.o(.text)
    DMA1_Stream1_IRQHandler                  0x080001bb   Thumb Code     0  startup_stm32f4xx.o(.text)
    DMA1_Stream2_IRQHandler                  0x080001bb   Thumb Code     0  startup_stm32f4xx.o(.text)
    DMA1_Stream3_IRQHandler                  0x080001bb   Thumb Code     0  startup_stm32f4xx.o(.text)
    DMA1_Stream4_IRQHandler                  0x080001bb   Thumb Code     0  startup_stm32f4xx.o(.text)
    DMA1_Stream5_IRQHandler                  0x080001bb   Thumb Code     0  startup_stm32f4xx.o(.text)
    DMA1_Stream6_IRQHandler                  0x080001bb   Thumb Code     0  startup_stm32f4xx.o(.text)
    DMA1_Stream7_IRQHandler                  0x080001bb   Thumb Code     0  startup_stm32f4xx.o(.text)
    DMA2_Stream0_IRQHandler                  0x080001bb   Thumb Code     0  startup_stm32f4xx.o(.text)
    DMA2_Stream1_IRQHandler                  0x080001bb   Thumb Code     0  startup_stm32f4xx.o(.text)
    DMA2_Stream2_IRQHandler                  0x080001bb   Thumb Code     0  startup_stm32f4xx.o(.text)
    DMA2_Stream3_IRQHandler                  0x080001bb   Thumb Code     0  startup_stm32f4xx.o(.text)
    DMA2_Stream4_IRQHandler                  0x080001bb   Thumb Code     0  startup_stm32f4xx.o(.text)
    DMA2_Stream5_IRQHandler                  0x080001bb   Thumb Code     0  startup_stm32f4xx.o(.text)
    DMA2_Stream6_IRQHandler                  0x080001bb   Thumb Code     0  startup_stm32f4xx.o(.text)
    DMA2_Stream7_IRQHandler                  0x080001bb   Thumb Code     0  startup_stm32f4xx.o(.text)
    ETH_IRQHandler                           0x080001bb   Thumb Code     0  startup_stm32f4xx.o(.text)
    ETH_WKUP_IRQHandler                      0x080001bb   Thumb Code     0  startup_stm32f4xx.o(.text)
    EXTI0_IRQHandler                         0x080001bb   Thumb Code     0  startup_stm32f4xx.o(.text)
    EXTI15_10_IRQHandler                     0x080001bb   Thumb Code     0  startup_stm32f4xx.o(.text)
    EXTI1_IRQHandler                         0x080001bb   Thumb Code     0  startup_stm32f4xx.o(.text)
    EXTI2_IRQHandler                         0x080001bb   Thumb Code     0  startup_stm32f4xx.o(.text)
    EXTI3_IRQHandler                         0x080001bb   Thumb Code     0  startup_stm32f4xx.o(.text)
    EXTI4_IRQHandler                         0x080001bb   Thumb Code     0  startup_stm32f4xx.o(.text)
    EXTI9_5_IRQHandler                       0x080001bb   Thumb Code     0  startup_stm32f4xx.o(.text)
    FLASH_IRQHandler                         0x080001bb   Thumb Code     0  startup_stm32f4xx.o(.text)
    FPU_IRQHandler                           0x080001bb   Thumb Code     0  startup_stm32f4xx.o(.text)
    FSMC_IRQHandler                          0x080001bb   Thumb Code     0  startup_stm32f4xx.o(.text)
    HASH_RNG_IRQHandler                      0x080001bb   Thumb Code     0  startup_stm32f4xx.o(.text)
    I2C1_ER_IRQHandler                       0x080001bb   Thumb Code     0  startup_stm32f4xx.o(.text)
    I2C1_EV_IRQHandler                       0x080001bb   Thumb Code     0  startup_stm32f4xx.o(.text)
    I2C2_ER_IRQHandler                       0x080001bb   Thumb Code     0  startup_stm32f4xx.o(.text)
    I2C2_EV_IRQHandler                       0x080001bb   Thumb Code     0  startup_stm32f4xx.o(.text)
    I2C3_ER_IRQHandler                       0x080001bb   Thumb Code     0  startup_stm32f4xx.o(.text)
    I2C3_EV_IRQHandler                       0x080001bb   Thumb Code     0  startup_stm32f4xx.o(.text)
    OTG_FS_IRQHandler                        0x080001bb   Thumb Code     0  startup_stm32f4xx.o(.text)
    OTG_FS_WKUP_IRQHandler                   0x080001bb   Thumb Code     0  startup_stm32f4xx.o(.text)
    OTG_HS_EP1_IN_IRQHandler                 0x080001bb   Thumb Code     0  startup_stm32f4xx.o(.text)
    OTG_HS_EP1_OUT_IRQHandler                0x080001bb   Thumb Code     0  startup_stm32f4xx.o(.text)
    OTG_HS_IRQHandler                        0x080001bb   Thumb Code     0  startup_stm32f4xx.o(.text)
    OTG_HS_WKUP_IRQHandler                   0x080001bb   Thumb Code     0  startup_stm32f4xx.o(.text)
    PVD_IRQHandler                           0x080001bb   Thumb Code     0  startup_stm32f4xx.o(.text)
    RCC_IRQHandler                           0x080001bb   Thumb Code     0  startup_stm32f4xx.o(.text)
    RTC_Alarm_IRQHandler                     0x080001bb   Thumb Code     0  startup_stm32f4xx.o(.text)
    RTC_WKUP_IRQHandler                      0x080001bb   Thumb Code     0  startup_stm32f4xx.o(.text)
    SDIO_IRQHandler                          0x080001bb   Thumb Code     0  startup_stm32f4xx.o(.text)
    SPI1_IRQHandler                          0x080001bb   Thumb Code     0  startup_stm32f4xx.o(.text)
    SPI2_IRQHandler                          0x080001bb   Thumb Code     0  startup_stm32f4xx.o(.text)
    SPI3_IRQHandler                          0x080001bb   Thumb Code     0  startup_stm32f4xx.o(.text)
    TAMP_STAMP_IRQHandler                    0x080001bb   Thumb Code     0  startup_stm32f4xx.o(.text)
    TIM1_BRK_TIM9_IRQHandler                 0x080001bb   Thumb Code     0  startup_stm32f4xx.o(.text)
    TIM1_CC_IRQHandler                       0x080001bb   Thumb Code     0  startup_stm32f4xx.o(.text)
    TIM1_TRG_COM_TIM11_IRQHandler            0x080001bb   Thumb Code     0  startup_stm32f4xx.o(.text)
    TIM1_UP_TIM10_IRQHandler                 0x080001bb   Thumb Code     0  startup_stm32f4xx.o(.text)
    TIM2_IRQHandler                          0x080001bb   Thumb Code     0  startup_stm32f4xx.o(.text)
    TIM4_IRQHandler                          0x080001bb   Thumb Code     0  startup_stm32f4xx.o(.text)
    TIM6_DAC_IRQHandler                      0x080001bb   Thumb Code     0  startup_stm32f4xx.o(.text)
    TIM7_IRQHandler                          0x080001bb   Thumb Code     0  startup_stm32f4xx.o(.text)
    TIM8_BRK_TIM12_IRQHandler                0x080001bb   Thumb Code     0  startup_stm32f4xx.o(.text)
    TIM8_CC_IRQHandler                       0x080001bb   Thumb Code     0  startup_stm32f4xx.o(.text)
    TIM8_TRG_COM_TIM14_IRQHandler            0x080001bb   Thumb Code     0  startup_stm32f4xx.o(.text)
    TIM8_UP_TIM13_IRQHandler                 0x080001bb   Thumb Code     0  startup_stm32f4xx.o(.text)
    USART3_IRQHandler                        0x080001bb   Thumb Code     0  startup_stm32f4xx.o(.text)
    WWDG_IRQHandler                          0x080001bb   Thumb Code     0  startup_stm32f4xx.o(.text)
    __aeabi_memcpy                           0x080001c5   Thumb Code    36  memcpya.o(.text)
    __aeabi_memcpy4                          0x080001c5   Thumb Code     0  memcpya.o(.text)
    __aeabi_memcpy8                          0x080001c5   Thumb Code     0  memcpya.o(.text)
    __aeabi_memset                           0x080001e9   Thumb Code    14  memseta.o(.text)
    __aeabi_memset4                          0x080001e9   Thumb Code     0  memseta.o(.text)
    __aeabi_memset8                          0x080001e9   Thumb Code     0  memseta.o(.text)
    __aeabi_memclr                           0x080001f7   Thumb Code     4  memseta.o(.text)
    __aeabi_memclr4                          0x080001f7   Thumb Code     0  memseta.o(.text)
    __aeabi_memclr8                          0x080001f7   Thumb Code     0  memseta.o(.text)
    _memset$wrapper                          0x080001fb   Thumb Code    18  memseta.o(.text)
    __scatterload                            0x0800020d   Thumb Code    28  init.o(.text)
    __scatterload_rt2                        0x0800020d   Thumb Code     0  init.o(.text)
    __decompress                             0x08000231   Thumb Code     0  __dczerorl2.o(.text)
    __decompress1                            0x08000231   Thumb Code    86  __dczerorl2.o(.text)
    CAN1_Config                              0x08000289   Thumb Code   304  can.o(i.CAN1_Config)
    CAN1_RX0_IRQHandler                      0x080003c1   Thumb Code    40  can.o(i.CAN1_RX0_IRQHandler)
    CAN1_TX_IRQHandler                       0x080003f1   Thumb Code    22  can.o(i.CAN1_TX_IRQHandler)
    CAN2_Config                              0x0800040d   Thumb Code   308  can.o(i.CAN2_Config)
    CAN2_RX0_IRQHandler                      0x08000549   Thumb Code    44  can.o(i.CAN2_RX0_IRQHandler)
    CAN2_TX_IRQHandler                       0x0800057d   Thumb Code    22  can.o(i.CAN2_TX_IRQHandler)
    CAN_ClearITPendingBit                    0x08000599   Thumb Code   162  stm32f4xx_can.o(i.CAN_ClearITPendingBit)
    CAN_DeInit                               0x08000641   Thumb Code    50  stm32f4xx_can.o(i.CAN_DeInit)
    CAN_FilterInit                           0x08000679   Thumb Code   258  stm32f4xx_can.o(i.CAN_FilterInit)
    CAN_GetITStatus                          0x08000781   Thumb Code   284  stm32f4xx_can.o(i.CAN_GetITStatus)
    CAN_ITConfig                             0x080008a1   Thumb Code    18  stm32f4xx_can.o(i.CAN_ITConfig)
    CAN_Init                                 0x080008b3   Thumb Code   276  stm32f4xx_can.o(i.CAN_Init)
    CAN_Receive                              0x080009c7   Thumb Code   240  stm32f4xx_can.o(i.CAN_Receive)
    CAN_StructInit                           0x08000ab7   Thumb Code    32  stm32f4xx_can.o(i.CAN_StructInit)
    CAN_Transmit                             0x08000ad7   Thumb Code   294  stm32f4xx_can.o(i.CAN_Transmit)
    CRC_init                                 0x08000bfd   Thumb Code    12  crc.o(i.CRC_init)
    DMA_ClearFlag                            0x08000c1d   Thumb Code    38  stm32f4xx_dma.o(i.DMA_ClearFlag)
    DMA_Cmd                                  0x08000c51   Thumb Code    22  stm32f4xx_dma.o(i.DMA_Cmd)
    DMA_DeInit                               0x08000c69   Thumb Code   324  stm32f4xx_dma.o(i.DMA_DeInit)
    DMA_DoubleBufferModeCmd                  0x08000dc1   Thumb Code    22  stm32f4xx_dma.o(i.DMA_DoubleBufferModeCmd)
    DMA_DoubleBufferModeConfig               0x08000dd7   Thumb Code    24  stm32f4xx_dma.o(i.DMA_DoubleBufferModeConfig)
    DMA_GetCurrDataCounter                   0x08000def   Thumb Code     8  stm32f4xx_dma.o(i.DMA_GetCurrDataCounter)
    DMA_GetCurrentMemoryTarget               0x08000df7   Thumb Code    20  stm32f4xx_dma.o(i.DMA_GetCurrentMemoryTarget)
    DMA_Init                                 0x08000e0d   Thumb Code    82  stm32f4xx_dma.o(i.DMA_Init)
    DMA_SetCurrDataCounter                   0x08000e65   Thumb Code     4  stm32f4xx_dma.o(i.DMA_SetCurrDataCounter)
    Determine_ID                             0x08000e69   Thumb Code   464  referee.o(i.Determine_ID)
    Dial_ReadData                            0x0800103d   Thumb Code   138  can_receive.o(i.Dial_ReadData)
    DoublePid_Config                         0x080010e1   Thumb Code   300  pid.o(i.DoublePid_Config)
    Friction_ReadData                        0x0800121d   Thumb Code   278  can_receive.o(i.Friction_ReadData)
    GET_MODOR_DATA                           0x08001351   Thumb Code   120  can_receive.o(i.GET_MODOR_DATA)
    GPIO_Init                                0x080013cd   Thumb Code   144  stm32f4xx_gpio.o(i.GPIO_Init)
    GPIO_PinAFConfig                         0x0800145d   Thumb Code    70  stm32f4xx_gpio.o(i.GPIO_PinAFConfig)
    Get_CRC16_Check_Sum                      0x080014a5   Thumb Code    46  crc.o(i.Get_CRC16_Check_Sum)
    Get_CRC8_Check_Sum                       0x080014d9   Thumb Code    30  crc.o(i.Get_CRC8_Check_Sum)
    Holder_ReaData_pitch                     0x080014fd   Thumb Code    82  can_receive.o(i.Holder_ReaData_pitch)
    Holder_ReaData_yaw                       0x08001559   Thumb Code   114  can_receive.o(i.Holder_ReaData_yaw)
    Judege_read_data                         0x080015dd   Thumb Code   566  referee.o(i.Judege_read_data)
    Motor_ReadData                           0x08001821   Thumb Code   664  can_receive.o(i.Motor_ReadData)
    Motor_Set_Current                        0x08001ad5   Thumb Code    92  can_receive.o(i.Motor_Set_Current)
    NVIC_Init                                0x08001b35   Thumb Code   106  misc.o(i.NVIC_Init)
    NVIC_PriorityGroupConfig                 0x08001bad   Thumb Code    10  misc.o(i.NVIC_PriorityGroupConfig)
    Packet_Decode                            0x08001d3d   Thumb Code   396  packet.o(i.Packet_Decode)
    Packet_DecodeInit                        0x08001ee1   Thumb Code    24  packet.o(i.Packet_DecodeInit)
    Pid_config                               0x08001f01   Thumb Code   104  pid.o(i.Pid_config)
    Pid_config_dial                          0x08001f75   Thumb Code   104  pid.o(i.Pid_config_dial)
    Pid_config_follow                        0x08001fe9   Thumb Code   104  pid.o(i.Pid_config_follow)
    Pid_config_friction                      0x08002061   Thumb Code   104  pid.o(i.Pid_config_friction)
    RCC_AHB1PeriphClockCmd                   0x080020d5   Thumb Code    26  stm32f4xx_rcc.o(i.RCC_AHB1PeriphClockCmd)
    RCC_APB1PeriphClockCmd                   0x080020f5   Thumb Code    26  stm32f4xx_rcc.o(i.RCC_APB1PeriphClockCmd)
    RCC_APB1PeriphResetCmd                   0x08002115   Thumb Code    26  stm32f4xx_rcc.o(i.RCC_APB1PeriphResetCmd)
    RCC_APB2PeriphClockCmd                   0x08002135   Thumb Code    26  stm32f4xx_rcc.o(i.RCC_APB2PeriphClockCmd)
    RCC_APB2PeriphResetCmd                   0x08002155   Thumb Code    26  stm32f4xx_rcc.o(i.RCC_APB2PeriphResetCmd)
    RCC_GetClocksFreq                        0x08002175   Thumb Code   214  stm32f4xx_rcc.o(i.RCC_GetClocksFreq)
    RC_Init                                  0x0800225d   Thumb Code   290  rc.o(i.RC_Init)
    RemoteDataProcess                        0x08002399   Thumb Code   214  rc.o(i.RemoteDataProcess)
    SystemInit                               0x08002575   Thumb Code    88  system_stm32f4xx.o(i.SystemInit)
    TIM3_Config                              0x080025dd   Thumb Code    98  tim.o(i.TIM3_Config)
    TIM3_IRQHandler                          0x08002645   Thumb Code    94  tim.o(i.TIM3_IRQHandler)
    TIM5_Config                              0x080026c1   Thumb Code   106  tim.o(i.TIM5_Config)
    TIM5_IRQHandler                          0x08002731   Thumb Code   106  tim.o(i.TIM5_IRQHandler)
    TIM_ClearFlag                            0x080027c1   Thumb Code     6  stm32f4xx_tim.o(i.TIM_ClearFlag)
    TIM_ClearITPendingBit                    0x080027c7   Thumb Code     6  stm32f4xx_tim.o(i.TIM_ClearITPendingBit)
    TIM_Cmd                                  0x080027cd   Thumb Code    24  stm32f4xx_tim.o(i.TIM_Cmd)
    TIM_GetITStatus                          0x080027e5   Thumb Code    34  stm32f4xx_tim.o(i.TIM_GetITStatus)
    TIM_ITConfig                             0x08002807   Thumb Code    18  stm32f4xx_tim.o(i.TIM_ITConfig)
    TIM_TimeBaseInit                         0x08002819   Thumb Code   104  stm32f4xx_tim.o(i.TIM_TimeBaseInit)
    UART4_DMA_Init                           0x0800289d   Thumb Code   128  visual communication.o(i.UART4_DMA_Init)
    UART4_IRQHandler                         0x08002929   Thumb Code    78  visual communication.o(i.UART4_IRQHandler)
    UART5_IRQHandler                         0x08002989   Thumb Code    38  usart.o(i.UART5_IRQHandler)
    USART1_DMA_Init                          0x080029b9   Thumb Code    94  referee.o(i.USART1_DMA_Init)
    USART1_IRQHandler                        0x08002a29   Thumb Code    90  referee.o(i.USART1_IRQHandler)
    USART1_Init                              0x08002a99   Thumb Code   218  referee.o(i.USART1_Init)
    USART2_IRQHandler                        0x08002b7d   Thumb Code   126  rc.o(i.USART2_IRQHandler)
    USART4_Config                            0x08002c0d   Thumb Code   188  usart.o(i.USART4_Config)
    USART5_Config                            0x08002cd1   Thumb Code   192  usart.o(i.USART5_Config)
    USART6_Config                            0x08002d9d   Thumb Code   190  usart.o(i.USART6_Config)
    USART6_IRQHandler                        0x08002e65   Thumb Code    24  usart.o(i.USART6_IRQHandler)
    USART_Cmd                                0x08002e81   Thumb Code    24  stm32f4xx_usart.o(i.USART_Cmd)
    USART_DMACmd                             0x08002e99   Thumb Code    18  stm32f4xx_usart.o(i.USART_DMACmd)
    USART_DeInit                             0x08002ead   Thumb Code   156  stm32f4xx_usart.o(i.USART_DeInit)
    USART_GetFlagStatus                      0x08002f61   Thumb Code    26  stm32f4xx_usart.o(i.USART_GetFlagStatus)
    USART_GetITStatus                        0x08002f7b   Thumb Code    84  stm32f4xx_usart.o(i.USART_GetITStatus)
    USART_ITConfig                           0x08002fcf   Thumb Code    74  stm32f4xx_usart.o(i.USART_ITConfig)
    USART_Init                               0x08003019   Thumb Code   204  stm32f4xx_usart.o(i.USART_Init)
    USART_ReceiveData                        0x080030ed   Thumb Code    10  stm32f4xx_usart.o(i.USART_ReceiveData)
    USART_SendData                           0x080030f7   Thumb Code     8  stm32f4xx_usart.o(i.USART_SendData)
    Verify_CRC16_Check_Sum                   0x08003101   Thumb Code    60  crc.o(i.Verify_CRC16_Check_Sum)
    Verify_CRC8_Check_Sum                    0x08003141   Thumb Code    46  crc.o(i.Verify_CRC8_Check_Sum)
    __scatterload_copy                       0x0800316f   Thumb Code    14  handlers.o(i.__scatterload_copy)
    __scatterload_null                       0x0800317d   Thumb Code     2  handlers.o(i.__scatterload_null)
    __scatterload_zeroinit                   0x0800317f   Thumb Code    14  handlers.o(i.__scatterload_zeroinit)
    get_eular                                0x080031c9   Thumb Code    14  imu_data_decode.o(i.get_eular)
    get_id                                   0x080031dd   Thumb Code    12  imu_data_decode.o(i.get_id)
    get_moto_offset                          0x080031ed   Thumb Code    20  can_receive.o(i.get_moto_offset)
    get_quat                                 0x08003205   Thumb Code    16  imu_data_decode.o(i.get_quat)
    get_raw_acc                              0x08003219   Thumb Code    16  imu_data_decode.o(i.get_raw_acc)
    get_raw_gyo                              0x0800322d   Thumb Code    16  imu_data_decode.o(i.get_raw_gyo)
    get_raw_mag                              0x08003241   Thumb Code    16  imu_data_decode.o(i.get_raw_mag)
    get_total_angle                          0x08003255   Thumb Code    86  can_receive.o(i.get_total_angle)
    imu_data_decode_init                     0x080032ad   Thumb Code    14  imu_data_decode.o(i.imu_data_decode_init)
    main                                     0x080032c5   Thumb Code    64  main.o(i.main)
    offline_contrl_judge                     0x08003305   Thumb Code    38  rc.o(i.offline_contrl_judge)
    pid_calculate                            0x08003335   Thumb Code   372  pid.o(i.pid_calculate)
    pid_parameter_setting                    0x080034b5   Thumb Code   208  pid_config.o(i.pid_parameter_setting)
    sent_string                              0x080035a9   Thumb Code   100  usart.o(i.sent_string)
    visual_receive                           0x08003611   Thumb Code   172  visual communication.o(i.visual_receive)
    visual_sent                              0x080036d5   Thumb Code    64  visual communication.o(i.visual_sent)
    zero_drift_judge                         0x08003719   Thumb Code   124  rc.o(i.zero_drift_judge)
    CRC8_INIT                                0x080037a0   Data           1  crc.o(.constdata)
    CRC8_TAB                                 0x080037a1   Data         256  crc.o(.constdata)
    wCRC_Table                               0x080038a2   Data         512  crc.o(.constdata)
    Region$$Table$$Base                      0x08003aa4   Number         0  anon$$obj.o(Region$$Table)
    Region$$Table$$Limit                     0x08003ac4   Number         0  anon$$obj.o(Region$$Table)
    offline_gyro                             0x20000010   Data           1  usart.o(.data)
    rr                                       0x20000014   Data           2  tim.o(.data)
    ID                                       0x20000016   Data           1  tim.o(.data)
    Acc                                      0x20000018   Data           6  tim.o(.data)
    Gyo                                      0x2000001e   Data           6  tim.o(.data)
    Mag                                      0x20000024   Data           6  tim.o(.data)
    Pressure                                 0x2000002c   Data           4  tim.o(.data)
    zero_drift_sign                          0x20000030   Data           1  rc.o(.data)
    num                                      0x20000031   Data           1  rc.o(.data)
    actual_ch0                               0x20000032   Data           2  rc.o(.data)
    actual_ch1                               0x20000034   Data           2  rc.o(.data)
    actual_ch2                               0x20000036   Data           2  rc.o(.data)
    actual_ch3                               0x20000038   Data           2  rc.o(.data)
    offline_contrl                           0x2000003a   Data           1  rc.o(.data)
    offline_contrl_sign                      0x2000003b   Data           1  rc.o(.data)
    CRC_INIT                                 0x2000003c   Data           2  crc.o(.data)
    Judge_Data_TF                            0x20000068   Data           1  referee.o(.data)
    Judge_Self_ID                            0x20000069   Data           1  referee.o(.data)
    Judge_SelfClient_ID                      0x2000006a   Data           2  referee.o(.data)
    ShootNum                                 0x2000006c   Data           2  referee.o(.data)
    Hurt_Data_Update                         0x2000006e   Data           1  referee.o(.data)
    Usart1_Clean_IDLE_Flag                   0x20000070   Data           4  referee.o(.data)
    Refer_time                               0x20000074   Data           4  referee.o(.data)
    first_line                               0x20000078   Data          30  referee.o(.data)
    second_line                              0x20000096   Data          30  referee.o(.data)
    third_line                               0x200000b4   Data          30  referee.o(.data)
    fourth_line                              0x200000d2   Data          30  referee.o(.data)
    fifth_line                               0x200000f0   Data          30  referee.o(.data)
    sixth_line                               0x2000010e   Data          30  referee.o(.data)
    seventh_line                             0x2000012c   Data          30  referee.o(.data)
    empty_line                               0x2000014a   Data          30  referee.o(.data)
    state_first_graphic                      0x20000168   Data           1  referee.o(.data)
    update_figure_flag                       0x2000016c   Data           4  referee.o(.data)
    global_fiction                           0x20000170   Data           1  referee.o(.data)
    global_clip                              0x20000171   Data           1  referee.o(.data)
    global_spin                              0x20000172   Data           1  referee.o(.data)
    global_auto_aim                          0x20000173   Data           1  referee.o(.data)
    global_shootlimit                        0x20000174   Data           1  referee.o(.data)
    global_block                             0x20000175   Data           1  referee.o(.data)
    global_bulletWarning                     0x20000176   Data           1  referee.o(.data)
    global_sight_bead_x                      0x20000178   Data           4  referee.o(.data)
    global_sight_bead_y                      0x2000017c   Data           4  referee.o(.data)
    global_supercapacitor_point              0x20000180   Data           4  referee.o(.data)
    global_supercapacitor_remain             0x20000184   Data           4  referee.o(.data)
    global_gimble_pitch                      0x20000188   Data           4  referee.o(.data)
    global_gimble_yaw                        0x2000018c   Data           4  referee.o(.data)
    global_bullet_speed                      0x20000190   Data           4  referee.o(.data)
    global_bullet_sum                        0x20000194   Data           4  referee.o(.data)
    update_aim_flag                          0x20000198   Data           4  referee.o(.data)
    update_supercapacitor_flag               0x2000019c   Data           4  referee.o(.data)
    update_float_flag                        0x200001a0   Data           4  referee.o(.data)
    update_int_flag                          0x200001a4   Data           4  referee.o(.data)
    global_vertical_1                        0x200001a8   Data           4  referee.o(.data)
    global_vertical_2                        0x200001ac   Data           4  referee.o(.data)
    global_horizontal_1                      0x200001b0   Data           4  referee.o(.data)
    global_horizontal_2                      0x200001b4   Data           4  referee.o(.data)
    global_horizontal_3                      0x200001b8   Data           4  referee.o(.data)
    division_value                           0x200001bc   Data           4  referee.o(.data)
    visual_coefficient                       0x200001c0   Data           4  visual communication.o(.data)
    visual_data                              0x200001c4   Data           6  visual communication.o(.data)
    holder_place                             0x200001cc   Data          16  tim.o(.bss)
    Eular                                    0x200001dc   Data          12  tim.o(.bss)
    Quat                                     0x200001e8   Data          16  tim.o(.bss)
    sbus_rx_buffer                           0x200001f8   Data          36  rc.o(.bss)
    RC_CtrlData                              0x2000021c   Data          20  rc.o(.bss)
    Pid                                      0x20000230   Data         576  pid.o(.bss)
    double_pid                               0x20000470   Data         296  pid.o(.bss)
    MOTOR_FEEDBACK                           0x20000598   Data          48  can_receive.o(.bss)
    FRICTION_WHEEL                           0x200005c8   Data          24  can_receive.o(.bss)
    DIAL_MOTOR                               0x200005e0   Data          12  can_receive.o(.bss)
    actual_speed                             0x200005ec   Data          32  can_receive.o(.bss)
    rifle_data                               0x2000060c   Data          24  can_receive.o(.bss)
    HOLDER_FEEDBACK                          0x20000624   Data          32  can_receive.o(.bss)
    MOTOR_DATA                               0x20000644   Data         176  can_receive.o(.bss)
    rx_message                               0x200006f4   Data          20  can_receive.o(.bss)
    rx_message2                              0x20000708   Data          20  can_receive.o(.bss)
    REF                                      0x200007c4   Data         208  referee.o(.bss)
    Judge_Buffer                             0x20000894   Data         200  referee.o(.bss)
    xCom5DMAInit                             0x2000095c   Data          60  referee.o(.bss)
    CliendTxBuffer                           0x20000998   Data         200  referee.o(.bss)
    TeammateTxBuffer                         0x20000a60   Data         200  referee.o(.bss)
    tx_client_char                           0x20000b28   Data          70  referee.o(.bss)
    tx_client_graphic_figure                 0x20000b6e   Data         130  referee.o(.bss)
    tx_client_delete                         0x20000bf0   Data          27  referee.o(.bss)
    tx_aim_figure                            0x20000c0b   Data          55  referee.o(.bss)
    tx_supercapacitor_figure                 0x20000c42   Data          40  referee.o(.bss)
    tx_gimbal_angle                          0x20000c6a   Data          55  referee.o(.bss)
    tx_bullet_int                            0x20000ca1   Data          55  referee.o(.bss)
    aim_line_graphic                         0x20000cd8   Data         100  referee.o(.bss)
    high_aim_figure                          0x20000d3c   Data         130  referee.o(.bss)
    low_aim_shortfigure_1                    0x20000dbe   Data         130  referee.o(.bss)
    low_aim_shortfigure_2                    0x20000e40   Data         130  referee.o(.bss)
    low_aim_shortfigure_3                    0x20000ec2   Data         130  referee.o(.bss)
    low_aim_longfigure                       0x20000f44   Data         100  referee.o(.bss)
    Visual_Data                              0x20000fa8   Data          12  visual communication.o(.bss)
    __initial_sp                             0x20001eb8   Data           0  startup_stm32f4xx.o(STACK)



==============================================================================

Memory Map of the image

  Image Entry point : 0x08000189

  Load Region LR_IROM1 (Base: 0x08000000, Size: 0x00003c90, Max: 0x00100000, ABSOLUTE, COMPRESSED[0x00003b48])

    Execution Region ER_IROM1 (Exec base: 0x08000000, Load base: 0x08000000, Size: 0x00003ac4, Max: 0x00100000, ABSOLUTE)

    Exec Addr    Load Addr    Size         Type   Attr      Idx    E Section Name        Object

    0x08000000   0x08000000   0x00000188   Data   RO            3    RESET               startup_stm32f4xx.o
    0x08000188   0x08000188   0x00000000   Code   RO         5624  * .ARM.Collect$$$$00000000  mc_w.l(entry.o)
    0x08000188   0x08000188   0x00000004   Code   RO         5675    .ARM.Collect$$$$00000001  mc_w.l(entry2.o)
    0x0800018c   0x0800018c   0x00000004   Code   RO         5678    .ARM.Collect$$$$00000004  mc_w.l(entry5.o)
    0x08000190   0x08000190   0x00000000   Code   RO         5680    .ARM.Collect$$$$00000008  mc_w.l(entry7b.o)
    0x08000190   0x08000190   0x00000000   Code   RO         5682    .ARM.Collect$$$$0000000A  mc_w.l(entry8b.o)
    0x08000190   0x08000190   0x00000008   Code   RO         5683    .ARM.Collect$$$$0000000B  mc_w.l(entry9a.o)
    0x08000198   0x08000198   0x00000004   Code   RO         5690    .ARM.Collect$$$$0000000E  mc_w.l(entry12b.o)
    0x0800019c   0x0800019c   0x00000000   Code   RO         5685    .ARM.Collect$$$$0000000F  mc_w.l(entry10a.o)
    0x0800019c   0x0800019c   0x00000000   Code   RO         5687    .ARM.Collect$$$$00000011  mc_w.l(entry11a.o)
    0x0800019c   0x0800019c   0x00000004   Code   RO         5676    .ARM.Collect$$$$00002712  mc_w.l(entry2.o)
    0x080001a0   0x080001a0   0x00000024   Code   RO            4    .text               startup_stm32f4xx.o
    0x080001c4   0x080001c4   0x00000024   Code   RO         5627    .text               mc_w.l(memcpya.o)
    0x080001e8   0x080001e8   0x00000024   Code   RO         5629    .text               mc_w.l(memseta.o)
    0x0800020c   0x0800020c   0x00000024   Code   RO         5711    .text               mc_w.l(init.o)
    0x08000230   0x08000230   0x00000056   Code   RO         5731    .text               mc_w.l(__dczerorl2.o)
    0x08000286   0x08000286   0x00000002   PAD
    0x08000288   0x08000288   0x00000138   Code   RO         4417    i.CAN1_Config       can.o
    0x080003c0   0x080003c0   0x00000030   Code   RO         4418    i.CAN1_RX0_IRQHandler  can.o
    0x080003f0   0x080003f0   0x0000001c   Code   RO         4419    i.CAN1_TX_IRQHandler  can.o
    0x0800040c   0x0800040c   0x0000013c   Code   RO         4420    i.CAN2_Config       can.o
    0x08000548   0x08000548   0x00000034   Code   RO         4421    i.CAN2_RX0_IRQHandler  can.o
    0x0800057c   0x0800057c   0x0000001c   Code   RO         4422    i.CAN2_TX_IRQHandler  can.o
    0x08000598   0x08000598   0x000000a8   Code   RO          501    i.CAN_ClearITPendingBit  stm32f4xx_can.o
    0x08000640   0x08000640   0x00000038   Code   RO          503    i.CAN_DeInit        stm32f4xx_can.o
    0x08000678   0x08000678   0x00000108   Code   RO          505    i.CAN_FilterInit    stm32f4xx_can.o
    0x08000780   0x08000780   0x00000120   Code   RO          507    i.CAN_GetITStatus   stm32f4xx_can.o
    0x080008a0   0x080008a0   0x00000012   Code   RO          511    i.CAN_ITConfig      stm32f4xx_can.o
    0x080008b2   0x080008b2   0x00000114   Code   RO          512    i.CAN_Init          stm32f4xx_can.o
    0x080009c6   0x080009c6   0x000000f0   Code   RO          515    i.CAN_Receive       stm32f4xx_can.o
    0x08000ab6   0x08000ab6   0x00000020   Code   RO          518    i.CAN_StructInit    stm32f4xx_can.o
    0x08000ad6   0x08000ad6   0x00000126   Code   RO          520    i.CAN_Transmit      stm32f4xx_can.o
    0x08000bfc   0x08000bfc   0x0000000c   Code   RO         4663    i.CRC_init          crc.o
    0x08000c08   0x08000c08   0x00000012   Code   RO          523    i.CheckITStatus     stm32f4xx_can.o
    0x08000c1a   0x08000c1a   0x00000002   PAD
    0x08000c1c   0x08000c1c   0x00000034   Code   RO         1227    i.DMA_ClearFlag     stm32f4xx_dma.o
    0x08000c50   0x08000c50   0x00000016   Code   RO         1229    i.DMA_Cmd           stm32f4xx_dma.o
    0x08000c66   0x08000c66   0x00000002   PAD
    0x08000c68   0x08000c68   0x00000158   Code   RO         1230    i.DMA_DeInit        stm32f4xx_dma.o
    0x08000dc0   0x08000dc0   0x00000016   Code   RO         1231    i.DMA_DoubleBufferModeCmd  stm32f4xx_dma.o
    0x08000dd6   0x08000dd6   0x00000018   Code   RO         1232    i.DMA_DoubleBufferModeConfig  stm32f4xx_dma.o
    0x08000dee   0x08000dee   0x00000008   Code   RO         1235    i.DMA_GetCurrDataCounter  stm32f4xx_dma.o
    0x08000df6   0x08000df6   0x00000014   Code   RO         1236    i.DMA_GetCurrentMemoryTarget  stm32f4xx_dma.o
    0x08000e0a   0x08000e0a   0x00000002   PAD
    0x08000e0c   0x08000e0c   0x00000058   Code   RO         1241    i.DMA_Init          stm32f4xx_dma.o
    0x08000e64   0x08000e64   0x00000004   Code   RO         1244    i.DMA_SetCurrDataCounter  stm32f4xx_dma.o
    0x08000e68   0x08000e68   0x000001d4   Code   RO         5186    i.Determine_ID      referee.o
    0x0800103c   0x0800103c   0x000000a4   Code   RO         4822    i.Dial_ReadData     can_receive.o
    0x080010e0   0x080010e0   0x0000013c   Code   RO         4728    i.DoublePid_Config  pid.o
    0x0800121c   0x0800121c   0x00000134   Code   RO         4823    i.Friction_ReadData  can_receive.o
    0x08001350   0x08001350   0x0000007c   Code   RO         4825    i.GET_MODOR_DATA    can_receive.o
    0x080013cc   0x080013cc   0x00000090   Code   RO         1759    i.GPIO_Init         stm32f4xx_gpio.o
    0x0800145c   0x0800145c   0x00000046   Code   RO         1760    i.GPIO_PinAFConfig  stm32f4xx_gpio.o
    0x080014a2   0x080014a2   0x00000002   PAD
    0x080014a4   0x080014a4   0x00000034   Code   RO         4664    i.Get_CRC16_Check_Sum  crc.o
    0x080014d8   0x080014d8   0x00000024   Code   RO         4665    i.Get_CRC8_Check_Sum  crc.o
    0x080014fc   0x080014fc   0x0000005c   Code   RO         4826    i.Holder_ReaData_pitch  can_receive.o
    0x08001558   0x08001558   0x00000084   Code   RO         4827    i.Holder_ReaData_yaw  can_receive.o
    0x080015dc   0x080015dc   0x00000244   Code   RO         5194    i.Judege_read_data  referee.o
    0x08001820   0x08001820   0x000002b4   Code   RO         4830    i.Motor_ReadData    can_receive.o
    0x08001ad4   0x08001ad4   0x00000060   Code   RO         4831    i.Motor_Set_Current  can_receive.o
    0x08001b34   0x08001b34   0x00000078   Code   RO          146    i.NVIC_Init         misc.o
    0x08001bac   0x08001bac   0x00000014   Code   RO          147    i.NVIC_PriorityGroupConfig  misc.o
    0x08001bc0   0x08001bc0   0x0000017c   Code   RO         5048    i.OnDataReceived    imu_data_decode.o
    0x08001d3c   0x08001d3c   0x000001a4   Code   RO         5121    i.Packet_Decode     packet.o
    0x08001ee0   0x08001ee0   0x00000020   Code   RO         5122    i.Packet_DecodeInit  packet.o
    0x08001f00   0x08001f00   0x00000074   Code   RO         4730    i.Pid_config        pid.o
    0x08001f74   0x08001f74   0x00000074   Code   RO         4731    i.Pid_config_dial   pid.o
    0x08001fe8   0x08001fe8   0x00000078   Code   RO         4732    i.Pid_config_follow  pid.o
    0x08002060   0x08002060   0x00000074   Code   RO         4733    i.Pid_config_friction  pid.o
    0x080020d4   0x080020d4   0x00000020   Code   RO         2409    i.RCC_AHB1PeriphClockCmd  stm32f4xx_rcc.o
    0x080020f4   0x080020f4   0x00000020   Code   RO         2418    i.RCC_APB1PeriphClockCmd  stm32f4xx_rcc.o
    0x08002114   0x08002114   0x00000020   Code   RO         2420    i.RCC_APB1PeriphResetCmd  stm32f4xx_rcc.o
    0x08002134   0x08002134   0x00000020   Code   RO         2421    i.RCC_APB2PeriphClockCmd  stm32f4xx_rcc.o
    0x08002154   0x08002154   0x00000020   Code   RO         2423    i.RCC_APB2PeriphResetCmd  stm32f4xx_rcc.o
    0x08002174   0x08002174   0x000000e8   Code   RO         2430    i.RCC_GetClocksFreq  stm32f4xx_rcc.o
    0x0800225c   0x0800225c   0x0000013c   Code   RO         4606    i.RC_Init           rc.o
    0x08002398   0x08002398   0x000000f0   Code   RO         4607    i.RemoteDataProcess  rc.o
    0x08002488   0x08002488   0x000000ec   Code   RO         4376    i.SetSysClock       system_stm32f4xx.o
    0x08002574   0x08002574   0x00000068   Code   RO         4378    i.SystemInit        system_stm32f4xx.o
    0x080025dc   0x080025dc   0x00000068   Code   RO         4547    i.TIM3_Config       tim.o
    0x08002644   0x08002644   0x0000007c   Code   RO         4548    i.TIM3_IRQHandler   tim.o
    0x080026c0   0x080026c0   0x00000070   Code   RO         4549    i.TIM5_Config       tim.o
    0x08002730   0x08002730   0x00000090   Code   RO         4550    i.TIM5_IRQHandler   tim.o
    0x080027c0   0x080027c0   0x00000006   Code   RO         3559    i.TIM_ClearFlag     stm32f4xx_tim.o
    0x080027c6   0x080027c6   0x00000006   Code   RO         3560    i.TIM_ClearITPendingBit  stm32f4xx_tim.o
    0x080027cc   0x080027cc   0x00000018   Code   RO         3565    i.TIM_Cmd           stm32f4xx_tim.o
    0x080027e4   0x080027e4   0x00000022   Code   RO         3586    i.TIM_GetITStatus   stm32f4xx_tim.o
    0x08002806   0x08002806   0x00000012   Code   RO         3590    i.TIM_ITConfig      stm32f4xx_tim.o
    0x08002818   0x08002818   0x00000084   Code   RO         3637    i.TIM_TimeBaseInit  stm32f4xx_tim.o
    0x0800289c   0x0800289c   0x0000008c   Code   RO         5542    i.UART4_DMA_Init    visual communication.o
    0x08002928   0x08002928   0x00000060   Code   RO         5543    i.UART4_IRQHandler  visual communication.o
    0x08002988   0x08002988   0x00000030   Code   RO         4475    i.UART5_IRQHandler  usart.o
    0x080029b8   0x080029b8   0x00000070   Code   RO         5208    i.USART1_DMA_Init   referee.o
    0x08002a28   0x08002a28   0x00000070   Code   RO         5209    i.USART1_IRQHandler  referee.o
    0x08002a98   0x08002a98   0x000000e4   Code   RO         5210    i.USART1_Init       referee.o
    0x08002b7c   0x08002b7c   0x00000090   Code   RO         4608    i.USART2_IRQHandler  rc.o
    0x08002c0c   0x08002c0c   0x000000c4   Code   RO         4476    i.USART4_Config     usart.o
    0x08002cd0   0x08002cd0   0x000000cc   Code   RO         4477    i.USART5_Config     usart.o
    0x08002d9c   0x08002d9c   0x000000c8   Code   RO         4478    i.USART6_Config     usart.o
    0x08002e64   0x08002e64   0x0000001c   Code   RO         4479    i.USART6_IRQHandler  usart.o
    0x08002e80   0x08002e80   0x00000018   Code   RO         4119    i.USART_Cmd         stm32f4xx_usart.o
    0x08002e98   0x08002e98   0x00000012   Code   RO         4120    i.USART_DMACmd      stm32f4xx_usart.o
    0x08002eaa   0x08002eaa   0x00000002   PAD
    0x08002eac   0x08002eac   0x000000b4   Code   RO         4121    i.USART_DeInit      stm32f4xx_usart.o
    0x08002f60   0x08002f60   0x0000001a   Code   RO         4122    i.USART_GetFlagStatus  stm32f4xx_usart.o
    0x08002f7a   0x08002f7a   0x00000054   Code   RO         4123    i.USART_GetITStatus  stm32f4xx_usart.o
    0x08002fce   0x08002fce   0x0000004a   Code   RO         4125    i.USART_ITConfig    stm32f4xx_usart.o
    0x08003018   0x08003018   0x000000d4   Code   RO         4126    i.USART_Init        stm32f4xx_usart.o
    0x080030ec   0x080030ec   0x0000000a   Code   RO         4133    i.USART_ReceiveData  stm32f4xx_usart.o
    0x080030f6   0x080030f6   0x00000008   Code   RO         4136    i.USART_SendData    stm32f4xx_usart.o
    0x080030fe   0x080030fe   0x00000002   PAD
    0x08003100   0x08003100   0x00000040   Code   RO         4666    i.Verify_CRC16_Check_Sum  crc.o
    0x08003140   0x08003140   0x0000002e   Code   RO         4667    i.Verify_CRC8_Check_Sum  crc.o
    0x0800316e   0x0800316e   0x0000000e   Code   RO         5725    i.__scatterload_copy  mc_w.l(handlers.o)
    0x0800317c   0x0800317c   0x00000002   Code   RO         5726    i.__scatterload_null  mc_w.l(handlers.o)
    0x0800317e   0x0800317e   0x0000000e   Code   RO         5727    i.__scatterload_zeroinit  mc_w.l(handlers.o)
    0x0800318c   0x0800318c   0x0000003c   Code   RO         5124    i.crc16_update      packet.o
    0x080031c8   0x080031c8   0x00000014   Code   RO         5049    i.get_eular         imu_data_decode.o
    0x080031dc   0x080031dc   0x00000010   Code   RO         5050    i.get_id            imu_data_decode.o
    0x080031ec   0x080031ec   0x00000018   Code   RO         4832    i.get_moto_offset   can_receive.o
    0x08003204   0x08003204   0x00000014   Code   RO         5051    i.get_quat          imu_data_decode.o
    0x08003218   0x08003218   0x00000014   Code   RO         5052    i.get_raw_acc       imu_data_decode.o
    0x0800322c   0x0800322c   0x00000014   Code   RO         5053    i.get_raw_gyo       imu_data_decode.o
    0x08003240   0x08003240   0x00000014   Code   RO         5054    i.get_raw_mag       imu_data_decode.o
    0x08003254   0x08003254   0x00000056   Code   RO         4833    i.get_total_angle   can_receive.o
    0x080032aa   0x080032aa   0x00000002   PAD
    0x080032ac   0x080032ac   0x00000018   Code   RO         5055    i.imu_data_decode_init  imu_data_decode.o
    0x080032c4   0x080032c4   0x00000040   Code   RO           13    i.main              main.o
    0x08003304   0x08003304   0x00000030   Code   RO         4609    i.offline_contrl_judge  rc.o
    0x08003334   0x08003334   0x00000180   Code   RO         4734    i.pid_calculate     pid.o
    0x080034b4   0x080034b4   0x000000f4   Code   RO         4794    i.pid_parameter_setting  pid_config.o
    0x080035a8   0x080035a8   0x00000068   Code   RO         4482    i.sent_string       usart.o
    0x08003610   0x08003610   0x000000c4   Code   RO         5544    i.visual_receive    visual communication.o
    0x080036d4   0x080036d4   0x00000044   Code   RO         5545    i.visual_sent       visual communication.o
    0x08003718   0x08003718   0x00000088   Code   RO         4610    i.zero_drift_judge  rc.o
    0x080037a0   0x080037a0   0x00000302   Data   RO         4668    .constdata          crc.o
    0x08003aa2   0x08003aa2   0x00000002   PAD
    0x08003aa4   0x08003aa4   0x00000020   Data   RO         5723    Region$$Table       anon$$obj.o


    Execution Region RW_IRAM1 (Exec base: 0x20000000, Load base: 0x08003ac4, Size: 0x00001eb8, Max: 0x00020000, ABSOLUTE, COMPRESSED[0x00000084])

    Exec Addr    Load Addr    Size         Type   Attr      Idx    E Section Name        Object

    0x20000000   COMPRESSED   0x00000010   Data   RW         2453    .data               stm32f4xx_rcc.o
    0x20000010   COMPRESSED   0x00000001   Data   RW         4483    .data               usart.o
    0x20000011   COMPRESSED   0x00000003   PAD
    0x20000014   COMPRESSED   0x0000001c   Data   RW         4552    .data               tim.o
    0x20000030   COMPRESSED   0x0000000c   Data   RW         4612    .data               rc.o
    0x2000003c   COMPRESSED   0x00000002   Data   RW         4669    .data               crc.o
    0x2000003e   COMPRESSED   0x00000013   Data   RW         5057    .data               imu_data_decode.o
    0x20000051   COMPRESSED   0x00000003   PAD
    0x20000054   COMPRESSED   0x00000011   Data   RW         5125    .data               packet.o
    0x20000065   COMPRESSED   0x00000003   PAD
    0x20000068   COMPRESSED   0x00000158   Data   RW         5231    .data               referee.o
    0x200001c0   COMPRESSED   0x0000000a   Data   RW         5547    .data               visual communication.o
    0x200001ca   COMPRESSED   0x00000002   PAD
    0x200001cc        -       0x0000002c   Zero   RW         4551    .bss                tim.o
    0x200001f8        -       0x00000038   Zero   RW         4611    .bss                rc.o
    0x20000230        -       0x00000368   Zero   RW         4735    .bss                pid.o
    0x20000598        -       0x00000184   Zero   RW         4834    .bss                can_receive.o
    0x2000071c        -       0x000000a8   Zero   RW         5056    .bss                imu_data_decode.o
    0x200007c4        -       0x000007e4   Zero   RW         5230    .bss                referee.o
    0x20000fa8        -       0x0000000c   Zero   RW         5546    .bss                visual communication.o
    0x20000fb4   COMPRESSED   0x00000004   PAD
    0x20000fb8        -       0x00000f00   Zero   RW            1    STACK               startup_stm32f4xx.o


==============================================================================

Image component sizes


      Code (inc. data)   RO Data    RW Data    ZI Data      Debug   Object Name

       784         44          0          0          0       3670   can.o
      1718        124          0          0        388       7964   can_receive.o
       210         16        770          2          0       4016   crc.o
       520         66          0         19        168       5965   imu_data_decode.o
        64          0          0          0          0     268903   main.o
       140         24          0          0          0     275891   misc.o
       512         40          0         17          0       2940   packet.o
      1168         80          0          0        872       5217   pid.o
       244         36          0          0          0        520   pid_config.o
       884         92          0         12         56       4928   rc.o
      1500         74          0        344       2020      17381   referee.o
        36          8        392          0       3840        836   startup_stm32f4xx.o
      1654         22          0          0          0       7324   stm32f4xx_can.o
       584         40          0          0          0       6532   stm32f4xx_dma.o
       214          0          0          0          0       1707   stm32f4xx_gpio.o
       392         48          0         16          0       5377   stm32f4xx_rcc.o
       220         28          0          0          0       4090   stm32f4xx_tim.o
       636         32          0          0          0       6539   stm32f4xx_usart.o
       340         32          0          0          0       1497   system_stm32f4xx.o
       484         80          0         28         44       3591   tim.o
       780         48          0          1          0       4432   usart.o
       500         58          0         10         12       3792   visual communication.o

    ----------------------------------------------------------------------
     13598        992       1196        460       7404     643112   Object Totals
         0          0         32          0          0          0   (incl. Generated)
        14          0          2         11          4          0   (incl. Padding)

    ----------------------------------------------------------------------

      Code (inc. data)   RO Data    RW Data    ZI Data      Debug   Library Member Name

        86          0          0          0          0          0   __dczerorl2.o
         0          0          0          0          0          0   entry.o
         0          0          0          0          0          0   entry10a.o
         0          0          0          0          0          0   entry11a.o
         4          0          0          0          0          0   entry12b.o
         8          4          0          0          0          0   entry2.o
         4          0          0          0          0          0   entry5.o
         0          0          0          0          0          0   entry7b.o
         0          0          0          0          0          0   entry8b.o
         8          4          0          0          0          0   entry9a.o
        30          0          0          0          0          0   handlers.o
        36          8          0          0          0         68   init.o
        36          0          0          0          0         68   memcpya.o
        36          0          0          0          0        108   memseta.o

    ----------------------------------------------------------------------
       250         16          0          0          0        244   Library Totals
         2          0          0          0          0          0   (incl. Padding)

    ----------------------------------------------------------------------

      Code (inc. data)   RO Data    RW Data    ZI Data      Debug   Library Name

       248         16          0          0          0        244   mc_w.l

    ----------------------------------------------------------------------
       250         16          0          0          0        244   Library Totals

    ----------------------------------------------------------------------

==============================================================================


      Code (inc. data)   RO Data    RW Data    ZI Data      Debug   

     13848       1008       1196        460       7404     633588   Grand Totals
     13848       1008       1196        132       7404     633588   ELF Image Totals (compressed)
     13848       1008       1196        132          0          0   ROM Totals

==============================================================================

    Total RO  Size (Code + RO Data)                15044 (  14.69kB)
    Total RW  Size (RW Data + ZI Data)              7864 (   7.68kB)
    Total ROM Size (Code + RO Data + RW Data)      15176 (  14.82kB)

==============================================================================

