Component: ARM Compiler 5.06 update 7 (build 960) Tool: armlink [4d3601]

==============================================================================

Section Cross References

    startup_stm32f405xx.o(STACK) refers (Special) to heapauxi.o(.text) for __use_two_region_memory
    startup_stm32f405xx.o(HEAP) refers (Special) to heapauxi.o(.text) for __use_two_region_memory
    startup_stm32f405xx.o(RESET) refers (Special) to heapauxi.o(.text) for __use_two_region_memory
    startup_stm32f405xx.o(RESET) refers to startup_stm32f405xx.o(STACK) for __initial_sp
    startup_stm32f405xx.o(RESET) refers to startup_stm32f405xx.o(.text) for Reset_Handler
    startup_stm32f405xx.o(RESET) refers to stm32f4xx_it.o(i.NMI_Handler) for NMI_Handler
    startup_stm32f405xx.o(RESET) refers to stm32f4xx_it.o(i.HardFault_Handler) for HardFault_Handler
    startup_stm32f405xx.o(RESET) refers to stm32f4xx_it.o(i.MemManage_Handler) for MemManage_Handler
    startup_stm32f405xx.o(RESET) refers to stm32f4xx_it.o(i.BusFault_Handler) for BusFault_Handler
    startup_stm32f405xx.o(RESET) refers to stm32f4xx_it.o(i.UsageFault_Handler) for UsageFault_Handler
    startup_stm32f405xx.o(RESET) refers to port.o(.emb_text) for SVC_Handler
    startup_stm32f405xx.o(RESET) refers to stm32f4xx_it.o(i.DebugMon_Handler) for DebugMon_Handler
    startup_stm32f405xx.o(RESET) refers to port.o(i.SysTick_Handler) for SysTick_Handler
    startup_stm32f405xx.o(RESET) refers to stm32f4xx_it.o(i.DMA1_Stream2_IRQHandler) for DMA1_Stream2_IRQHandler
    startup_stm32f405xx.o(RESET) refers to stm32f4xx_it.o(i.DMA1_Stream5_IRQHandler) for DMA1_Stream5_IRQHandler
    startup_stm32f405xx.o(RESET) refers to stm32f4xx_it.o(i.CAN1_TX_IRQHandler) for CAN1_TX_IRQHandler
    startup_stm32f405xx.o(RESET) refers to stm32f4xx_it.o(i.CAN1_RX0_IRQHandler) for CAN1_RX0_IRQHandler
    startup_stm32f405xx.o(RESET) refers to stm32f4xx_it.o(i.TIM3_IRQHandler) for TIM3_IRQHandler
    startup_stm32f405xx.o(RESET) refers to stm32f4xx_it.o(i.USART1_IRQHandler) for USART1_IRQHandler
    startup_stm32f405xx.o(RESET) refers to stm32f4xx_it.o(i.USART2_IRQHandler) for USART2_IRQHandler
    startup_stm32f405xx.o(RESET) refers to stm32f4xx_it.o(i.TIM8_TRG_COM_TIM14_IRQHandler) for TIM8_TRG_COM_TIM14_IRQHandler
    startup_stm32f405xx.o(RESET) refers to stm32f4xx_it.o(i.TIM5_IRQHandler) for TIM5_IRQHandler
    startup_stm32f405xx.o(RESET) refers to stm32f4xx_it.o(i.UART4_IRQHandler) for UART4_IRQHandler
    startup_stm32f405xx.o(RESET) refers to stm32f4xx_it.o(i.UART5_IRQHandler) for UART5_IRQHandler
    startup_stm32f405xx.o(RESET) refers to stm32f4xx_it.o(i.DMA2_Stream2_IRQHandler) for DMA2_Stream2_IRQHandler
    startup_stm32f405xx.o(RESET) refers to stm32f4xx_it.o(i.CAN2_TX_IRQHandler) for CAN2_TX_IRQHandler
    startup_stm32f405xx.o(RESET) refers to stm32f4xx_it.o(i.CAN2_RX0_IRQHandler) for CAN2_RX0_IRQHandler
    startup_stm32f405xx.o(RESET) refers to stm32f4xx_it.o(i.USART6_IRQHandler) for USART6_IRQHandler
    startup_stm32f405xx.o(.text) refers (Special) to heapauxi.o(.text) for __use_two_region_memory
    startup_stm32f405xx.o(.text) refers to system_stm32f4xx.o(i.SystemInit) for SystemInit
    startup_stm32f405xx.o(.text) refers to __main.o(!!!main) for __main
    startup_stm32f405xx.o(.text) refers to startup_stm32f405xx.o(HEAP) for Heap_Mem
    startup_stm32f405xx.o(.text) refers to startup_stm32f405xx.o(STACK) for Stack_Mem
    main.o(i.HAL_TIM_PeriodElapsedCallback) refers to stm32f4xx_hal.o(i.HAL_IncTick) for HAL_IncTick
    main.o(i.HAL_TIM_PeriodElapsedCallback) refers to imu_data_decode.o(i.get_raw_acc) for get_raw_acc
    main.o(i.HAL_TIM_PeriodElapsedCallback) refers to imu_data_decode.o(i.get_raw_gyo) for get_raw_gyo
    main.o(i.HAL_TIM_PeriodElapsedCallback) refers to imu_data_decode.o(i.get_raw_mag) for get_raw_mag
    main.o(i.HAL_TIM_PeriodElapsedCallback) refers to imu_data_decode.o(i.get_eular) for get_eular
    main.o(i.HAL_TIM_PeriodElapsedCallback) refers to imu_data_decode.o(i.get_quat) for get_quat
    main.o(i.HAL_TIM_PeriodElapsedCallback) refers to imu_data_decode.o(i.get_id) for get_id
    main.o(i.HAL_TIM_PeriodElapsedCallback) refers to main.o(.data) for .data
    main.o(i.HAL_TIM_PeriodElapsedCallback) refers to main.o(.bss) for .bss
    main.o(i.SystemClock_Config) refers to rt_memclr_w.o(.text) for __aeabi_memclr4
    main.o(i.SystemClock_Config) refers to stm32f4xx_hal_rcc.o(i.HAL_RCC_OscConfig) for HAL_RCC_OscConfig
    main.o(i.SystemClock_Config) refers to stm32f4xx_hal_rcc.o(i.HAL_RCC_ClockConfig) for HAL_RCC_ClockConfig
    main.o(i.main) refers to stm32f4xx_hal.o(i.HAL_Init) for HAL_Init
    main.o(i.main) refers to main.o(i.SystemClock_Config) for SystemClock_Config
    main.o(i.main) refers to gpio.o(i.MX_GPIO_Init) for MX_GPIO_Init
    main.o(i.main) refers to dma.o(i.MX_DMA_Init) for MX_DMA_Init
    main.o(i.main) refers to can.o(i.MX_CAN1_Init) for MX_CAN1_Init
    main.o(i.main) refers to can.o(i.MX_CAN2_Init) for MX_CAN2_Init
[...]
    CAN2_TX_IRQHandler                       0x08000709   Thumb Code     6  stm32f4xx_it.o(i.CAN2_TX_IRQHandler)
    CAPACITANCE_TASK                         0x08000715   Thumb Code    24  freertos.o(i.CAPACITANCE_TASK)
    CHASSIS_TASK                             0x0800072d   Thumb Code    42  freertos.o(i.CHASSIS_TASK)
    Capacitance_Send                         0x0800075d   Thumb Code    30  super_capacitor.o(i.Capacitance_Send)
    Capacitance_Set_Current                  0x0800077d   Thumb Code    56  super_capacitor.o(i.Capacitance_Set_Current)
    Color_judge                              0x080007b9   Thumb Code    30  visual communication.o(i.Color_judge)
    DMA1_Stream2_IRQHandler                  0x080007dd   Thumb Code     6  stm32f4xx_it.o(i.DMA1_Stream2_IRQHandler)
    DMA1_Stream5_IRQHandler                  0x080007e9   Thumb Code     6  stm32f4xx_it.o(i.DMA1_Stream5_IRQHandler)
    DMA2_Stream2_IRQHandler                  0x080007f5   Thumb Code     6  stm32f4xx_it.o(i.DMA2_Stream2_IRQHandler)
    DebugMon_Handler                         0x0800087d   Thumb Code     2  stm32f4xx_it.o(i.DebugMon_Handler)
    Determine_ID                             0x08000881   Thumb Code   258  referee.o(i.Determine_ID)
    Dial_ReadData                            0x08000989   Thumb Code   106  can_receive.o(i.Dial_ReadData)
    DoublePid_Config                         0x08000a09   Thumb Code    86  pid.o(i.DoublePid_Config)
    Error_Handler                            0x08000a71   Thumb Code     4  main.o(i.Error_Handler)
    Find_Y_AnglePNY                          0x08000a75   Thumb Code   152  chassis_control.o(i.Find_Y_AnglePNY)
    Friction_ReadData                        0x08000b1d   Thumb Code   186  can_receive.o(i.Friction_ReadData)
    Friction_Set_Current                     0x08000bf5   Thumb Code    56  can_receive.o(i.Friction_Set_Current)
    GET_MODOR_DATA                           0x08000c31   Thumb Code    78  can_receive.o(i.GET_MODOR_DATA)
    Get_CRC16_Check_Sum                      0x08000c85   Thumb Code    38  crc8_crc16.o(i.Get_CRC16_Check_Sum)
    Get_CRC8_Check_Sum                       0x08000cb1   Thumb Code    24  crc8_crc16.o(i.Get_CRC8_Check_Sum)
    Get_PTZ                                  0x08000ccd   Thumb Code    36  ptz_communication.o(i.Get_PTZ)
    HAL_CAN_ActivateNotification             0x08000cf5   Thumb Code    36  stm32f4xx_hal_can.o(i.HAL_CAN_ActivateNotification)
    HAL_CAN_AddTxMessage                     0x08000d19   Thumb Code   220  stm32f4xx_hal_can.o(i.HAL_CAN_AddTxMessage)
    HAL_CAN_ConfigFilter                     0x08000df5   Thumb Code   262  stm32f4xx_hal_can.o(i.HAL_CAN_ConfigFilter)
    HAL_CAN_ErrorCallback                    0x08000f01   Thumb Code     2  stm32f4xx_hal_can.o(i.HAL_CAN_ErrorCallback)
    HAL_CAN_GetRxMessage                     0x08000f03   Thumb Code   232  stm32f4xx_hal_can.o(i.HAL_CAN_GetRxMessage)
    HAL_CAN_IRQHandler                       0x08000feb   Thumb Code   508  stm32f4xx_hal_can.o(i.HAL_CAN_IRQHandler)
    HAL_CAN_Init                             0x080011e7   Thumb Code   282  stm32f4xx_hal_can.o(i.HAL_CAN_Init)
    HAL_CAN_MspInit                          0x08001301   Thumb Code   264  can.o(i.HAL_CAN_MspInit)
    HAL_CAN_RxFifo0FullCallback              0x08001421   Thumb Code     2  stm32f4xx_hal_can.o(i.HAL_CAN_RxFifo0FullCallback)
    HAL_CAN_RxFifo0MsgPendingCallback        0x08001423   Thumb Code     2  stm32f4xx_hal_can.o(i.HAL_CAN_RxFifo0MsgPendingCallback)
    HAL_CAN_RxFifo1FullCallback              0x08001425   Thumb Code     2  stm32f4xx_hal_can.o(i.HAL_CAN_RxFifo1FullCallback)
    HAL_CAN_RxFifo1MsgPendingCallback        0x08001427   Thumb Code     2  stm32f4xx_hal_can.o(i.HAL_CAN_RxFifo1MsgPendingCallback)
    HAL_CAN_SleepCallback                    0x08001429   Thumb Code     2  stm32f4xx_hal_can.o(i.HAL_CAN_SleepCallback)
    HAL_CAN_Start                            0x0800142d   Thumb Code    88  stm32f4xx_hal_can.o(i.HAL_CAN_Start)
    HAL_CAN_TxMailbox0AbortCallback          0x08001485   Thumb Code     2  stm32f4xx_hal_can.o(i.HAL_CAN_TxMailbox0AbortCallback)
    HAL_CAN_TxMailbox0CompleteCallback       0x08001487   Thumb Code     2  stm32f4xx_hal_can.o(i.HAL_CAN_TxMailbox0CompleteCallback)
    HAL_CAN_TxMailbox1AbortCallback          0x08001489   Thumb Code     2  stm32f4xx_hal_can.o(i.HAL_CAN_TxMailbox1AbortCallback)
    HAL_CAN_TxMailbox1CompleteCallback       0x0800148b   Thumb Code     2  stm32f4xx_hal_can.o(i.HAL_CAN_TxMailbox1CompleteCallback)
    HAL_CAN_TxMailbox2AbortCallback          0x0800148d   Thumb Code     2  stm32f4xx_hal_can.o(i.HAL_CAN_TxMailbox2AbortCallback)
    HAL_CAN_TxMailbox2CompleteCallback       0x0800148f   Thumb Code     2  stm32f4xx_hal_can.o(i.HAL_CAN_TxMailbox2CompleteCallback)
    HAL_CAN_WakeUpFromRxMsgCallback          0x08001491   Thumb Code     2  stm32f4xx_hal_can.o(i.HAL_CAN_WakeUpFromRxMsgCallback)
    HAL_DMA_Abort                            0x08001493   Thumb Code   146  stm32f4xx_hal_dma.o(i.HAL_DMA_Abort)
    HAL_DMA_Abort_IT                         0x08001525   Thumb Code    36  stm32f4xx_hal_dma.o(i.HAL_DMA_Abort_IT)
    HAL_DMA_IRQHandler                       0x08001549   Thumb Code   412  stm32f4xx_hal_dma.o(i.HAL_DMA_IRQHandler)
    HAL_DMA_Init                             0x080016e9   Thumb Code   206  stm32f4xx_hal_dma.o(i.HAL_DMA_Init)
    HAL_GPIO_Init                            0x080017bd   Thumb Code   450  stm32f4xx_hal_gpio.o(i.HAL_GPIO_Init)
    HAL_GetTick                              0x080019ad   Thumb Code     6  stm32f4xx_hal.o(i.HAL_GetTick)
    HAL_IWDG_Init                            0x080019b9   Thumb Code    90  stm32f4xx_hal_iwdg.o(i.HAL_IWDG_Init)
    HAL_IWDG_Refresh                         0x08001a13   Thumb Code    12  stm32f4xx_hal_iwdg.o(i.HAL_IWDG_Refresh)
    HAL_IncTick                              0x08001a21   Thumb Code    12  stm32f4xx_hal.o(i.HAL_IncTick)
    HAL_Init                                 0x08001a31   Thumb Code    48  stm32f4xx_hal.o(i.HAL_Init)
    HAL_InitTick                             0x08001a65   Thumb Code   132  stm32f4xx_hal_timebase_tim.o(i.HAL_InitTick)
    HAL_MspInit                              0x08001afd   Thumb Code    52  stm32f4xx_hal_msp.o(i.HAL_MspInit)
    HAL_NVIC_EnableIRQ                       0x08001b35   Thumb Code    26  stm32f4xx_hal_cortex.o(i.HAL_NVIC_EnableIRQ)
    HAL_NVIC_SetPriority                     0x08001b51   Thumb Code    60  stm32f4xx_hal_cortex.o(i.HAL_NVIC_SetPriority)
    HAL_NVIC_SetPriorityGrouping             0x08001b91   Thumb Code    26  stm32f4xx_hal_cortex.o(i.HAL_NVIC_SetPriorityGrouping)
    HAL_RCC_ClockConfig                      0x08001bb5   Thumb Code   288  stm32f4xx_hal_rcc.o(i.HAL_RCC_ClockConfig)
    HAL_RCC_GetClockConfig                   0x08001ce9   Thumb Code    54  stm32f4xx_hal_rcc.o(i.HAL_RCC_GetClockConfig)
    HAL_RCC_GetPCLK1Freq                     0x08001d29   Thumb Code    20  stm32f4xx_hal_rcc.o(i.HAL_RCC_GetPCLK1Freq)
    HAL_RCC_GetPCLK2Freq                     0x08001d49   Thumb Code    20  stm32f4xx_hal_rcc.o(i.HAL_RCC_GetPCLK2Freq)
    HAL_RCC_GetSysClockFreq                  0x08001d69   Thumb Code    88  stm32f4xx_hal_rcc.o(i.HAL_RCC_GetSysClockFreq)
    HAL_RCC_OscConfig                        0x08001dcd   Thumb Code   856  stm32f4xx_hal_rcc.o(i.HAL_RCC_OscConfig)
    HAL_TIMEx_BreakCallback                  0x08002139   Thumb Code     2  stm32f4xx_hal_tim_ex.o(i.HAL_TIMEx_BreakCallback)
    HAL_TIMEx_CommutCallback                 0x0800213b   Thumb Code     2  stm32f4xx_hal_tim_ex.o(i.HAL_TIMEx_CommutCallback)
    HAL_TIMEx_MasterConfigSynchronization    0x0800213d   Thumb Code   116  stm32f4xx_hal_tim_ex.o(i.HAL_TIMEx_MasterConfigSynchronization)
    HAL_TIM_Base_Init                        0x080021cd   Thumb Code    90  stm32f4xx_hal_tim.o(i.HAL_TIM_Base_Init)
    HAL_TIM_Base_MspInit                     0x08002229   Thumb Code    86  tim.o(i.HAL_TIM_Base_MspInit)
    HAL_TIM_Base_Start_IT                    0x0800228d   Thumb Code   100  stm32f4xx_hal_tim.o(i.HAL_TIM_Base_Start_IT)
    HAL_TIM_ConfigClockSource                0x0800230d   Thumb Code   220  stm32f4xx_hal_tim.o(i.HAL_TIM_ConfigClockSource)
    HAL_TIM_IC_CaptureCallback               0x080023e9   Thumb Code     2  stm32f4xx_hal_tim.o(i.HAL_TIM_IC_CaptureCallback)
    HAL_TIM_IRQHandler                       0x080023eb   Thumb Code   358  stm32f4xx_hal_tim.o(i.HAL_TIM_IRQHandler)
    HAL_TIM_OC_DelayElapsedCallback          0x08002551   Thumb Code     2  stm32f4xx_hal_tim.o(i.HAL_TIM_OC_DelayElapsedCallback)
    HAL_TIM_PWM_PulseFinishedCallback        0x08002553   Thumb Code     2  stm32f4xx_hal_tim.o(i.HAL_TIM_PWM_PulseFinishedCallback)
    HAL_TIM_PeriodElapsedCallback            0x08002555   Thumb Code    90  main.o(i.HAL_TIM_PeriodElapsedCallback)
    HAL_TIM_TriggerCallback                  0x080025c5   Thumb Code     2  stm32f4xx_hal_tim.o(i.HAL_TIM_TriggerCallback)
    HAL_UARTEx_RxEventCallback               0x080025c7   Thumb Code     2  stm32f4xx_hal_uart.o(i.HAL_UARTEx_RxEventCallback)
    HAL_UART_ErrorCallback                   0x080025c9   Thumb Code     2  stm32f4xx_hal_uart.o(i.HAL_UART_ErrorCallback)
    HAL_UART_IRQHandler                      0x080025cd   Thumb Code   610  stm32f4xx_hal_uart.o(i.HAL_UART_IRQHandler)
    HAL_UART_Init                            0x08002835   Thumb Code    98  stm32f4xx_hal_uart.o(i.HAL_UART_Init)
    HAL_UART_MspInit                         0x08002899   Thumb Code   616  usart.o(i.HAL_UART_MspInit)
    HAL_UART_Receive                         0x08002b31   Thumb Code   192  stm32f4xx_hal_uart.o(i.HAL_UART_Receive)
    HAL_UART_RxCpltCallback                  0x08002bf1   Thumb Code     2  stm32f4xx_hal_uart.o(i.HAL_UART_RxCpltCallback)
    HAL_UART_Transmit                        0x08002bf5   Thumb Code   178  stm32f4xx_hal_uart.o(i.HAL_UART_Transmit)
    HAL_UART_TxCpltCallback                  0x08002ca7   Thumb Code     2  stm32f4xx_hal_uart.o(i.HAL_UART_TxCpltCallback)
    HOLDER_TASK                              0x08002ca9   Thumb Code    42  freertos.o(i.HOLDER_TASK)
    HardFault_Handler                        0x08002cd9   Thumb Code     2  stm32f4xx_it.o(i.HardFault_Handler)
    Holder_ReaData_pitch                     0x08002cdd   Thumb Code    54  can_receive.o(i.Holder_ReaData_pitch)
    Holder_ReaData_yaw                       0x08002d1d   Thumb Code    82  can_receive.o(i.Holder_ReaData_yaw)
    Holder_Set_Current_yaw                   0x08002d81   Thumb Code    56  can_receive.o(i.Holder_Set_Current_yaw)
    Injury_Judgment                          0x08002dbd   Thumb Code    70  referee.o(i.Injury_Judgment)
    Judege_read_data                         0x08002e0d   Thumb Code   508  referee.o(i.Judege_read_data)
    MX_CAN1_Init                             0x08003011   Thumb Code    62  can.o(i.MX_CAN1_Init)
    MX_CAN2_Init                             0x08003059   Thumb Code    62  can.o(i.MX_CAN2_Init)
    MX_DMA_Init                              0x080030a1   Thumb Code    88  dma.o(i.MX_DMA_Init)
    MX_FREERTOS_Init                         0x080030fd   Thumb Code   162  freertos.o(i.MX_FREERTOS_Init)
    MX_GPIO_Init                             0x080031a9   Thumb Code    86  gpio.o(i.MX_GPIO_Init)
    MX_IWDG_Init                             0x08003205   Thumb Code    36  iwdg.o(i.MX_IWDG_Init)
    MX_TIM5_Init                             0x08003231   Thumb Code    94  tim.o(i.MX_TIM5_Init)
    MX_UART4_Init                            0x08003299   Thumb Code    48  usart.o(i.MX_UART4_Init)
    MX_UART5_Init                            0x080032d1   Thumb Code    48  usart.o(i.MX_UART5_Init)
    MX_USART1_UART_Init                      0x08003309   Thumb Code    48  usart.o(i.MX_USART1_UART_Init)
    MX_USART2_UART_Init                      0x08003341   Thumb Code    46  usart.o(i.MX_USART2_UART_Init)
    MX_USART6_UART_Init                      0x0800337d   Thumb Code    48  usart.o(i.MX_USART6_UART_Init)
    MemManage_Handler                        0x080033b5   Thumb Code     2  stm32f4xx_it.o(i.MemManage_Handler)
    Mode_Switch                              0x080033b9   Thumb Code    64  bsp_rc.o(i.Mode_Switch)
    Motor_ReadData                           0x08003401   Thumb Code   594  can_receive.o(i.Motor_ReadData)
    Motor_Set_Current                        0x0800366d   Thumb Code    60  can_receive.o(i.Motor_Set_Current)
    NMI_Handler                              0x080036b1   Thumb Code     2  stm32f4xx_it.o(i.NMI_Handler)
    PID_CascadeCalc                          0x080037ed   Thumb Code    50  pid.o(i.PID_CascadeCalc)
    PTZ_Control                              0x08003821   Thumb Code   646  ptz_communication.o(i.PTZ_Control)
    PTZ_chassis_control                      0x08003ad5   Thumb Code   358  chassis_control.o(i.PTZ_chassis_control)
    PTZ_holder_control                       0x08003c59   Thumb Code   960  holder_control.o(i.PTZ_holder_control)
    PTZ_rifle_control                        0x08004081   Thumb Code   440  rifle.o(i.PTZ_rifle_control)
    Packet_Decode                            0x08004279   Thumb Code   232  packet.o(i.Packet_Decode)
    Packet_DecodeInit                        0x08004365   Thumb Code    18  packet.o(i.Packet_DecodeInit)
    Pid_config                               0x0800437d   Thumb Code    48  pid.o(i.Pid_config)
    Pid_config_dial                          0x080043b9   Thumb Code    48  pid.o(i.Pid_config_dial)
    Pid_config_follow                        0x080043f5   Thumb Code    48  pid.o(i.Pid_config_follow)
    Pid_config_friction                      0x08004435   Thumb Code    48  pid.o(i.Pid_config_friction)
    RC_OFFLINE_TASK                          0x08004471   Thumb Code    36  freertos.o(i.RC_OFFLINE_TASK)
    RC_init                                  0x08004495   Thumb Code    86  bsp_rc.o(i.RC_init)
    REF_Event                                0x080044f9   Thumb Code     8  referee.o(i.REF_Event)
    REF_PTZ_KEY                              0x08004505   Thumb Code     8  referee.o(i.REF_PTZ_KEY)
    REF_PTZ_X                                0x08004511   Thumb Code    12  referee.o(i.REF_PTZ_X)
    REF_PTZ_Y                                0x08004521   Thumb Code    12  referee.o(i.REF_PTZ_Y)
    REF_PTZ_Z                                0x08004531   Thumb Code    12  referee.o(i.REF_PTZ_Z)
    REF_Report_CHAS_MaxPower                 0x08004541   Thumb Code     8  referee.o(i.REF_Report_CHAS_MaxPower)
    REF_Report_RFID_State                    0x0800454d   Thumb Code     8  referee.o(i.REF_Report_RFID_State)
    REF_Report_Shoot_CoolingLimit            0x08004559   Thumb Code     8  referee.o(i.REF_Report_Shoot_CoolingLimit)
    REF_Report_Shooter_Heat                  0x08004565   Thumb Code     8  referee.o(i.REF_Report_Shooter_Heat)
    REF_Report_Shooter_Heat_2                0x08004571   Thumb Code     8  referee.o(i.REF_Report_Shooter_Heat_2)
    REF_Report_robot_ID                      0x0800457d   Thumb Code     8  referee.o(i.REF_Report_robot_ID)
    RIFLE_TASK                               0x08004589   Thumb Code    42  freertos.o(i.RIFLE_TASK)
    RemoteDataProcess                        0x080045b9   Thumb Code   142  bsp_rc.o(i.RemoteDataProcess)
    Remote_control_data_reception            0x08004651   Thumb Code   162  bsp_rc.o(i.Remote_control_data_reception)
    StartDefaultTask                         0x08004711   Thumb Code     8  freertos.o(i.StartDefaultTask)
    SysTick_Handler                          0x08004719   Thumb Code    38  port.o(i.SysTick_Handler)
    SystemClock_Config                       0x08004745   Thumb Code   148  main.o(i.SystemClock_Config)
    SystemInit                               0x080047e1   Thumb Code    12  system_stm32f4xx.o(i.SystemInit)
    TIM3_IRQHandler                          0x080047f1   Thumb Code     6  stm32f4xx_it.o(i.TIM3_IRQHandler)
    TIM5_IRQHandler                          0x080047fd   Thumb Code     6  stm32f4xx_it.o(i.TIM5_IRQHandler)
    TIM8_TRG_COM_TIM14_IRQHandler            0x08004809   Thumb Code     6  stm32f4xx_it.o(i.TIM8_TRG_COM_TIM14_IRQHandler)
    TIM_Base_SetConfig                       0x08004815   Thumb Code   156  stm32f4xx_hal_tim.o(i.TIM_Base_SetConfig)
    TIM_ETR_SetConfig                        0x080048dd   Thumb Code    20  stm32f4xx_hal_tim.o(i.TIM_ETR_SetConfig)
    UART4_IRQHandler                         0x08004949   Thumb Code    16  stm32f4xx_it.o(i.UART4_IRQHandler)
    UART5_IRQHandler                         0x0800495d   Thumb Code    48  stm32f4xx_it.o(i.UART5_IRQHandler)
    USART1_IRQHandler                        0x08004c35   Thumb Code    16  stm32f4xx_it.o(i.USART1_IRQHandler)
    USART2_IRQHandler                        0x08004c49   Thumb Code    16  stm32f4xx_it.o(i.USART2_IRQHandler)
    USART6_IRQHandler                        0x08004c5d   Thumb Code     6  stm32f4xx_it.o(i.USART6_IRQHandler)
    UsageFault_Handler                       0x08004c69   Thumb Code     2  stm32f4xx_it.o(i.UsageFault_Handler)
    VISUAL_SEND_TASK                         0x08004c6d   Thumb Code    24  freertos.o(i.VISUAL_SEND_TASK)
    Verify_CRC16_Check_Sum                   0x08004c85   Thumb Code    54  crc8_crc16.o(i.Verify_CRC16_Check_Sum)
    Verify_CRC8_Check_Sum                    0x08004cc1   Thumb Code    38  crc8_crc16.o(i.Verify_CRC8_Check_Sum)
    Visual_init                              0x08004ce9   Thumb Code    72  visual communication.o(i.Visual_init)
    __ARM_fpclassify                         0x08004d3d   Thumb Code    48  fpclassify.o(i.__ARM_fpclassify)
    __hardfp_cos                             0x08004d91   Thumb Code   180  cos.o(i.__hardfp_cos)
    __hardfp_sin                             0x08004e59   Thumb Code   180  sin.o(i.__hardfp_sin)
    __ieee754_rem_pio2                       0x08004f21   Thumb Code   938  rred.o(i.__ieee754_rem_pio2)
    __kernel_cos                             0x08005359   Thumb Code   322  cos_i.o(i.__kernel_cos)
    __kernel_poly                            0x080054c9   Thumb Code   248  poly.o(i.__kernel_poly)
    __kernel_sin                             0x080055c1   Thumb Code   280  sin_i.o(i.__kernel_sin)
    __mathlib_dbl_infnan                     0x080056f1   Thumb Code    20  dunder.o(i.__mathlib_dbl_infnan)
    __mathlib_dbl_invalid                    0x08005709   Thumb Code    24  dunder.o(i.__mathlib_dbl_invalid)
    __mathlib_dbl_underflow                  0x08005729   Thumb Code    24  dunder.o(i.__mathlib_dbl_underflow)
    can_filter_init                          0x08005749   Thumb Code    80  can_receive.o(i.can_filter_init)
    chassis_adjust                           0x080057a1   Thumb Code    80  chassis_control.o(i.chassis_adjust)
    chassis_control                          0x08005805   Thumb Code   316  chassis_control.o(i.chassis_control)
    chassis_follow                           0x08005961   Thumb Code    68  chassis_control.o(i.chassis_follow)
    chassis_gyro                             0x080059b9   Thumb Code   138  chassis_control.o(i.chassis_gyro)
    fabs                                     0x08005a83   Thumb Code    24  fabs.o(i.fabs)
    get_eular                                0x08005a9d   Thumb Code    12  imu_data_decode.o(i.get_eular)
    get_id                                   0x08005aad   Thumb Code    10  imu_data_decode.o(i.get_id)
    get_moto_offset                          0x08005abd   Thumb Code    12  can_receive.o(i.get_moto_offset)
    get_quat                                 0x08005acd   Thumb Code    14  imu_data_decode.o(i.get_quat)
    get_raw_acc                              0x08005ae1   Thumb Code    16  imu_data_decode.o(i.get_raw_acc)
    get_raw_gyo                              0x08005af5   Thumb Code    14  imu_data_decode.o(i.get_raw_gyo)
    get_raw_mag                              0x08005b09   Thumb Code    16  imu_data_decode.o(i.get_raw_mag)
    get_total_angle                          0x08005b1d   Thumb Code    58  can_receive.o(i.get_total_angle)
    gyro_reset                               0x08005b59   Thumb Code    12  chassis_control.o(i.gyro_reset)
    gyro_stop                                0x08005b69   Thumb Code    16  chassis_control.o(i.gyro_stop)
    holder_control                           0x08005b7d   Thumb Code   312  holder_control.o(i.holder_control)
    holder_limit_set                         0x08005cf1   Thumb Code   110  holder_control.o(i.holder_limit_set)
    imu_data_decode_init                     0x08005d71   Thumb Code    14  imu_data_decode.o(i.imu_data_decode_init)
    main                                     0x08005d89   Thumb Code   144  main.o(i.main)
    offline_contrl_judge                     0x08005e41   Thumb Code    28  bsp_rc.o(i.offline_contrl_judge)
    osDelay                                  0x08005e61   Thumb Code    14  cmsis_os.o(i.osDelay)
    osKernelStart                            0x08005e6f   Thumb Code    10  cmsis_os.o(i.osKernelStart)
    osThreadCreate                           0x08005e79   Thumb Code    84  cmsis_os.o(i.osThreadCreate)
    pid_calculate                            0x08005ecd   Thumb Code   266  pid.o(i.pid_calculate)
    pid_parameter_setting                    0x08005fe5   Thumb Code   230  pid_config.o(i.pid_parameter_setting)
    pvPortMalloc                             0x0800643d   Thumb Code   216  heap_4.o(i.pvPortMalloc)
    pxPortInitialiseStack                    0x08006519   Thumb Code    40  port.o(i.pxPortInitialiseStack)
    referee_IQR                              0x08006545   Thumb Code    66  referee.o(i.referee_IQR)
    referee_init                             0x0800659d   Thumb Code    72  referee.o(i.referee_init)
    rifle_control                            0x080065f1   Thumb Code   298  rifle.o(i.rifle_control)
    sentry_gyro_mode                         0x0800674d   Thumb Code    52  chassis_control.o(i.sentry_gyro_mode)
    sentry_gyro_mode_1                       0x08006789   Thumb Code    52  chassis_control.o(i.sentry_gyro_mode_1)
    translation_L                            0x080067c5   Thumb Code    38  chassis_control.o(i.translation_L)
    uxListRemove                             0x080067f1   Thumb Code    38  list.o(i.uxListRemove)
    vApplicationGetIdleTaskMemory            0x08006819   Thumb Code    16  freertos.o(i.vApplicationGetIdleTaskMemory)
    vListInitialise                          0x0800682d   Thumb Code    22  list.o(i.vListInitialise)
    vListInitialiseItem                      0x08006843   Thumb Code     6  list.o(i.vListInitialiseItem)
    vListInsert                              0x08006849   Thumb Code    48  list.o(i.vListInsert)
    vListInsertEnd                           0x08006879   Thumb Code    24  list.o(i.vListInsertEnd)
    vPortEnterCritical                       0x08006891   Thumb Code    54  port.o(i.vPortEnterCritical)
    vPortExitCritical                        0x080068d1   Thumb Code    34  port.o(i.vPortExitCritical)
    vPortFree                                0x080068f9   Thumb Code    94  heap_4.o(i.vPortFree)
    vPortSetupTimerInterrupt                 0x0800695d   Thumb Code    32  port.o(i.vPortSetupTimerInterrupt)
    vTaskDelay                               0x08006981   Thumb Code    66  tasks.o(i.vTaskDelay)
    vTaskDelayUntil                          0x080069cd   Thumb Code   132  tasks.o(i.vTaskDelayUntil)
    vTaskStartScheduler                      0x08006a59   Thumb Code    90  tasks.o(i.vTaskStartScheduler)
    vTaskSuspendAll                          0x08006ac5   Thumb Code    10  tasks.o(i.vTaskSuspendAll)
    vTaskSwitchContext                       0x08006ad5   Thumb Code    82  tasks.o(i.vTaskSwitchContext)
    visual_HolderControl                     0x08006b31   Thumb Code    58  holder_control.o(i.visual_HolderControl)
    visual_data_receive                      0x08006b7d   Thumb Code    62  visual communication.o(i.visual_data_receive)
    visual_receive                           0x08006bcd   Thumb Code   128  visual communication.o(i.visual_receive)
    visual_sent                              0x08006c59   Thumb Code   144  visual communication.o(i.visual_sent)
    visual_sign_set                          0x08006cf5   Thumb Code    28  visual communication.o(i.visual_sign_set)
    wheel_control                            0x08006d15   Thumb Code   186  chassis_control.o(i.wheel_control)
    xPortStartScheduler                      0x08006ddd   Thumb Code   222  port.o(i.xPortStartScheduler)
    xTaskCreate                              0x08006ed1   Thumb Code    90  tasks.o(i.xTaskCreate)
    xTaskCreateStatic                        0x08006f2b   Thumb Code    86  tasks.o(i.xTaskCreateStatic)
    xTaskGetTickCount                        0x08006f81   Thumb Code     6  tasks.o(i.xTaskGetTickCount)
    xTaskIncrementTick                       0x08006f8d   Thumb Code   194  tasks.o(i.xTaskIncrementTick)
    xTaskResumeAll                           0x08007059   Thumb Code   182  tasks.o(i.xTaskResumeAll)
    __aeabi_dneg                             0x0800711d   Thumb Code     0  basic.o(x$fpl$basic)
    _dneg                                    0x0800711d   Thumb Code     6  basic.o(x$fpl$basic)
    __aeabi_fneg                             0x08007123   Thumb Code     0  basic.o(x$fpl$basic)
    _fneg                                    0x08007123   Thumb Code     6  basic.o(x$fpl$basic)
    _dabs                                    0x08007129   Thumb Code     6  basic.o(x$fpl$basic)
    _fabs                                    0x0800712f   Thumb Code     6  basic.o(x$fpl$basic)
    __aeabi_d2f                              0x08007135   Thumb Code     0  d2f.o(x$fpl$d2f)
    _d2f                                     0x08007135   Thumb Code    98  d2f.o(x$fpl$d2f)
    __aeabi_dadd                             0x08007199   Thumb Code     0  daddsub_clz.o(x$fpl$dadd)
    _dadd                                    0x08007199   Thumb Code   332  daddsub_clz.o(x$fpl$dadd)
    __aeabi_ddiv                             0x080072e9   Thumb Code     0  ddiv.o(x$fpl$ddiv)
    _ddiv                                    0x080072e9   Thumb Code   552  ddiv.o(x$fpl$ddiv)
    __aeabi_d2iz                             0x08007599   Thumb Code     0  dfix.o(x$fpl$dfix)
    _dfix                                    0x08007599   Thumb Code    94  dfix.o(x$fpl$dfix)
    __aeabi_i2d                              0x080075f7   Thumb Code     0  dflt_clz.o(x$fpl$dflt)
    _dflt                                    0x080075f7   Thumb Code    46  dflt_clz.o(x$fpl$dflt)
    __aeabi_ui2d                             0x08007625   Thumb Code     0  dflt_clz.o(x$fpl$dfltu)
    _dfltu                                   0x08007625   Thumb Code    38  dflt_clz.o(x$fpl$dfltu)
    __aeabi_dmul                             0x0800764d   Thumb Code     0  dmul.o(x$fpl$dmul)
    _dmul                                    0x0800764d   Thumb Code   332  dmul.o(x$fpl$dmul)
    __fpl_dnaninf                            0x080077a1   Thumb Code   156  dnaninf.o(x$fpl$dnaninf)
    __fpl_dretinf                            0x0800783d   Thumb Code    12  dretinf.o(x$fpl$dretinf)
    __aeabi_drsub                            0x08007849   Thumb Code     0  daddsub_clz.o(x$fpl$drsb)
    _drsb                                    0x08007849   Thumb Code    22  daddsub_clz.o(x$fpl$drsb)
    __aeabi_dsub                             0x08007861   Thumb Code     0  daddsub_clz.o(x$fpl$dsub)
    _dsub                                    0x08007861   Thumb Code   464  daddsub_clz.o(x$fpl$dsub)
    __aeabi_f2d                              0x08007a35   Thumb Code     0  f2d.o(x$fpl$f2d)
    _f2d                                     0x08007a35   Thumb Code    86  f2d.o(x$fpl$f2d)
    __fpl_fnaninf                            0x08007a8b   Thumb Code   140  fnaninf.o(x$fpl$fnaninf)
    _fp_init                                 0x08007b17   Thumb Code    10  fpinit.o(x$fpl$fpinit)
    __fplib_config_fpu_vfp                   0x08007b1f   Thumb Code     0  fpinit.o(x$fpl$fpinit)
    __fplib_config_pureend_doubles           0x08007b1f   Thumb Code     0  fpinit.o(x$fpl$fpinit)
    __fpl_fretinf                            0x08007b21   Thumb Code    10  fretinf.o(x$fpl$fretinf)
    __I$use$fp                               0x08007b2a   Number         0  usenofp.o(x$fpl$usenofp)
    AHBPrescTable                            0x08007bf8   Data          16  system_stm32f4xx.o(.constdata)
    APBPrescTable                            0x08007c08   Data           8  system_stm32f4xx.o(.constdata)
    CRC8_TAB                                 0x08007c10   Data         256  crc8_crc16.o(.constdata)
    wCRC_Table                               0x08007d10   Data         512  crc8_crc16.o(.constdata)
    Region$$Table$$Base                      0x08008078   Number         0  anon$$obj.o(Region$$Table)
    Region$$Table$$Limit                     0x08008098   Number         0  anon$$obj.o(Region$$Table)
    ID                                       0x20000000   Data           1  main.o(.data)
    Acc                                      0x20000002   Data           6  main.o(.data)
    Gyo                                      0x20000008   Data           6  main.o(.data)
    Mag                                      0x2000000e   Data           6  main.o(.data)
    defaultTaskHandle                        0x20000014   Data           4  freertos.o(.data)
    CHASSISHandle                            0x20000018   Data           4  freertos.o(.data)
    HOLDERHandle                             0x2000001c   Data           4  freertos.o(.data)
    RIFLEHandle                              0x20000020   Data           4  freertos.o(.data)
    RC_OFFLINEHandle                         0x20000024   Data           4  freertos.o(.data)
    CAPACITANCEHandle                        0x20000028   Data           4  freertos.o(.data)
    VISUAL_SENDHandle                        0x2000002c   Data           4  freertos.o(.data)
    uwTickFreq                               0x20000034   Data           1  stm32f4xx_hal.o(.data)
    uwTickPrio                               0x20000038   Data           4  stm32f4xx_hal.o(.data)
    uwTick                                   0x2000003c   Data           4  stm32f4xx_hal.o(.data)
    SystemCoreClock                          0x20000040   Data           4  system_stm32f4xx.o(.data)
    pxCurrentTCB                             0x20000044   Data           4  tasks.o(.data)
    zero_drift_sign                          0x200000ac   Data           1  bsp_rc.o(.data)
    num                                      0x200000ad   Data           1  bsp_rc.o(.data)
    offline_contrl                           0x200000ae   Data           1  bsp_rc.o(.data)
    offline_contrl_sign                      0x200000af   Data           1  bsp_rc.o(.data)
    ROBOT_MODE                               0x200000b0   Data           1  bsp_rc.o(.data)
    actual_ch0                               0x200000b8   Data           2  bsp_rc.o(.data)
    actual_ch1                               0x200000ba   Data           2  bsp_rc.o(.data)
    actual_ch2                               0x200000bc   Data           2  bsp_rc.o(.data)
    actual_ch3                               0x200000be   Data           2  bsp_rc.o(.data)
    rx_data1                                 0x200000c0   Data           8  can_receive.o(.data)
    rx_data2                                 0x200000c8   Data           8  can_receive.o(.data)
    sentry_go_sign                           0x200000e4   Data           1  chassis_control.o(.data)
    gyro_mode_2_num                          0x200000e5   Data           1  chassis_control.o(.data)
    m_1                                      0x200000e6   Data           2  chassis_control.o(.data)
    m_2                                      0x200000e8   Data           2  chassis_control.o(.data)
    m_3                                      0x200000ea   Data           2  chassis_control.o(.data)
    m_4                                      0x200000ec   Data           2  chassis_control.o(.data)
    gyro_speed_num                           0x200000ee   Data           2  chassis_control.o(.data)
    go_num                                   0x200000f0   Data           2  chassis_control.o(.data)
    Vx                                       0x200000f4   Data           4  chassis_control.o(.data)
    Vy                                       0x200000f8   Data           4  chassis_control.o(.data)
    W                                        0x200000fc   Data           4  chassis_control.o(.data)
    Vx_gyro                                  0x20000100   Data           4  chassis_control.o(.data)
    Vy_gyro                                  0x20000104   Data           4  chassis_control.o(.data)
    W_follow                                 0x20000108   Data           4  chassis_control.o(.data)
    PI                                       0x2000010c   Data           4  chassis_control.o(.data)
    Vx_t                                     0x20000110   Data           4  chassis_control.o(.data)
    Vy_t                                     0x20000114   Data           4  chassis_control.o(.data)
    expect_speed_1                           0x20000118   Data           4  chassis_control.o(.data)
    expect_speed_2                           0x2000011c   Data           4  chassis_control.o(.data)
    expect_speed_3                           0x20000120   Data           4  chassis_control.o(.data)
    expect_speed_4                           0x20000124   Data           4  chassis_control.o(.data)
    CRC_INIT                                 0x20000128   Data           2  crc8_crc16.o(.data)
    yaw_limit_sign                           0x2000012c   Data           1  holder_control.o(.data)
    pitch_limit_sign                         0x2000012d   Data           1  holder_control.o(.data)
    turn_back_sign                           0x2000012e   Data           1  holder_control.o(.data)
    h_1                                      0x20000130   Data           2  holder_control.o(.data)
    h_2                                      0x20000132   Data           2  holder_control.o(.data)
    holder_pitch                             0x20000134   Data           4  holder_control.o(.data)
    yaw_limit_L                              0x20000138   Data           4  holder_control.o(.data)
    yaw_limit_R                              0x2000013c   Data           4  holder_control.o(.data)
    yaw_limit_L_set                          0x20000140   Data           4  holder_control.o(.data)
    yaw_limit_R_set                          0x20000144   Data           4  holder_control.o(.data)
    holder_yaw_adjust                        0x20000148   Data           4  holder_control.o(.data)
    holder_yaw                               0x2000014c   Data           4  holder_control.o(.data)
    holder_yaw_set                           0x20000150   Data           4  holder_control.o(.data)
    holder_yaw_set_S                         0x20000154   Data           4  holder_control.o(.data)
    yaw_limit_L_L                            0x20000158   Data           4  holder_control.o(.data)
    yaw_limit_R_R                            0x2000015c   Data           4  holder_control.o(.data)
    launch_sign                              0x20000160   Data           1  rifle.o(.data)
    r_1                                      0x20000162   Data           2  rifle.o(.data)
    r_2                                      0x20000164   Data           2  rifle.o(.data)
    d_1                                      0x20000166   Data           2  rifle.o(.data)
    visual_sign                              0x20000190   Data           1  visual communication.o(.data)
    Enemy_Color                              0x20000191   Data           1  visual communication.o(.data)
    visual_contrl                            0x20000192   Data           2  visual communication.o(.data)
    visual_coefficient                       0x20000194   Data           4  visual communication.o(.data)
    Bullet_velocity                          0x20000198   Data           4  visual communication.o(.data)
    pitch                                    0x2000019c   Data           4  visual communication.o(.data)
    yaw                                      0x200001a0   Data           4  visual communication.o(.data)
    pitch_send                               0x200001a4   Data           4  visual communication.o(.data)
    yaw_send                                 0x200001a8   Data           4  visual communication.o(.data)
    Judge_Data_TF                            0x200001ac   Data           1  referee.o(.data)
    PTZ_GET_SIGN                             0x200001ad   Data           1  referee.o(.data)
    Hurt_Data_Update                         0x200001ae   Data           1  referee.o(.data)
    start                                    0x200001af   Data           1  referee.o(.data)
    Injury_sign                              0x200001b1   Data           1  referee.o(.data)
    Usart1_Clean_IDLE_Flag                   0x200001b8   Data           4  referee.o(.data)
    PTZ_DXCV_SIGN                            0x200001bc   Data           1  ptz_communication.o(.data)
    PTZ_sentry_mode                          0x200001bd   Data           1  ptz_communication.o(.data)
    PTZ_sentry_mode_adnormal                 0x200001be   Data           1  ptz_communication.o(.data)
    PTZ_DXCV_S_T                             0x200001bf   Data           1  ptz_communication.o(.data)
    PTZ_rifle_sign                           0x200001c0   Data           1  ptz_communication.o(.data)
    PTZ_keyboard                             0x200001c1   Data           1  ptz_communication.o(.data)
    PTZ_target_x                             0x200001d0   Data           4  ptz_communication.o(.data)
    PTZ_target_y                             0x200001d4   Data           4  ptz_communication.o(.data)
    PTZ_target_z                             0x200001d8   Data           4  ptz_communication.o(.data)
    Eular                                    0x200001dc   Data          12  main.o(.bss)
    Quat                                     0x200001e8   Data          16  main.o(.bss)
    hcan1                                    0x2000044c   Data          40  can.o(.bss)
    hcan2                                    0x20000474   Data          40  can.o(.bss)
    hiwdg                                    0x2000049c   Data          12  iwdg.o(.bss)
    htim3                                    0x200004a8   Data          72  tim.o(.bss)
    htim5                                    0x200004f0   Data          72  tim.o(.bss)
    huart4                                   0x20000538   Data          68  usart.o(.bss)
    huart5                                   0x2000057c   Data          68  usart.o(.bss)
    huart1                                   0x200005c0   Data          68  usart.o(.bss)
    huart2                                   0x20000604   Data          68  usart.o(.bss)
    huart6                                   0x20000648   Data          68  usart.o(.bss)
    hdma_uart4_rx                            0x2000068c   Data          96  usart.o(.bss)
    hdma_usart1_rx                           0x200006ec   Data          96  usart.o(.bss)
    hdma_usart2_rx                           0x2000074c   Data          96  usart.o(.bss)
    htim14                                   0x200007ac   Data          72  stm32f4xx_hal_timebase_tim.o(.bss)
    RC_CtrlData                              0x200044e4   Data          22  bsp_rc.o(.bss)
    sbus_rx_buffer                           0x200044fa   Data          36  bsp_rc.o(.bss)
    MOTOR_FEEDBACK                           0x20004520   Data          48  can_receive.o(.bss)
    FRICTION_WHEEL                           0x20004550   Data          24  can_receive.o(.bss)
    MOTOR_DATA                               0x20004568   Data         176  can_receive.o(.bss)
    DIAL_MOTOR                               0x20004618   Data          12  can_receive.o(.bss)
    actual_speed                             0x20004624   Data          32  can_receive.o(.bss)
    rifle_data                               0x20004644   Data          24  can_receive.o(.bss)
    HOLDER_FEEDBACK                          0x2000465c   Data          32  can_receive.o(.bss)
    rx_message                               0x2000467c   Data          28  can_receive.o(.bss)
    rx_message2                              0x20004698   Data          28  can_receive.o(.bss)
    Pid                                      0x200046b4   Data         576  pid.o(.bss)
    double_pid                               0x200048f4   Data         296  pid.o(.bss)
    Visual_Data                              0x20004ac4   Data          12  visual communication.o(.bss)
    visual_data                              0x20004ad0   Data          10  visual communication.o(.bss)
    REF                                      0x20004ada   Data         222  referee.o(.bss)
    Judge_Buffer                             0x20004bb8   Data         200  referee.o(.bss)
    __libspace_start                         0x20004c80   Data          96  libspace.o(.bss)
    __temporary_stack_top$libspace           0x20004ce0   Data           0  libspace.o(.bss)



==============================================================================

Memory Map of the image

  Image Entry point : 0x08000189

  Load Region LR_IROM1 (Base: 0x08000000, Size: 0x00008274, Max: 0x00100000, ABSOLUTE, COMPRESSED[0x000080c8])

    Execution Region ER_IROM1 (Exec base: 0x08000000, Load base: 0x08000000, Size: 0x00008098, Max: 0x00100000, ABSOLUTE)

    Exec Addr    Load Addr    Size         Type   Attr      Idx    E Section Name        Object

    0x08000000   0x08000000   0x00000188   Data   RO            3    RESET               startup_stm32f405xx.o
    0x08000188   0x08000188   0x00000008   Code   RO         6005  * !!!main             c_w.l(__main.o)
    0x08000190   0x08000190   0x00000034   Code   RO         6282    !!!scatter          c_w.l(__scatter.o)
    0x080001c4   0x080001c4   0x0000003a   Code   RO         6280    !!dczerorl          c_w.l(__dczerorl.o)
    0x080001fe   0x080001fe   0x00000002   PAD
    0x08000200   0x08000200   0x0000001c   Code   RO         6284    !!handler_zi        c_w.l(__scatter_zi.o)
    0x0800021c   0x0800021c   0x00000002   Code   RO         6151    .ARM.Collect$$libinit$$00000000  c_w.l(libinit.o)
    0x0800021e   0x0800021e   0x00000004   Code   RO         6160    .ARM.Collect$$libinit$$00000001  c_w.l(libinit2.o)
    0x08000222   0x08000222   0x00000000   Code   RO         6163    .ARM.Collect$$libinit$$00000004  c_w.l(libinit2.o)
    0x08000222   0x08000222   0x00000000   Code   RO         6166    .ARM.Collect$$libinit$$0000000A  c_w.l(libinit2.o)
    0x08000222   0x08000222   0x00000000   Code   RO         6168    .ARM.Collect$$libinit$$0000000C  c_w.l(libinit2.o)
    0x08000222   0x08000222   0x00000000   Code   RO         6170    .ARM.Collect$$libinit$$0000000E  c_w.l(libinit2.o)
    0x08000222   0x08000222   0x00000000   Code   RO         6173    .ARM.Collect$$libinit$$00000011  c_w.l(libinit2.o)
    0x08000222   0x08000222   0x00000000   Code   RO         6175    .ARM.Collect$$libinit$$00000013  c_w.l(libinit2.o)
    0x08000222   0x08000222   0x00000000   Code   RO         6177    .ARM.Collect$$libinit$$00000015  c_w.l(libinit2.o)
    0x08000222   0x08000222   0x00000000   Code   RO         6179    .ARM.Collect$$libinit$$00000017  c_w.l(libinit2.o)
    0x08000222   0x08000222   0x00000000   Code   RO         6181    .ARM.Collect$$libinit$$00000019  c_w.l(libinit2.o)
    0x08000222   0x08000222   0x00000000   Code   RO         6183    .ARM.Collect$$libinit$$0000001B  c_w.l(libinit2.o)
    0x08000222   0x08000222   0x00000000   Code   RO         6185    .ARM.Collect$$libinit$$0000001D  c_w.l(libinit2.o)
    0x08000222   0x08000222   0x00000000   Code   RO         6187    .ARM.Collect$$libinit$$0000001F  c_w.l(libinit2.o)
    0x08000222   0x08000222   0x00000000   Code   RO         6189    .ARM.Collect$$libinit$$00000021  c_w.l(libinit2.o)
    0x08000222   0x08000222   0x00000000   Code   RO         6191    .ARM.Collect$$libinit$$00000023  c_w.l(libinit2.o)
    0x08000222   0x08000222   0x00000000   Code   RO         6193    .ARM.Collect$$libinit$$00000025  c_w.l(libinit2.o)
    0x08000222   0x08000222   0x00000000   Code   RO         6197    .ARM.Collect$$libinit$$0000002C  c_w.l(libinit2.o)
    0x08000222   0x08000222   0x00000000   Code   RO         6199    .ARM.Collect$$libinit$$0000002E  c_w.l(libinit2.o)
    0x08000222   0x08000222   0x00000000   Code   RO         6201    .ARM.Collect$$libinit$$00000030  c_w.l(libinit2.o)
    0x08000222   0x08000222   0x00000000   Code   RO         6203    .ARM.Collect$$libinit$$00000032  c_w.l(libinit2.o)
    0x08000222   0x08000222   0x00000002   Code   RO         6204    .ARM.Collect$$libinit$$00000033  c_w.l(libinit2.o)
    0x08000224   0x08000224   0x00000002   Code   RO         6235    .ARM.Collect$$libshutdown$$00000000  c_w.l(libshutdown.o)
    0x08000226   0x08000226   0x00000000   Code   RO         6261    .ARM.Collect$$libshutdown$$00000002  c_w.l(libshutdown2.o)
    0x08000226   0x08000226   0x00000000   Code   RO         6263    .ARM.Collect$$libshutdown$$00000004  c_w.l(libshutdown2.o)
    0x08000226   0x08000226   0x00000000   Code   RO         6265    .ARM.Collect$$libshutdown$$00000006  c_w.l(libshutdown2.o)
    0x08000226   0x08000226   0x00000000   Code   RO         6268    .ARM.Collect$$libshutdown$$00000009  c_w.l(libshutdown2.o)
    0x08000226   0x08000226   0x00000000   Code   RO         6271    .ARM.Collect$$libshutdown$$0000000C  c_w.l(libshutdown2.o)
    0x08000226   0x08000226   0x00000000   Code   RO         6273    .ARM.Collect$$libshutdown$$0000000E  c_w.l(libshutdown2.o)
    0x08000226   0x08000226   0x00000000   Code   RO         6276    .ARM.Collect$$libshutdown$$00000011  c_w.l(libshutdown2.o)
    0x08000226   0x08000226   0x00000002   Code   RO         6277    .ARM.Collect$$libshutdown$$00000012  c_w.l(libshutdown2.o)
    0x08000228   0x08000228   0x00000000   Code   RO         6049    .ARM.Collect$$rtentry$$00000000  c_w.l(__rtentry.o)
    0x08000228   0x08000228   0x00000000   Code   RO         6096    .ARM.Collect$$rtentry$$00000002  c_w.l(__rtentry2.o)
    0x08000228   0x08000228   0x00000006   Code   RO         6108    .ARM.Collect$$rtentry$$00000004  c_w.l(__rtentry4.o)
    0x0800022e   0x0800022e   0x00000000   Code   RO         6098    .ARM.Collect$$rtentry$$00000009  c_w.l(__rtentry2.o)
    0x0800022e   0x0800022e   0x00000004   Code   RO         6099    .ARM.Collect$$rtentry$$0000000A  c_w.l(__rtentry2.o)
    0x08000232   0x08000232   0x00000000   Code   RO         6101    .ARM.Collect$$rtentry$$0000000C  c_w.l(__rtentry2.o)
    0x08000232   0x08000232   0x00000008   Code   RO         6102    .ARM.Collect$$rtentry$$0000000D  c_w.l(__rtentry2.o)
    0x0800023a   0x0800023a   0x00000002   Code   RO         6152    .ARM.Collect$$rtexit$$00000000  c_w.l(rtexit.o)
    0x0800023c   0x0800023c   0x00000000   Code   RO         6208    .ARM.Collect$$rtexit$$00000002  c_w.l(rtexit2.o)
    0x0800023c   0x0800023c   0x00000004   Code   RO         6209    .ARM.Collect$$rtexit$$00000003  c_w.l(rtexit2.o)
    0x08000240   0x08000240   0x00000006   Code   RO         6210    .ARM.Collect$$rtexit$$00000004  c_w.l(rtexit2.o)
    0x08000246   0x08000246   0x00000002   PAD
    0x08000248   0x08000248   0x000000be   Code   RO         4819    .emb_text           port.o
    0x08000306   0x08000306   0x00000002   PAD
    0x08000308   0x08000308   0x00000040   Code   RO            4    .text               startup_stm32f405xx.o
    0x08000348   0x08000348   0x000000ee   Code   RO         5991    .text               c_w.l(lludivv7m.o)
    0x08000436   0x08000436   0x0000008a   Code   RO         5993    .text               c_w.l(rt_memcpy_v6.o)
    0x080004c0   0x080004c0   0x00000064   Code   RO         5995    .text               c_w.l(rt_memcpy_w.o)
    0x08000524   0x08000524   0x00000044   Code   RO         5999    .text               c_w.l(rt_memclr.o)
    0x08000568   0x08000568   0x0000004e   Code   RO         6001    .text               c_w.l(rt_memclr_w.o)
    0x080005b6   0x080005b6   0x00000006   Code   RO         6003    .text               c_w.l(heapauxi.o)
    0x080005bc   0x080005bc   0x00000016   Code   RO         6054    .text               c_w.l(_rserrno.o)
    0x080005d2   0x080005d2   0x00000002   PAD
    0x080005d4   0x080005d4   0x00000008   Code   RO         6115    .text               c_w.l(rt_errno_addr_intlibspace.o)
    0x080005dc   0x080005dc   0x00000008   Code   RO         6135    .text               c_w.l(libspace.o)
    0x080005e4   0x080005e4   0x0000004a   Code   RO         6138    .text               c_w.l(sys_stackheap_outer.o)
    0x0800062e   0x0800062e   0x00000012   Code   RO         6140    .text               c_w.l(exit.o)
    0x08000640   0x08000640   0x0000000c   Code   RO         6205    .text               c_w.l(sys_exit.o)
    0x0800064c   0x0800064c   0x00000002   Code   RO         6224    .text               c_w.l(use_no_semi.o)
    0x0800064e   0x0800064e   0x00000000   Code   RO         6226    .text               c_w.l(indicate_semi.o)
    0x0800064e   0x0800064e   0x00000002   Code   RO          621    i.BusFault_Handler  stm32f4xx_it.o
    0x08000650   0x08000650   0x0000002c   Code   RO          622    i.CAN1_RX0_IRQHandler  stm32f4xx_it.o
    0x0800067c   0x0800067c   0x0000000c   Code   RO          623    i.CAN1_TX_IRQHandler  stm32f4xx_it.o
    0x08000688   0x08000688   0x00000030   Code   RO          624    i.CAN2_RX0_IRQHandler  stm32f4xx_it.o
    0x080006b8   0x080006b8   0x00000050   Code   RO         4988    i.CAN2_Set_Current  can_receive.o
    0x08000708   0x08000708   0x0000000c   Code   RO          625    i.CAN2_TX_IRQHandler  stm32f4xx_it.o
    0x08000714   0x08000714   0x00000018   Code   RO          302    i.CAPACITANCE_TASK  freertos.o
    0x0800072c   0x0800072c   0x00000030   Code   RO          303    i.CHASSIS_TASK      freertos.o
    0x0800075c   0x0800075c   0x0000001e   Code   RO         5924    i.Capacitance_Send  super_capacitor.o
    0x0800077a   0x0800077a   0x00000002   PAD
    0x0800077c   0x0800077c   0x0000003c   Code   RO         5925    i.Capacitance_Set_Current  super_capacitor.o
    0x080007b8   0x080007b8   0x00000024   Code   RO         5652    i.Color_judge       visual communication.o
    0x080007dc   0x080007dc   0x0000000c   Code   RO          626    i.DMA1_Stream2_IRQHandler  stm32f4xx_it.o
    0x080007e8   0x080007e8   0x0000000c   Code   RO          627    i.DMA1_Stream5_IRQHandler  stm32f4xx_it.o
    0x080007f4   0x080007f4   0x0000000c   Code   RO          628    i.DMA2_Stream2_IRQHandler  stm32f4xx_it.o
    0x08000800   0x08000800   0x00000028   Code   RO         1525    i.DMA_CalcBaseAndBitshift  stm32f4xx_hal_dma.o
    0x08000828   0x08000828   0x00000054   Code   RO         1526    i.DMA_CheckFifoParam  stm32f4xx_hal_dma.o
    0x0800087c   0x0800087c   0x00000002   Code   RO          629    i.DebugMon_Handler  stm32f4xx_it.o
    0x0800087e   0x0800087e   0x00000002   PAD
    0x08000880   0x08000880   0x00000108   Code   RO         5716    i.Determine_ID      referee.o
    0x08000988   0x08000988   0x00000080   Code   RO         4989    i.Dial_ReadData     can_receive.o
    0x08000a08   0x08000a08   0x00000068   Code   RO         5382    i.DoublePid_Config  pid.o
    0x08000a70   0x08000a70   0x00000004   Code   RO           13    i.Error_Handler     main.o
    0x08000a74   0x08000a74   0x000000a8   Code   RO         5097    i.Find_Y_AnglePNY   chassis_control.o
    0x08000b1c   0x08000b1c   0x000000d8   Code   RO         4990    i.Friction_ReadData  can_receive.o
    0x08000bf4   0x08000bf4   0x0000003c   Code   RO         4991    i.Friction_Set_Current  can_receive.o
    0x08000c30   0x08000c30   0x00000054   Code   RO         4992    i.GET_MODOR_DATA    can_receive.o
    0x08000c84   0x08000c84   0x0000002c   Code   RO         5262    i.Get_CRC16_Check_Sum  crc8_crc16.o
    0x08000cb0   0x08000cb0   0x0000001c   Code   RO         5263    i.Get_CRC8_Check_Sum  crc8_crc16.o
    0x08000ccc   0x08000ccc   0x00000028   Code   RO         5958    i.Get_PTZ           ptz_communication.o
    0x08000cf4   0x08000cf4   0x00000024   Code   RO          833    i.HAL_CAN_ActivateNotification  stm32f4xx_hal_can.o
    0x08000d18   0x08000d18   0x000000dc   Code   RO          834    i.HAL_CAN_AddTxMessage  stm32f4xx_hal_can.o
    0x08000df4   0x08000df4   0x0000010c   Code   RO          835    i.HAL_CAN_ConfigFilter  stm32f4xx_hal_can.o
    0x08000f00   0x08000f00   0x00000002   Code   RO          838    i.HAL_CAN_ErrorCallback  stm32f4xx_hal_can.o
    0x08000f02   0x08000f02   0x000000e8   Code   RO          841    i.HAL_CAN_GetRxMessage  stm32f4xx_hal_can.o
    0x08000fea   0x08000fea   0x000001fc   Code   RO          845    i.HAL_CAN_IRQHandler  stm32f4xx_hal_can.o
    0x080011e6   0x080011e6   0x0000011a   Code   RO          846    i.HAL_CAN_Init      stm32f4xx_hal_can.o
    0x08001300   0x08001300   0x00000120   Code   RO          405    i.HAL_CAN_MspInit   can.o
    0x08001420   0x08001420   0x00000002   Code   RO          853    i.HAL_CAN_RxFifo0FullCallback  stm32f4xx_hal_can.o
    0x08001422   0x08001422   0x00000002   Code   RO          854    i.HAL_CAN_RxFifo0MsgPendingCallback  stm32f4xx_hal_can.o
    0x08001424   0x08001424   0x00000002   Code   RO          855    i.HAL_CAN_RxFifo1FullCallback  stm32f4xx_hal_can.o
    0x08001426   0x08001426   0x00000002   Code   RO          856    i.HAL_CAN_RxFifo1MsgPendingCallback  stm32f4xx_hal_can.o
    0x08001428   0x08001428   0x00000002   Code   RO          857    i.HAL_CAN_SleepCallback  stm32f4xx_hal_can.o
    0x0800142a   0x0800142a   0x00000002   PAD
    0x0800142c   0x0800142c   0x00000058   Code   RO          858    i.HAL_CAN_Start     stm32f4xx_hal_can.o
    0x08001484   0x08001484   0x00000002   Code   RO          860    i.HAL_CAN_TxMailbox0AbortCallback  stm32f4xx_hal_can.o
    0x08001486   0x08001486   0x00000002   Code   RO          861    i.HAL_CAN_TxMailbox0CompleteCallback  stm32f4xx_hal_can.o
    0x08001488   0x08001488   0x00000002   Code   RO          862    i.HAL_CAN_TxMailbox1AbortCallback  stm32f4xx_hal_can.o
    0x0800148a   0x0800148a   0x00000002   Code   RO          863    i.HAL_CAN_TxMailbox1CompleteCallback  stm32f4xx_hal_can.o
    0x0800148c   0x0800148c   0x00000002   Code   RO          864    i.HAL_CAN_TxMailbox2AbortCallback  stm32f4xx_hal_can.o
    0x0800148e   0x0800148e   0x00000002   Code   RO          865    i.HAL_CAN_TxMailbox2CompleteCallback  stm32f4xx_hal_can.o
    0x08001490   0x08001490   0x00000002   Code   RO          867    i.HAL_CAN_WakeUpFromRxMsgCallback  stm32f4xx_hal_can.o
    0x08001492   0x08001492   0x00000092   Code   RO         1528    i.HAL_DMA_Abort     stm32f4xx_hal_dma.o
    0x08001524   0x08001524   0x00000024   Code   RO         1529    i.HAL_DMA_Abort_IT  stm32f4xx_hal_dma.o
    0x08001548   0x08001548   0x000001a0   Code   RO         1533    i.HAL_DMA_IRQHandler  stm32f4xx_hal_dma.o
    0x080016e8   0x080016e8   0x000000d4   Code   RO         1534    i.HAL_DMA_Init      stm32f4xx_hal_dma.o
    0x080017bc   0x080017bc   0x000001f0   Code   RO         1421    i.HAL_GPIO_Init     stm32f4xx_hal_gpio.o
    0x080019ac   0x080019ac   0x0000000c   Code   RO         1953    i.HAL_GetTick       stm32f4xx_hal.o
    0x080019b8   0x080019b8   0x0000005a   Code   RO         2198    i.HAL_IWDG_Init     stm32f4xx_hal_iwdg.o
    0x08001a12   0x08001a12   0x0000000c   Code   RO         2199    i.HAL_IWDG_Refresh  stm32f4xx_hal_iwdg.o
    0x08001a1e   0x08001a1e   0x00000002   PAD
    0x08001a20   0x08001a20   0x00000010   Code   RO         1959    i.HAL_IncTick       stm32f4xx_hal.o
    0x08001a30   0x08001a30   0x00000034   Code   RO         1960    i.HAL_Init          stm32f4xx_hal.o
    0x08001a64   0x08001a64   0x00000098   Code   RO          793    i.HAL_InitTick      stm32f4xx_hal_timebase_tim.o
    0x08001afc   0x08001afc   0x00000038   Code   RO          769    i.HAL_MspInit       stm32f4xx_hal_msp.o
    0x08001b34   0x08001b34   0x0000001a   Code   RO         1810    i.HAL_NVIC_EnableIRQ  stm32f4xx_hal_cortex.o
    0x08001b4e   0x08001b4e   0x00000002   PAD
    0x08001b50   0x08001b50   0x00000040   Code   RO         1816    i.HAL_NVIC_SetPriority  stm32f4xx_hal_cortex.o
    0x08001b90   0x08001b90   0x00000024   Code   RO         1817    i.HAL_NVIC_SetPriorityGrouping  stm32f4xx_hal_cortex.o
    0x08001bb4   0x08001bb4   0x00000134   Code   RO         1067    i.HAL_RCC_ClockConfig  stm32f4xx_hal_rcc.o
    0x08001ce8   0x08001ce8   0x00000040   Code   RO         1071    i.HAL_RCC_GetClockConfig  stm32f4xx_hal_rcc.o
    0x08001d28   0x08001d28   0x00000020   Code   RO         1074    i.HAL_RCC_GetPCLK1Freq  stm32f4xx_hal_rcc.o
    0x08001d48   0x08001d48   0x00000020   Code   RO         1075    i.HAL_RCC_GetPCLK2Freq  stm32f4xx_hal_rcc.o
    0x08001d68   0x08001d68   0x00000064   Code   RO         1076    i.HAL_RCC_GetSysClockFreq  stm32f4xx_hal_rcc.o
    0x08001dcc   0x08001dcc   0x0000036c   Code   RO         1079    i.HAL_RCC_OscConfig  stm32f4xx_hal_rcc.o
    0x08002138   0x08002138   0x00000002   Code   RO         2934    i.HAL_TIMEx_BreakCallback  stm32f4xx_hal_tim_ex.o
    0x0800213a   0x0800213a   0x00000002   Code   RO         2935    i.HAL_TIMEx_CommutCallback  stm32f4xx_hal_tim_ex.o
    0x0800213c   0x0800213c   0x00000090   Code   RO         2953    i.HAL_TIMEx_MasterConfigSynchronization  stm32f4xx_hal_tim_ex.o
    0x080021cc   0x080021cc   0x0000005a   Code   RO         2230    i.HAL_TIM_Base_Init  stm32f4xx_hal_tim.o
    0x08002226   0x08002226   0x00000002   PAD
    0x08002228   0x08002228   0x00000064   Code   RO          508    i.HAL_TIM_Base_MspInit  tim.o
    0x0800228c   0x0800228c   0x00000080   Code   RO         2235    i.HAL_TIM_Base_Start_IT  stm32f4xx_hal_tim.o
    0x0800230c   0x0800230c   0x000000dc   Code   RO         2239    i.HAL_TIM_ConfigClockSource  stm32f4xx_hal_tim.o
    0x080023e8   0x080023e8   0x00000002   Code   RO         2264    i.HAL_TIM_IC_CaptureCallback  stm32f4xx_hal_tim.o
    0x080023ea   0x080023ea   0x00000166   Code   RO         2278    i.HAL_TIM_IRQHandler  stm32f4xx_hal_tim.o
    0x08002550   0x08002550   0x00000002   Code   RO         2281    i.HAL_TIM_OC_DelayElapsedCallback  stm32f4xx_hal_tim.o
    0x08002552   0x08002552   0x00000002   Code   RO         2308    i.HAL_TIM_PWM_PulseFinishedCallback  stm32f4xx_hal_tim.o
    0x08002554   0x08002554   0x00000070   Code   RO           14    i.HAL_TIM_PeriodElapsedCallback  main.o
    0x080025c4   0x080025c4   0x00000002   Code   RO         2321    i.HAL_TIM_TriggerCallback  stm32f4xx_hal_tim.o
    0x080025c6   0x080025c6   0x00000002   Code   RO         3212    i.HAL_UARTEx_RxEventCallback  stm32f4xx_hal_uart.o
    0x080025c8   0x080025c8   0x00000002   Code   RO         3226    i.HAL_UART_ErrorCallback  stm32f4xx_hal_uart.o
    0x080025ca   0x080025ca   0x00000002   PAD
    0x080025cc   0x080025cc   0x00000268   Code   RO         3229    i.HAL_UART_IRQHandler  stm32f4xx_hal_uart.o
    0x08002834   0x08002834   0x00000062   Code   RO         3230    i.HAL_UART_Init     stm32f4xx_hal_uart.o
    0x08002896   0x08002896   0x00000002   PAD
    0x08002898   0x08002898   0x00000298   Code   RO          556    i.HAL_UART_MspInit  usart.o
    0x08002b30   0x08002b30   0x000000c0   Code   RO         3233    i.HAL_UART_Receive  stm32f4xx_hal_uart.o
    0x08002bf0   0x08002bf0   0x00000002   Code   RO         3236    i.HAL_UART_RxCpltCallback  stm32f4xx_hal_uart.o
    0x08002bf2   0x08002bf2   0x00000002   PAD
    0x08002bf4   0x08002bf4   0x000000b2   Code   RO         3238    i.HAL_UART_Transmit  stm32f4xx_hal_uart.o
    0x08002ca6   0x08002ca6   0x00000002   Code   RO         3241    i.HAL_UART_TxCpltCallback  stm32f4xx_hal_uart.o
    0x08002ca8   0x08002ca8   0x00000030   Code   RO          304    i.HOLDER_TASK       freertos.o
    0x08002cd8   0x08002cd8   0x00000002   Code   RO          630    i.HardFault_Handler  stm32f4xx_it.o
    0x08002cda   0x08002cda   0x00000002   PAD
    0x08002cdc   0x08002cdc   0x00000040   Code   RO         4993    i.Holder_ReaData_pitch  can_receive.o
    0x08002d1c   0x08002d1c   0x00000064   Code   RO         4994    i.Holder_ReaData_yaw  can_receive.o
    0x08002d80   0x08002d80   0x0000003c   Code   RO         4996    i.Holder_Set_Current_yaw  can_receive.o
    0x08002dbc   0x08002dbc   0x00000050   Code   RO         5717    i.Injury_Judgment   referee.o
    0x08002e0c   0x08002e0c   0x00000204   Code   RO         5718    i.Judege_read_data  referee.o
    0x08003010   0x08003010   0x00000048   Code   RO          406    i.MX_CAN1_Init      can.o
    0x08003058   0x08003058   0x00000048   Code   RO          407    i.MX_CAN2_Init      can.o
    0x080030a0   0x080030a0   0x0000005c   Code   RO          453    i.MX_DMA_Init       dma.o
    0x080030fc   0x080030fc   0x000000ac   Code   RO          305    i.MX_FREERTOS_Init  freertos.o
    0x080031a8   0x080031a8   0x0000005c   Code   RO          278    i.MX_GPIO_Init      gpio.o
    0x08003204   0x08003204   0x0000002c   Code   RO          477    i.MX_IWDG_Init      iwdg.o
    0x08003230   0x08003230   0x00000068   Code   RO          510    i.MX_TIM5_Init      tim.o
    0x08003298   0x08003298   0x00000038   Code   RO          557    i.MX_UART4_Init     usart.o
    0x080032d0   0x080032d0   0x00000038   Code   RO          558    i.MX_UART5_Init     usart.o
    0x08003308   0x08003308   0x00000038   Code   RO          559    i.MX_USART1_UART_Init  usart.o
    0x08003340   0x08003340   0x0000003c   Code   RO          560    i.MX_USART2_UART_Init  usart.o
    0x0800337c   0x0800337c   0x00000038   Code   RO          561    i.MX_USART6_UART_Init  usart.o
    0x080033b4   0x080033b4   0x00000002   Code   RO          631    i.MemManage_Handler  stm32f4xx_it.o
    0x080033b6   0x080033b6   0x00000002   PAD
    0x080033b8   0x080033b8   0x00000048   Code   RO         4899    i.Mode_Switch       bsp_rc.o
    0x08003400   0x08003400   0x0000026c   Code   RO         4997    i.Motor_ReadData    can_receive.o
    0x0800366c   0x0800366c   0x00000044   Code   RO         4998    i.Motor_Set_Current  can_receive.o
    0x080036b0   0x080036b0   0x00000002   Code   RO          632    i.NMI_Handler       stm32f4xx_it.o
    0x080036b2   0x080036b2   0x00000002   PAD
    0x080036b4   0x080036b4   0x00000138   Code   RO         5527    i.OnDataReceived    imu_data_decode.o
    0x080037ec   0x080037ec   0x00000032   Code   RO         5383    i.PID_CascadeCalc   pid.o
    0x0800381e   0x0800381e   0x00000002   PAD
    0x08003820   0x08003820   0x000002b4   Code   RO         5959    i.PTZ_Control       ptz_communication.o
    0x08003ad4   0x08003ad4   0x00000184   Code   RO         5099    i.PTZ_chassis_control  chassis_control.o
    0x08003c58   0x08003c58   0x00000428   Code   RO         5321    i.PTZ_holder_control  holder_control.o
    0x08004080   0x08004080   0x000001f8   Code   RO         5476    i.PTZ_rifle_control  rifle.o
    0x08004278   0x08004278   0x000000ec   Code   RO         5597    i.Packet_Decode     packet.o
    0x08004364   0x08004364   0x00000018   Code   RO         5598    i.Packet_DecodeInit  packet.o
    0x0800437c   0x0800437c   0x0000003c   Code   RO         5384    i.Pid_config        pid.o
    0x080043b8   0x080043b8   0x0000003c   Code   RO         5385    i.Pid_config_dial   pid.o
    0x080043f4   0x080043f4   0x00000040   Code   RO         5386    i.Pid_config_follow  pid.o
    0x08004434   0x08004434   0x0000003c   Code   RO         5387    i.Pid_config_friction  pid.o
    0x08004470   0x08004470   0x00000024   Code   RO          306    i.RC_OFFLINE_TASK   freertos.o
    0x08004494   0x08004494   0x00000064   Code   RO         4900    i.RC_init           bsp_rc.o
    0x080044f8   0x080044f8   0x0000000c   Code   RO         5723    i.REF_Event         referee.o
    0x08004504   0x08004504   0x0000000c   Code   RO         5724    i.REF_PTZ_KEY       referee.o
    0x08004510   0x08004510   0x00000010   Code   RO         5725    i.REF_PTZ_X         referee.o
    0x08004520   0x08004520   0x00000010   Code   RO         5726    i.REF_PTZ_Y         referee.o
    0x08004530   0x08004530   0x00000010   Code   RO         5727    i.REF_PTZ_Z         referee.o
    0x08004540   0x08004540   0x0000000c   Code   RO         5728    i.REF_Report_CHAS_MaxPower  referee.o
    0x0800454c   0x0800454c   0x0000000c   Code   RO         5734    i.REF_Report_RFID_State  referee.o
    0x08004558   0x08004558   0x0000000c   Code   RO         5736    i.REF_Report_Shoot_CoolingLimit  referee.o
    0x08004564   0x08004564   0x0000000c   Code   RO         5739    i.REF_Report_Shooter_Heat  referee.o
    0x08004570   0x08004570   0x0000000c   Code   RO         5740    i.REF_Report_Shooter_Heat_2  referee.o
    0x0800457c   0x0800457c   0x0000000c   Code   RO         5741    i.REF_Report_robot_ID  referee.o
    0x08004588   0x08004588   0x00000030   Code   RO          307    i.RIFLE_TASK        freertos.o
    0x080045b8   0x080045b8   0x00000098   Code   RO         4901    i.RemoteDataProcess  bsp_rc.o
    0x08004650   0x08004650   0x000000c0   Code   RO         4902    i.Remote_control_data_reception  bsp_rc.o
    0x08004710   0x08004710   0x00000008   Code   RO          308    i.StartDefaultTask  freertos.o
    0x08004718   0x08004718   0x0000002c   Code   RO         4820    i.SysTick_Handler   port.o
    0x08004744   0x08004744   0x0000009c   Code   RO           15    i.SystemClock_Config  main.o
    0x080047e0   0x080047e0   0x00000010   Code   RO         3559    i.SystemInit        system_stm32f4xx.o
    0x080047f0   0x080047f0   0x0000000c   Code   RO          633    i.TIM3_IRQHandler   stm32f4xx_it.o
    0x080047fc   0x080047fc   0x0000000c   Code   RO          634    i.TIM5_IRQHandler   stm32f4xx_it.o
    0x08004808   0x08004808   0x0000000c   Code   RO          635    i.TIM8_TRG_COM_TIM14_IRQHandler  stm32f4xx_it.o
    0x08004814   0x08004814   0x000000c8   Code   RO         2323    i.TIM_Base_SetConfig  stm32f4xx_hal_tim.o
    0x080048dc   0x080048dc   0x00000014   Code   RO         2334    i.TIM_ETR_SetConfig  stm32f4xx_hal_tim.o
    0x080048f0   0x080048f0   0x00000010   Code   RO         2335    i.TIM_ITRx_SetConfig  stm32f4xx_hal_tim.o
    0x08004900   0x08004900   0x00000022   Code   RO         2341    i.TIM_TI1_ConfigInputStage  stm32f4xx_hal_tim.o
    0x08004922   0x08004922   0x00000024   Code   RO         2343    i.TIM_TI2_ConfigInputStage  stm32f4xx_hal_tim.o
    0x08004946   0x08004946   0x00000002   PAD
    0x08004948   0x08004948   0x00000014   Code   RO          636    i.UART4_IRQHandler  stm32f4xx_it.o
    0x0800495c   0x0800495c   0x00000034   Code   RO          637    i.UART5_IRQHandler  stm32f4xx_it.o
    0x08004990   0x08004990   0x00000010   Code   RO         3243    i.UART_DMAAbortOnError  stm32f4xx_hal_uart.o
    0x080049a0   0x080049a0   0x0000004e   Code   RO         3253    i.UART_EndRxTransfer  stm32f4xx_hal_uart.o
    0x080049ee   0x080049ee   0x000000c0   Code   RO         3255    i.UART_Receive_IT   stm32f4xx_hal_uart.o
    0x08004aae   0x08004aae   0x00000002   PAD
    0x08004ab0   0x08004ab0   0x0000010c   Code   RO         3256    i.UART_SetConfig    stm32f4xx_hal_uart.o
    0x08004bbc   0x08004bbc   0x00000078   Code   RO         3259    i.UART_WaitOnFlagUntilTimeout  stm32f4xx_hal_uart.o
    0x08004c34   0x08004c34   0x00000014   Code   RO          638    i.USART1_IRQHandler  stm32f4xx_it.o
    0x08004c48   0x08004c48   0x00000014   Code   RO          639    i.USART2_IRQHandler  stm32f4xx_it.o
    0x08004c5c   0x08004c5c   0x0000000c   Code   RO          640    i.USART6_IRQHandler  stm32f4xx_it.o
    0x08004c68   0x08004c68   0x00000002   Code   RO          641    i.UsageFault_Handler  stm32f4xx_it.o
    0x08004c6a   0x08004c6a   0x00000002   PAD
    0x08004c6c   0x08004c6c   0x00000018   Code   RO          309    i.VISUAL_SEND_TASK  freertos.o
    0x08004c84   0x08004c84   0x0000003c   Code   RO         5264    i.Verify_CRC16_Check_Sum  crc8_crc16.o
    0x08004cc0   0x08004cc0   0x00000026   Code   RO         5265    i.Verify_CRC8_Check_Sum  crc8_crc16.o
    0x08004ce6   0x08004ce6   0x00000002   PAD
    0x08004ce8   0x08004ce8   0x00000054   Code   RO         5653    i.Visual_init       visual communication.o
    0x08004d3c   0x08004d3c   0x00000030   Code   RO         6131    i.__ARM_fpclassify  m_wm.l(fpclassify.o)
    0x08004d6c   0x08004d6c   0x00000020   Code   RO         1823    i.__NVIC_SetPriority  stm32f4xx_hal_cortex.o
    0x08004d8c   0x08004d8c   0x00000004   PAD
    0x08004d90   0x08004d90   0x000000c8   Code   RO         6025    i.__hardfp_cos      m_wm.l(cos.o)
    0x08004e58   0x08004e58   0x000000c8   Code   RO         6037    i.__hardfp_sin      m_wm.l(sin.o)
    0x08004f20   0x08004f20   0x00000438   Code   RO         6084    i.__ieee754_rem_pio2  m_wm.l(rred.o)
    0x08005358   0x08005358   0x00000170   Code   RO         6067    i.__kernel_cos      m_wm.l(cos_i.o)
    0x080054c8   0x080054c8   0x000000f8   Code   RO         6133    i.__kernel_poly     m_wm.l(poly.o)
    0x080055c0   0x080055c0   0x00000130   Code   RO         6089    i.__kernel_sin      m_wm.l(sin_i.o)
    0x080056f0   0x080056f0   0x00000014   Code   RO         6071    i.__mathlib_dbl_infnan  m_wm.l(dunder.o)
    0x08005704   0x08005704   0x00000004   PAD
    0x08005708   0x08005708   0x00000020   Code   RO         6073    i.__mathlib_dbl_invalid  m_wm.l(dunder.o)
    0x08005728   0x08005728   0x00000020   Code   RO         6076    i.__mathlib_dbl_underflow  m_wm.l(dunder.o)
    0x08005748   0x08005748   0x00000058   Code   RO         4999    i.can_filter_init   can_receive.o
    0x080057a0   0x080057a0   0x00000064   Code   RO         5101    i.chassis_adjust    chassis_control.o
    0x08005804   0x08005804   0x0000015c   Code   RO         5102    i.chassis_control   chassis_control.o
    0x08005960   0x08005960   0x00000058   Code   RO         5105    i.chassis_follow    chassis_control.o
    0x080059b8   0x080059b8   0x0000009c   Code   RO         5106    i.chassis_gyro      chassis_control.o
    0x08005a54   0x08005a54   0x0000002e   Code   RO         5600    i.crc16_update      packet.o
    0x08005a82   0x08005a82   0x00000018   Code   RO         6127    i.fabs              m_wm.l(fabs.o)
    0x08005a9a   0x08005a9a   0x00000002   PAD
    0x08005a9c   0x08005a9c   0x00000010   Code   RO         5528    i.get_eular         imu_data_decode.o
    0x08005aac   0x08005aac   0x00000010   Code   RO         5529    i.get_id            imu_data_decode.o
    0x08005abc   0x08005abc   0x00000010   Code   RO         5000    i.get_moto_offset   can_receive.o
    0x08005acc   0x08005acc   0x00000014   Code   RO         5530    i.get_quat          imu_data_decode.o
    0x08005ae0   0x08005ae0   0x00000014   Code   RO         5531    i.get_raw_acc       imu_data_decode.o
    0x08005af4   0x08005af4   0x00000014   Code   RO         5532    i.get_raw_gyo       imu_data_decode.o
    0x08005b08   0x08005b08   0x00000014   Code   RO         5533    i.get_raw_mag       imu_data_decode.o
    0x08005b1c   0x08005b1c   0x0000003a   Code   RO         5001    i.get_total_angle   can_receive.o
    0x08005b56   0x08005b56   0x00000002   PAD
    0x08005b58   0x08005b58   0x00000010   Code   RO         5107    i.gyro_reset        chassis_control.o
    0x08005b68   0x08005b68   0x00000014   Code   RO         5109    i.gyro_stop         chassis_control.o
    0x08005b7c   0x08005b7c   0x00000174   Code   RO         5322    i.holder_control    holder_control.o
    0x08005cf0   0x08005cf0   0x00000080   Code   RO         5325    i.holder_limit_set  holder_control.o
    0x08005d70   0x08005d70   0x00000018   Code   RO         5534    i.imu_data_decode_init  imu_data_decode.o
    0x08005d88   0x08005d88   0x000000ac   Code   RO           16    i.main              main.o
    0x08005e34   0x08005e34   0x0000000c   Code   RO         4385    i.makeFreeRtosPriority  cmsis_os.o
    0x08005e40   0x08005e40   0x00000020   Code   RO         4903    i.offline_contrl_judge  bsp_rc.o
    0x08005e60   0x08005e60   0x0000000e   Code   RO         4387    i.osDelay           cmsis_os.o
    0x08005e6e   0x08005e6e   0x0000000a   Code   RO         4390    i.osKernelStart     cmsis_os.o
    0x08005e78   0x08005e78   0x00000054   Code   RO         4424    i.osThreadCreate    cmsis_os.o
    0x08005ecc   0x08005ecc   0x00000118   Code   RO         5388    i.pid_calculate     pid.o
    0x08005fe4   0x08005fe4   0x0000010c   Code   RO         5448    i.pid_parameter_setting  pid_config.o
    0x080060f0   0x080060f0   0x00000070   Code   RO         4061    i.prvAddCurrentTaskToDelayedList  tasks.o
    0x08006160   0x08006160   0x000000d0   Code   RO         4062    i.prvAddNewTaskToReadyList  tasks.o
    0x08006230   0x08006230   0x00000034   Code   RO         4063    i.prvDeleteTCB      tasks.o
    0x08006264   0x08006264   0x0000004c   Code   RO         4752    i.prvHeapInit       heap_4.o
    0x080062b0   0x080062b0   0x00000060   Code   RO         4064    i.prvIdleTask       tasks.o
    0x08006310   0x08006310   0x00000098   Code   RO         4065    i.prvInitialiseNewTask  tasks.o
    0x080063a8   0x080063a8   0x0000004c   Code   RO         4753    i.prvInsertBlockIntoFreeList  heap_4.o
    0x080063f4   0x080063f4   0x00000020   Code   RO         4066    i.prvResetNextTaskUnblockTime  tasks.o
    0x08006414   0x08006414   0x00000028   Code   RO         4821    i.prvTaskExitError  port.o
    0x0800643c   0x0800643c   0x000000dc   Code   RO         4754    i.pvPortMalloc      heap_4.o
    0x08006518   0x08006518   0x0000002c   Code   RO         4822    i.pxPortInitialiseStack  port.o
    0x08006544   0x08006544   0x00000058   Code   RO         5744    i.referee_IQR       referee.o
    0x0800659c   0x0800659c   0x00000054   Code   RO         5745    i.referee_init      referee.o
    0x080065f0   0x080065f0   0x0000015c   Code   RO         5477    i.rifle_control     rifle.o
    0x0800674c   0x0800674c   0x0000003c   Code   RO         5110    i.sentry_gyro_mode  chassis_control.o
    0x08006788   0x08006788   0x0000003c   Code   RO         5111    i.sentry_gyro_mode_1  chassis_control.o
    0x080067c4   0x080067c4   0x0000002c   Code   RO         5115    i.translation_L     chassis_control.o
    0x080067f0   0x080067f0   0x00000026   Code   RO         3697    i.uxListRemove      list.o
    0x08006816   0x08006816   0x00000002   PAD
    0x08006818   0x08006818   0x00000014   Code   RO          310    i.vApplicationGetIdleTaskMemory  freertos.o
    0x0800682c   0x0800682c   0x00000016   Code   RO         3698    i.vListInitialise   list.o
    0x08006842   0x08006842   0x00000006   Code   RO         3699    i.vListInitialiseItem  list.o
    0x08006848   0x08006848   0x00000030   Code   RO         3700    i.vListInsert       list.o
    0x08006878   0x08006878   0x00000018   Code   RO         3701    i.vListInsertEnd    list.o
    0x08006890   0x08006890   0x00000040   Code   RO         4824    i.vPortEnterCritical  port.o
    0x080068d0   0x080068d0   0x00000028   Code   RO         4825    i.vPortExitCritical  port.o
    0x080068f8   0x080068f8   0x00000064   Code   RO         4755    i.vPortFree         heap_4.o
    0x0800695c   0x0800695c   0x00000024   Code   RO         4826    i.vPortSetupTimerInterrupt  port.o
    0x08006980   0x08006980   0x0000004c   Code   RO         4075    i.vTaskDelay        tasks.o
    0x080069cc   0x080069cc   0x0000008c   Code   RO         4076    i.vTaskDelayUntil   tasks.o
    0x08006a58   0x08006a58   0x0000006c   Code   RO         4089    i.vTaskStartScheduler  tasks.o
    0x08006ac4   0x08006ac4   0x00000010   Code   RO         4091    i.vTaskSuspendAll   tasks.o
    0x08006ad4   0x08006ad4   0x0000005c   Code   RO         4092    i.vTaskSwitchContext  tasks.o
    0x08006b30   0x08006b30   0x0000004c   Code   RO         5326    i.visual_HolderControl  holder_control.o
    0x08006b7c   0x08006b7c   0x00000050   Code   RO         5654    i.visual_data_receive  visual communication.o
    0x08006bcc   0x08006bcc   0x0000008c   Code   RO         5655    i.visual_receive    visual communication.o
    0x08006c58   0x08006c58   0x0000009c   Code   RO         5656    i.visual_sent       visual communication.o
    0x08006cf4   0x08006cf4   0x00000020   Code   RO         5657    i.visual_sign_set   visual communication.o
    0x08006d14   0x08006d14   0x000000c8   Code   RO         5118    i.wheel_control     chassis_control.o
    0x08006ddc   0x08006ddc   0x000000f4   Code   RO         4828    i.xPortStartScheduler  port.o
    0x08006ed0   0x08006ed0   0x0000005a   Code   RO         4095    i.xTaskCreate       tasks.o
    0x08006f2a   0x08006f2a   0x00000056   Code   RO         4096    i.xTaskCreateStatic  tasks.o
    0x08006f80   0x08006f80   0x0000000c   Code   RO         4101    i.xTaskGetTickCount  tasks.o
    0x08006f8c   0x08006f8c   0x000000cc   Code   RO         4103    i.xTaskIncrementTick  tasks.o
    0x08007058   0x08007058   0x000000c4   Code   RO         4109    i.xTaskResumeAll    tasks.o
    0x0800711c   0x0800711c   0x00000018   Code   RO         6056    x$fpl$basic         fz_wm.l(basic.o)
    0x08007134   0x08007134   0x00000062   Code   RO         6007    x$fpl$d2f           fz_wm.l(d2f.o)
    0x08007196   0x08007196   0x00000002   PAD
    0x08007198   0x08007198   0x00000150   Code   RO         6009    x$fpl$dadd          fz_wm.l(daddsub_clz.o)
    0x080072e8   0x080072e8   0x000002b0   Code   RO         6118    x$fpl$ddiv          fz_wm.l(ddiv.o)
    0x08007598   0x08007598   0x0000005e   Code   RO         6121    x$fpl$dfix          fz_wm.l(dfix.o)
    0x080075f6   0x080075f6   0x0000002e   Code   RO         6016    x$fpl$dflt          fz_wm.l(dflt_clz.o)
    0x08007624   0x08007624   0x00000026   Code   RO         6015    x$fpl$dfltu         fz_wm.l(dflt_clz.o)
    0x0800764a   0x0800764a   0x00000002   PAD
    0x0800764c   0x0800764c   0x00000154   Code   RO         6021    x$fpl$dmul          fz_wm.l(dmul.o)
    0x080077a0   0x080077a0   0x0000009c   Code   RO         6058    x$fpl$dnaninf       fz_wm.l(dnaninf.o)
    0x0800783c   0x0800783c   0x0000000c   Code   RO         6060    x$fpl$dretinf       fz_wm.l(dretinf.o)
    0x08007848   0x08007848   0x00000016   Code   RO         6010    x$fpl$drsb          fz_wm.l(daddsub_clz.o)
    0x0800785e   0x0800785e   0x00000002   PAD
    0x08007860   0x08007860   0x000001d4   Code   RO         6011    x$fpl$dsub          fz_wm.l(daddsub_clz.o)
    0x08007a34   0x08007a34   0x00000056   Code   RO         6023    x$fpl$f2d           fz_wm.l(f2d.o)
    0x08007a8a   0x08007a8a   0x0000008c   Code   RO         6062    x$fpl$fnaninf       fz_wm.l(fnaninf.o)
    0x08007b16   0x08007b16   0x0000000a   Code   RO         6220    x$fpl$fpinit        fz_wm.l(fpinit.o)
    0x08007b20   0x08007b20   0x0000000a   Code   RO         6064    x$fpl$fretinf       fz_wm.l(fretinf.o)
    0x08007b2a   0x08007b2a   0x00000000   Code   RO         6066    x$fpl$usenofp       fz_wm.l(usenofp.o)
    0x08007b2a   0x08007b2a   0x00000002   PAD
    0x08007b2c   0x08007b2c   0x000000c4   Data   RO          312    .constdata          freertos.o
    0x08007bf0   0x08007bf0   0x00000008   Data   RO         1540    .constdata          stm32f4xx_hal_dma.o
    0x08007bf8   0x08007bf8   0x00000010   Data   RO         3560    .constdata          system_stm32f4xx.o
    0x08007c08   0x08007c08   0x00000008   Data   RO         3561    .constdata          system_stm32f4xx.o
    0x08007c10   0x08007c10   0x00000300   Data   RO         5267    .constdata          crc8_crc16.o
    0x08007f10   0x08007f10   0x00000030   Data   RO         6068    .constdata          m_wm.l(cos_i.o)
    0x08007f40   0x08007f40   0x000000c8   Data   RO         6086    .constdata          m_wm.l(rred.o)
    0x08008008   0x08008008   0x00000028   Data   RO         6090    .constdata          m_wm.l(sin_i.o)
    0x08008030   0x08008030   0x00000048   Data   RO          313    .conststring        freertos.o
    0x08008078   0x08008078   0x00000020   Data   RO         6278    Region$$Table       anon$$obj.o


    Execution Region RW_IRAM1 (Exec base: 0x20000000, Load base: 0x08008098, Size: 0x000052e0, Max: 0x0001c000, ABSOLUTE, COMPRESSED[0x00000030])

    Exec Addr    Load Addr    Size         Type   Attr      Idx    E Section Name        Object

    0x20000000   COMPRESSED   0x00000014   Data   RW           18    .data               main.o
    0x20000014   COMPRESSED   0x0000001c   Data   RW          314    .data               freertos.o
    0x20000030   COMPRESSED   0x00000004   Data   RW          409    .data               can.o
    0x20000034   COMPRESSED   0x0000000c   Data   RW         1967    .data               stm32f4xx_hal.o
    0x20000040   COMPRESSED   0x00000004   Data   RW         3562    .data               system_stm32f4xx.o
    0x20000044   COMPRESSED   0x0000003c   Data   RW         4112    .data               tasks.o
    0x20000080   COMPRESSED   0x00000020   Data   RW         4761    .data               heap_4.o
    0x200000a0   COMPRESSED   0x0000000c   Data   RW         4829    .data               port.o
    0x200000ac   COMPRESSED   0x00000014   Data   RW         4906    .data               bsp_rc.o
    0x200000c0   COMPRESSED   0x00000018   Data   RW         5003    .data               can_receive.o
    0x200000d8   COMPRESSED   0x00000050   Data   RW         5119    .data               chassis_control.o
    0x20000128   COMPRESSED   0x00000002   Data   RW         5268    .data               crc8_crc16.o
    0x2000012a   COMPRESSED   0x00000002   PAD
    0x2000012c   COMPRESSED   0x00000034   Data   RW         5327    .data               holder_control.o
    0x20000160   COMPRESSED   0x00000008   Data   RW         5480    .data               rifle.o
    0x20000168   COMPRESSED   0x00000014   Data   RW         5536    .data               imu_data_decode.o
    0x2000017c   COMPRESSED   0x00000014   Data   RW         5601    .data               packet.o
    0x20000190   COMPRESSED   0x0000001c   Data   RW         5659    .data               visual communication.o
    0x200001ac   COMPRESSED   0x00000010   Data   RW         5748    .data               referee.o
    0x200001bc   COMPRESSED   0x00000020   Data   RW         5960    .data               ptz_communication.o
    0x200001dc        -       0x0000001c   Zero   RW           17    .bss                main.o
    0x200001f8        -       0x00000254   Zero   RW          311    .bss                freertos.o
    0x2000044c        -       0x00000050   Zero   RW          408    .bss                can.o
    0x2000049c        -       0x0000000c   Zero   RW          478    .bss                iwdg.o
    0x200004a8        -       0x00000090   Zero   RW          511    .bss                tim.o
    0x20000538        -       0x00000274   Zero   RW          562    .bss                usart.o
    0x200007ac        -       0x00000048   Zero   RW          796    .bss                stm32f4xx_hal_timebase_tim.o
    0x200007f4        -       0x000000f0   Zero   RW         4111    .bss                tasks.o
    0x200008e4        -       0x00003c00   Zero   RW         4760    .bss                heap_4.o
    0x200044e4        -       0x0000003a   Zero   RW         4905    .bss                bsp_rc.o
    0x2000451e   COMPRESSED   0x00000002   PAD
    0x20004520        -       0x00000194   Zero   RW         5002    .bss                can_receive.o
    0x200046b4        -       0x00000368   Zero   RW         5389    .bss                pid.o
    0x20004a1c        -       0x000000a8   Zero   RW         5535    .bss                imu_data_decode.o
    0x20004ac4        -       0x00000016   Zero   RW         5658    .bss                visual communication.o
    0x20004ada        -       0x000001a6   Zero   RW         5746    .bss                referee.o
    0x20004c80        -       0x00000060   Zero   RW         6136    .bss                c_w.l(libspace.o)
    0x20004ce0        -       0x00000200   Zero   RW            2    HEAP                startup_stm32f405xx.o
    0x20004ee0        -       0x00000400   Zero   RW            1    STACK               startup_stm32f405xx.o


    Execution Region RW_IRAM2 (Exec base: 0x2001c000, Load base: 0x080080c8, Size: 0x00000000, Max: 0x00004000, ABSOLUTE)

    **** No section assigned to this execution region ****


==============================================================================

Image component sizes


      Code (inc. data)   RO Data    RW Data    ZI Data      Debug   Object Name

       548         66          0         20         58       5081   bsp_rc.o
       432         44          0          4         80       2470   can.o
      1642        144          0         24        404      11189   can_receive.o
      1648        180          0         80          0      10497   chassis_control.o
       120          0          0          0          0      23225   cmsis_os.o
       170         16        768          2          0       3691   crc8_crc16.o
        92          4          0          0          0        814   dma.o
         0          0          0          0          0      16852   event_groups.o
       428         32        268         28        596       9377   freertos.o
        92          6          0          0          0        895   gpio.o
       472         24          0         32      15360       7363   heap_4.o
      1640        200          0         52          0       4123   holder_control.o
       448         54          0         20        168       5837   imu_data_decode.o
        44          8          0          0         12        711   iwdg.o
       138          0          0          0          0       3498   list.o
       444         58          0         20         28     692028   main.o
       306         18          0         20          0       2880   packet.o
       678         84          0          0        872       5911   pid.o
       268         38          0          0          0        592   pid_config.o
       702         72          0         12          0      10908   port.o
       732         50          0         32          0       2485   ptz_communication.o
      1176        114          0         16        422      20424   referee.o
       852        114          0          8          0       2134   rifle.o
        64         26        392          0       1536        836   startup_stm32f405xx.o
        80         14          0         12          0       8042   stm32f4xx_hal.o
      1660          6          0          0          0      14687   stm32f4xx_hal_can.o
       158         14          0          0          0      33122   stm32f4xx_hal_cortex.o
       934         16          8          0          0       5567   stm32f4xx_hal_dma.o
       496         46          0          0          0       1516   stm32f4xx_hal_gpio.o
       102          0          0          0          0       1863   stm32f4xx_hal_iwdg.o
        56          4          0          0          0        854   stm32f4xx_hal_msp.o
      1412         86          0          0          0       5845   stm32f4xx_hal_rcc.o
      1110         72          0          0          0      10061   stm32f4xx_hal_tim.o
       148         28          0          0          0       2425   stm32f4xx_hal_tim_ex.o
       152         20          0          0         72       1460   stm32f4xx_hal_timebase_tim.o
      1766         16          0          0          0      11631   stm32f4xx_hal_uart.o
       324         94          0          0          0      11104   stm32f4xx_it.o
         0          0          0          0          0        384   stream_buffer.o
        90          4          0          0          0       1289   super_capacitor.o
        16          4         24          4          0       1103   system_stm32f4xx.o
      1672        126          0         60        240      21056   tasks.o
       204         24          0          0        144       1764   tim.o
       948         94          0          0        628       4770   usart.o
       528         64          0         28         22       4972   visual communication.o

    ----------------------------------------------------------------------
     25036       2084       1492        476      20644     987336   Object Totals
         0          0         32          0          0          0   (incl. Generated)
        44          0          0          2          2          0   (incl. Padding)

    ----------------------------------------------------------------------

      Code (inc. data)   RO Data    RW Data    ZI Data      Debug   Library Member Name

        58          0          0          0          0          0   __dczerorl.o
         8          0          0          0          0         68   __main.o
         0          0          0          0          0          0   __rtentry.o
        12          0          0          0          0          0   __rtentry2.o
         6          0          0          0          0          0   __rtentry4.o
        52          8          0          0          0          0   __scatter.o
        28          0          0          0          0          0   __scatter_zi.o
        22          0          0          0          0        100   _rserrno.o
        18          0          0          0          0         80   exit.o
         6          0          0          0          0        152   heapauxi.o
         0          0          0          0          0          0   indicate_semi.o
         2          0          0          0          0          0   libinit.o
         6          0          0          0          0          0   libinit2.o
         2          0          0          0          0          0   libshutdown.o
         2          0          0          0          0          0   libshutdown2.o
         8          4          0          0         96         68   libspace.o
       238          0          0          0          0        100   lludivv7m.o
         8          4          0          0          0         68   rt_errno_addr_intlibspace.o
        68          0          0          0          0         68   rt_memclr.o
        78          0          0          0          0         80   rt_memclr_w.o
       138          0          0          0          0         68   rt_memcpy_v6.o
       100          0          0          0          0         80   rt_memcpy_w.o
         2          0          0          0          0          0   rtexit.o
        10          0          0          0          0          0   rtexit2.o
        12          4          0          0          0         68   sys_exit.o
        74          0          0          0          0         80   sys_stackheap_outer.o
         2          0          0          0          0         68   use_no_semi.o
        24          0          0          0          0        164   basic.o
        98          4          0          0          0        140   d2f.o
       826         16          0          0          0        492   daddsub_clz.o
       688        140          0          0          0        256   ddiv.o
        94          4          0          0          0        140   dfix.o
        84          0          0          0          0        232   dflt_clz.o
       340         12          0          0          0        152   dmul.o
       156          4          0          0          0        140   dnaninf.o
        12          0          0          0          0        116   dretinf.o
        86          4          0          0          0        132   f2d.o
       140          4          0          0          0        132   fnaninf.o
        10          0          0          0          0        116   fpinit.o
        10          0          0          0          0        116   fretinf.o
         0          0          0          0          0          0   usenofp.o
       200         20          0          0          0        164   cos.o
       368         46         48          0          0        200   cos_i.o
        84         16          0          0          0        372   dunder.o
        24          0          0          0          0        124   fabs.o
        48          0          0          0          0        124   fpclassify.o
       248          0          0          0          0        152   poly.o
      1080        142        200          0          0        188   rred.o
       200         20          0          0          0        164   sin.o
       304         24         40          0          0        208   sin_i.o

    ----------------------------------------------------------------------
      6104        476        288          0         96       5172   Library Totals
        20          0          0          0          0          0   (incl. Padding)

    ----------------------------------------------------------------------

      Code (inc. data)   RO Data    RW Data    ZI Data      Debug   Library Name

       960         20          0          0         96       1148   c_w.l
      2568        188          0          0          0       2328   fz_wm.l
      2556        268        288          0          0       1696   m_wm.l

    ----------------------------------------------------------------------
      6104        476        288          0         96       5172   Library Totals

    ----------------------------------------------------------------------

==============================================================================


      Code (inc. data)   RO Data    RW Data    ZI Data      Debug   

     31140       2560       1780        476      20740     966788   Grand Totals
     31140       2560       1780         48      20740     966788   ELF Image Totals (compressed)
     31140       2560       1780         48          0          0   ROM Totals

==============================================================================

    Total RO  Size (Code + RO Data)                32920 (  32.15kB)
    Total RW  Size (RW Data + ZI Data)             21216 (  20.72kB)
    Total ROM Size (Code + RO Data + RW Data)      32968 (  32.20kB)

==============================================================================

